
 Start         Length     Name                   Class
 0001:00401000 0007548CH .text                   CODE
 0002:00477000 00000C68H .itext                  ICODE
 0003:00478000 000027F0H .data                   DATA
 0004:0047B000 00008934H .bss                    BSS
 0005:00000000 00000034H .tls                    TLS


Detailed map of segments

 0001:00000000 000058A5 C=CODE     S=.text    G=(none)   M=System   ACBP=A9
 0001:000058A8 00000105 C=CODE     S=.text    G=(none)   M=SysInit  ACBP=A9
 0001:000059B0 00000058 C=CODE     S=.text    G=(none)   M=Types    ACBP=A9
 0001:00005A08 00000CBC C=CODE     S=.text    G=(none)   M=Windows  ACBP=A9
 0001:000066C4 00000021 C=CODE     S=.text    G=(none)   M=ActiveX  ACBP=A9
 0001:000066E8 000001C8 C=CODE     S=.text    G=(none)   M=CommCtrl ACBP=A9
 0001:000068B0 000001EC C=CODE     S=.text    G=(none)   M=ShlObj   ACBP=A9
 0001:00006A9C 00004777 C=CODE     S=.text    G=(none)   M=FastMM4  ACBP=A9
 0001:0000B214 00000308 C=CODE     S=.text    G=(none)   M=SysConst ACBP=A9
 0001:0000B51C 00007671 C=CODE     S=.text    G=(none)   M=SysUtils ACBP=A9
 0001:00012B90 000007EE C=CODE     S=.text    G=(none)   M=VarUtils ACBP=A9
 0001:00013380 00002990 C=CODE     S=.text    G=(none)   M=Variants ACBP=A9
 0001:00015D10 00000110 C=CODE     S=.text    G=(none)   M=RTLConsts ACBP=A9
 0001:00015E20 000008DB C=CODE     S=.text    G=(none)   M=TypInfo  ACBP=A9
 0001:000166FC 0000A6A5 C=CODE     S=.text    G=(none)   M=Classes  ACBP=A9
 0001:00020DA4 00000191 C=CODE     S=.text    G=(none)   M=Contnrs  ACBP=A9
 0001:00020F38 0000125E C=CODE     S=.text    G=(none)   M=HelpIntfs ACBP=A9
 0001:00022198 00000772 C=CODE     S=.text    G=(none)   M=MultiMon ACBP=A9
 0001:0002290C 000002E8 C=CODE     S=.text    G=(none)   M=Consts   ACBP=A9
 0001:00022BF4 00001169 C=CODE     S=.text    G=(none)   M=IniFiles ACBP=A9
 0001:00023D60 000007C1 C=CODE     S=.text    G=(none)   M=Registry ACBP=A9
 0001:00024524 000090BE C=CODE     S=.text    G=(none)   M=Graphics ACBP=A9
 0001:0002D5E4 0000016A C=CODE     S=.text    G=(none)   M=SyncObjs ACBP=A9
 0001:0002D750 00000BB9 C=CODE     S=.text    G=(none)   M=UxTheme  ACBP=A9
 0001:0002E30C 00000194 C=CODE     S=.text    G=(none)   M=DwmApi   ACBP=A9
 0001:0002E4A0 00004961 C=CODE     S=.text    G=(none)   M=StdCtrls ACBP=A9
 0001:00032E04 0000003A C=CODE     S=.text    G=(none)   M=Printers ACBP=A9
 0001:00032E40 00000006 C=CODE     S=.text    G=(none)   M=CommDlg  ACBP=A9
 0001:00032E48 00000047 C=CODE     S=.text    G=(none)   M=WideStrUtils ACBP=A9
 0001:00032E90 000000B0 C=CODE     S=.text    G=(none)   M=StrUtils ACBP=A9
 0001:00032F40 00000D76 C=CODE     S=.text    G=(none)   M=GraphUtil ACBP=A9
 0001:00033CB8 0000100A C=CODE     S=.text    G=(none)   M=ExtCtrls ACBP=A9
 0001:00034CC4 00005C0C C=CODE     S=.text    G=(none)   M=Dialogs  ACBP=A9
 0001:0003A8D0 0000003A C=CODE     S=.text    G=(none)   M=Clipbrd  ACBP=A9
 0001:0003A90C 0000012D C=CODE     S=.text    G=(none)   M=StdActns ACBP=A9
 0001:0003AA3C 0000030E C=CODE     S=.text    G=(none)   M=FlatSB   ACBP=A9
 0001:0003AD4C 00000C4A C=CODE     S=.text    G=(none)   M=Themes   ACBP=A9
 0001:0003B998 00006A81 C=CODE     S=.text    G=(none)   M=Menus    ACBP=A9
 0001:0004241C 00013F48 C=CODE     S=.text    G=(none)   M=Controls ACBP=A9
 0001:00056364 000016B5 C=CODE     S=.text    G=(none)   M=ImgList  ACBP=A9
 0001:00057A1C 00001332 C=CODE     S=.text    G=(none)   M=ActnList ACBP=A9
 0001:00058D50 0000F154 C=CODE     S=.text    G=(none)   M=Forms    ACBP=A9
 0001:00067EA4 000000CD C=CODE     S=.text    G=(none)   M=Buttons  ACBP=A9
 0001:00067F74 0000007C C=CODE     S=.text    G=(none)   M=ExtDlgs  ACBP=A9
 0001:00067FF0 00000062 C=CODE     S=.text    G=(none)   M=Mapi     ACBP=A9
 0001:00068054 0000004D C=CODE     S=.text    G=(none)   M=ExtActns ACBP=A9
 0001:000680A4 00001E5C C=CODE     S=.text    G=(none)   M=ComCtrls ACBP=A9
 0001:00069F00 00001A0E C=CODE     S=.text    G=(none)   M=CheckLst ACBP=A9
 0001:0006B910 00000056 C=CODE     S=.text    G=(none)   M=uLibMySQL ACBP=A9
 0001:0006B968 00000057 C=CODE     S=.text    G=(none)   M=IdSysBase ACBP=A9
 0001:0006B9C0 00000872 C=CODE     S=.text    G=(none)   M=IdSysVCL ACBP=A9
 0001:0006C234 00000066 C=CODE     S=.text    G=(none)   M=IdSysNativeVCL ACBP=A9
 0001:0006C29C 000001C0 C=CODE     S=.text    G=(none)   M=IdResourceStrings ACBP=A9
 0001:0006C45C 00000208 C=CODE     S=.text    G=(none)   M=IdException ACBP=A9
 0001:0006C664 00000060 C=CODE     S=.text    G=(none)   M=IdSysWin32 ACBP=A9
 0001:0006C6C4 00000AE7 C=CODE     S=.text    G=(none)   M=IdGlobal ACBP=A9
 0001:0006D1AC 00002556 C=CODE     S=.text    G=(none)   M=IdWinSock2 ACBP=A9
 0001:0006F704 000001CD C=CODE     S=.text    G=(none)   M=IdWship6 ACBP=A9
 0001:0006F8D4 00000F79 C=CODE     S=.text    G=(none)   M=IdStackBSDBase ACBP=A9
 0001:00070850 000022BA C=CODE     S=.text    G=(none)   M=IdStackWindows ACBP=A9
 0001:00072B0C 00000DDE C=CODE     S=.text    G=(none)   M=IdStack  ACBP=A9
 0001:000738EC 00000094 C=CODE     S=.text    G=(none)   M=IdComponent ACBP=A9
 0001:00073980 0000008C C=CODE     S=.text    G=(none)   M=uData    ACBP=A9
 0001:00073A0C 00000A47 C=CODE     S=.text    G=(none)   M=uSQL_Func ACBP=A9
 0001:00074454 000000E3 C=CODE     S=.text    G=(none)   M=uFileFunction ACBP=A9
 0001:00074538 00000C04 C=CODE     S=.text    G=(none)   M=uRestore ACBP=A9
 0001:0007513C 00000350 C=CODE     S=.text    G=(none)   M=Restore  ACBP=A9
 0002:00000000 00000095 C=ICODE    S=.itext   G=(none)   M=System   ACBP=A9
 0002:00000098 00000011 C=ICODE    S=.itext   G=(none)   M=Windows  ACBP=A9
 0002:000000AC 00000021 C=ICODE    S=.itext   G=(none)   M=FastMM4  ACBP=A9
 0002:000000D0 00000088 C=ICODE    S=.itext   G=(none)   M=SysUtils ACBP=A9
 0002:00000158 0000000F C=ICODE    S=.itext   G=(none)   M=VarUtils ACBP=A9
 0002:00000168 000000AA C=ICODE    S=.itext   G=(none)   M=Variants ACBP=A9
 0002:00000214 00000008 C=ICODE    S=.itext   G=(none)   M=TypInfo  ACBP=A9
 0002:0000021C 00000092 C=ICODE    S=.itext   G=(none)   M=Classes  ACBP=A9
 0002:000002B0 00000008 C=ICODE    S=.itext   G=(none)   M=HelpIntfs ACBP=A9
 0002:000002B8 0000000F C=ICODE    S=.itext   G=(none)   M=MultiMon ACBP=A9
 0002:000002C8 00000008 C=ICODE    S=.itext   G=(none)   M=IniFiles ACBP=A9
 0002:000002D0 00000008 C=ICODE    S=.itext   G=(none)   M=Registry ACBP=A9
 0002:000002D8 000000FB C=ICODE    S=.itext   G=(none)   M=Graphics ACBP=A9
 0002:000003D4 0000001B C=ICODE    S=.itext   G=(none)   M=UxTheme  ACBP=A9
 0002:000003F0 00000008 C=ICODE    S=.itext   G=(none)   M=DwmApi   ACBP=A9
 0002:000003F8 00000008 C=ICODE    S=.itext   G=(none)   M=Printers ACBP=A9
 0002:00000400 00000086 C=ICODE    S=.itext   G=(none)   M=GraphUtil ACBP=A9
 0002:00000488 00000044 C=ICODE    S=.itext   G=(none)   M=ExtCtrls ACBP=A9
 0002:000004CC 0000003D C=ICODE    S=.itext   G=(none)   M=Dialogs  ACBP=A9
 0002:0000050C 00000058 C=ICODE    S=.itext   G=(none)   M=Clipbrd  ACBP=A9
 0002:00000564 0000000F C=ICODE    S=.itext   G=(none)   M=FlatSB   ACBP=A9
 0002:00000574 00000008 C=ICODE    S=.itext   G=(none)   M=Themes   ACBP=A9
 0002:0000057C 00000085 C=ICODE    S=.itext   G=(none)   M=Menus    ACBP=A9
 0002:00000604 0000008F C=ICODE    S=.itext   G=(none)   M=Controls ACBP=A9
 0002:00000694 0000002A C=ICODE    S=.itext   G=(none)   M=ActnList ACBP=A9
 0002:000006C0 00000070 C=ICODE    S=.itext   G=(none)   M=Forms    ACBP=A9
 0002:00000730 00000025 C=ICODE    S=.itext   G=(none)   M=Buttons  ACBP=A9
 0002:00000758 00000014 C=ICODE    S=.itext   G=(none)   M=ExtDlgs  ACBP=A9
 0002:0000076C 00000008 C=ICODE    S=.itext   G=(none)   M=Mapi     ACBP=A9
 0002:00000774 00000008 C=ICODE    S=.itext   G=(none)   M=ExtActns ACBP=A9
 0002:0000077C 00000008 C=ICODE    S=.itext   G=(none)   M=ComCtrls ACBP=A9
 0002:00000784 0000000F C=ICODE    S=.itext   G=(none)   M=CheckLst ACBP=A9
 0002:00000794 00000008 C=ICODE    S=.itext   G=(none)   M=IdSysVCL ACBP=A9
 0002:0000079C 00000068 C=ICODE    S=.itext   G=(none)   M=IdGlobal ACBP=A9
 0002:00000804 0000000F C=ICODE    S=.itext   G=(none)   M=IdWinSock2 ACBP=A9
 0002:00000814 0000000F C=ICODE    S=.itext   G=(none)   M=IdWship6 ACBP=A9
 0002:00000824 00000031 C=ICODE    S=.itext   G=(none)   M=IdStackWindows ACBP=A9
 0002:00000858 00000025 C=ICODE    S=.itext   G=(none)   M=IdStack  ACBP=A9
 0002:00000880 00000014 C=ICODE    S=.itext   G=(none)   M=IdComponent ACBP=A9
 0002:00000894 00000380 C=ICODE    S=.itext   G=(none)   M=uData    ACBP=A9
 0002:00000C14 00000053 C=ICODE    S=.itext   G=(none)   M=Restore  ACBP=A9
 0003:00000000 00000788 C=DATA     S=.data    G=DGROUP   M=System   ACBP=A9
 0003:00000788 00000020 C=DATA     S=.data    G=DGROUP   M=SysInit  ACBP=A9
 0003:000007A8 00000020 C=DATA     S=.data    G=DGROUP   M=ShlObj   ACBP=A9
 0003:000007C8 00000734 C=DATA     S=.data    G=DGROUP   M=FastMM4  ACBP=A9
 0003:00000EFC 00000250 C=DATA     S=.data    G=DGROUP   M=SysUtils ACBP=A9
 0003:0000114C 00000008 C=DATA     S=.data    G=DGROUP   M=VarUtils ACBP=A9
 0003:00001154 0000008E C=DATA     S=.data    G=DGROUP   M=Variants ACBP=A9
 0003:000011E4 0000000C C=DATA     S=.data    G=DGROUP   M=TypInfo  ACBP=A9
 0003:000011F0 000000E4 C=DATA     S=.data    G=DGROUP   M=Classes  ACBP=A9
 0003:000012D4 00000008 C=DATA     S=.data    G=DGROUP   M=IniFiles ACBP=A9
 0003:000012DC 00000008 C=DATA     S=.data    G=DGROUP   M=Registry ACBP=A9
 0003:000012E4 0000030C C=DATA     S=.data    G=DGROUP   M=Graphics ACBP=A9
 0003:000015F0 00000084 C=DATA     S=.data    G=DGROUP   M=StdCtrls ACBP=A9
 0003:00001674 00000004 C=DATA     S=.data    G=DGROUP   M=Printers ACBP=A9
 0003:00001678 00000450 C=DATA     S=.data    G=DGROUP   M=GraphUtil ACBP=A9
 0003:00001AC8 000001E8 C=DATA     S=.data    G=DGROUP   M=Dialogs  ACBP=A9
 0003:00001CB0 00000068 C=DATA     S=.data    G=DGROUP   M=Themes   ACBP=A9
 0003:00001D18 000000F4 C=DATA     S=.data    G=DGROUP   M=Menus    ACBP=A9
 0003:00001E0C 0000013C C=DATA     S=.data    G=DGROUP   M=Controls ACBP=A9
 0003:00001F48 00000020 C=DATA     S=.data    G=DGROUP   M=ImgList  ACBP=A9
 0003:00001F68 0000012C C=DATA     S=.data    G=DGROUP   M=Forms    ACBP=A9
 0003:00002094 0000002C C=DATA     S=.data    G=DGROUP   M=Buttons  ACBP=A9
 0003:000020C0 00000018 C=DATA     S=.data    G=DGROUP   M=ExtDlgs  ACBP=A9
 0003:000020D8 00000008 C=DATA     S=.data    G=DGROUP   M=Mapi     ACBP=A9
 0003:000020E0 00000028 C=DATA     S=.data    G=DGROUP   M=ComCtrls ACBP=A9
 0003:00002108 0000004C C=DATA     S=.data    G=DGROUP   M=IdSysVCL ACBP=A9
 0003:00002154 00000004 C=DATA     S=.data    G=DGROUP   M=IdGlobal ACBP=A9
 0003:00002158 00000014 C=DATA     S=.data    G=DGROUP   M=IdWinSock2 ACBP=A9
 0003:0000216C 00000014 C=DATA     S=.data    G=DGROUP   M=IdWship6 ACBP=A9
 0003:00002180 00000010 C=DATA     S=.data    G=DGROUP   M=IdStackBSDBase ACBP=A9
 0003:00002190 00000001 C=DATA     S=.data    G=DGROUP   M=IdStackWindows ACBP=A9
 0003:00002194 00000008 C=DATA     S=.data    G=DGROUP   M=IdStack  ACBP=A9
 0003:0000219C 00000024 C=DATA     S=.data    G=DGROUP   M=IdComponent ACBP=A9
 0003:000021C0 00000009 C=DATA     S=.data    G=DGROUP   M=uData    ACBP=A9
 0004:00000000 000027F0 C=BSS      S=.bss     G=DGROUP   M=System   ACBP=A9
 0004:000027F0 0000000C C=BSS      S=.bss     G=DGROUP   M=SysInit  ACBP=A9
 0004:000027FC 00000008 C=BSS      S=.bss     G=DGROUP   M=Windows  ACBP=A9
 0004:00002804 0000000C C=BSS      S=.bss     G=DGROUP   M=CommCtrl ACBP=A9
 0004:00002810 00000008 C=BSS      S=.bss     G=DGROUP   M=ShlObj   ACBP=A9
 0004:00002818 0000393F C=BSS      S=.bss     G=DGROUP   M=FastMM4  ACBP=A9
 0004:00006158 00002108 C=BSS      S=.bss     G=DGROUP   M=SysUtils ACBP=A9
 0004:00008260 0000005C C=BSS      S=.bss     G=DGROUP   M=VarUtils ACBP=A9
 0004:000082BC 00000040 C=BSS      S=.bss     G=DGROUP   M=Variants ACBP=A9
 0004:000082FC 00000004 C=BSS      S=.bss     G=DGROUP   M=TypInfo  ACBP=A9
 0004:00008300 00000040 C=BSS      S=.bss     G=DGROUP   M=Classes  ACBP=A9
 0004:00008340 00000008 C=BSS      S=.bss     G=DGROUP   M=HelpIntfs ACBP=A9
 0004:00008348 00000031 C=BSS      S=.bss     G=DGROUP   M=MultiMon ACBP=A9
 0004:0000837C 00000004 C=BSS      S=.bss     G=DGROUP   M=IniFiles ACBP=A9
 0004:00008380 00000004 C=BSS      S=.bss     G=DGROUP   M=Registry ACBP=A9
 0004:00008384 00000060 C=BSS      S=.bss     G=DGROUP   M=Graphics ACBP=A9
 0004:000083E4 000000DC C=BSS      S=.bss     G=DGROUP   M=UxTheme  ACBP=A9
 0004:000084C0 00000010 C=BSS      S=.bss     G=DGROUP   M=DwmApi   ACBP=A9
 0004:000084D0 00000004 C=BSS      S=.bss     G=DGROUP   M=Printers ACBP=A9
 0004:000084D4 00000010 C=BSS      S=.bss     G=DGROUP   M=GraphUtil ACBP=A9
 0004:000084E4 00000008 C=BSS      S=.bss     G=DGROUP   M=ExtCtrls ACBP=A9
 0004:000084EC 00000038 C=BSS      S=.bss     G=DGROUP   M=Dialogs  ACBP=A9
 0004:00008524 0000000C C=BSS      S=.bss     G=DGROUP   M=Clipbrd  ACBP=A9
 0004:00008530 00000034 C=BSS      S=.bss     G=DGROUP   M=FlatSB   ACBP=A9
 0004:00008564 0000000C C=BSS      S=.bss     G=DGROUP   M=Themes   ACBP=A9
 0004:00008570 00000010 C=BSS      S=.bss     G=DGROUP   M=Menus    ACBP=A9
 0004:00008580 00000088 C=BSS      S=.bss     G=DGROUP   M=Controls ACBP=A9
 0004:00008608 00000008 C=BSS      S=.bss     G=DGROUP   M=ImgList  ACBP=A9
 0004:00008610 00000004 C=BSS      S=.bss     G=DGROUP   M=ActnList ACBP=A9
 0004:00008614 00000031 C=BSS      S=.bss     G=DGROUP   M=Forms    ACBP=A9
 0004:00008648 00000030 C=BSS      S=.bss     G=DGROUP   M=Buttons  ACBP=A9
 0004:00008678 00000004 C=BSS      S=.bss     G=DGROUP   M=ExtDlgs  ACBP=A9
 0004:0000867C 00000004 C=BSS      S=.bss     G=DGROUP   M=Mapi     ACBP=A9
 0004:00008680 00000009 C=BSS      S=.bss     G=DGROUP   M=ExtActns ACBP=A9
 0004:0000868C 0000000C C=BSS      S=.bss     G=DGROUP   M=ComCtrls ACBP=A9
 0004:00008698 0000000C C=BSS      S=.bss     G=DGROUP   M=CheckLst ACBP=A9
 0004:000086A4 00000004 C=BSS      S=.bss     G=DGROUP   M=IdSysVCL ACBP=A9
 0004:000086A8 00000008 C=BSS      S=.bss     G=DGROUP   M=IdGlobal ACBP=A9
 0004:000086B0 000001BC C=BSS      S=.bss     G=DGROUP   M=IdWinSock2 ACBP=A9
 0004:0000886C 00000004 C=BSS      S=.bss     G=DGROUP   M=IdWship6 ACBP=A9
 0004:00008870 00000008 C=BSS      S=.bss     G=DGROUP   M=IdStackWindows ACBP=A9
 0004:00008878 0000000C C=BSS      S=.bss     G=DGROUP   M=IdStack  ACBP=A9
 0004:00008884 00000004 C=BSS      S=.bss     G=DGROUP   M=IdComponent ACBP=A9
 0004:00008888 000000A8 C=BSS      S=.bss     G=DGROUP   M=uData    ACBP=A9
 0004:00008930 00000004 C=BSS      S=.bss     G=DGROUP   M=uRestore ACBP=A9
 0005:00000000 00000008 C=TLS      S=.tls     G=(none)   M=System   ACBP=A9
 0005:00000008 00000008 C=TLS      S=.tls     G=(none)   M=Classes  ACBP=A9
 0005:00000010 00000024 C=TLS      S=.tls     G=(none)   M=GraphUtil ACBP=A9


  Address             Publics by Name

 0001:000066C4       ActiveX.CoCreateInstance
 0001:000066CC       ActiveX.CoTaskMemAlloc
 0001:000066D4       ActiveX.CoTaskMemFree
 0001:000066DC       ActiveX.Succeeded
 0004:00008610       ActnList..9
 0001:00057E44       ActnList..TActionLink
 0001:00057A1C       ActnList..TContainedAction
 0001:00057D3C       ActnList..TCustomAction
 0001:00057B40       ActnList..TCustomActionList
 0001:00057C20       ActnList..TShortCutList
 0002:00000694       ActnList.ActnList
 0001:00058D20       ActnList.Finalization
 0001:00058534       ActnList.TActionLink.IsCaptionLinked
 0001:00058548       ActnList.TActionLink.IsCheckedLinked
 0001:0005855C       ActnList.TActionLink.IsEnabledLinked
 0001:00058570       ActnList.TActionLink.IsGroupIndexLinked
 0001:00058584       ActnList.TActionLink.IsHelpContextLinked
 0001:00058598       ActnList.TActionLink.IsHelpLinked
 0001:000585AC       ActnList.TActionLink.IsHintLinked
 0001:000585C0       ActnList.TActionLink.IsImageIndexLinked
 0001:000585D4       ActnList.TActionLink.IsShortCutLinked
 0001:000585E8       ActnList.TActionLink.IsVisibleLinked
 0001:000585FC       ActnList.TActionLink.SetAutoCheck
 0001:00058600       ActnList.TActionLink.SetCaption
 0001:00058604       ActnList.TActionLink.SetChecked
 0001:00058608       ActnList.TActionLink.SetEnabled
 0001:0005860C       ActnList.TActionLink.SetGroupIndex
 0001:00058610       ActnList.TActionLink.SetHelpContext
 0001:00058614       ActnList.TActionLink.SetHelpKeyword
 0001:00058618       ActnList.TActionLink.SetHelpType
 0001:0005861C       ActnList.TActionLink.SetHint
 0001:00058620       ActnList.TActionLink.SetImageIndex
 0001:00058624       ActnList.TActionLink.SetShortCut
 0001:00058628       ActnList.TActionLink.SetVisible
 0001:00057F14       ActnList.TContainedAction.Destroy
 0001:00058080       ActnList.TContainedAction.Execute
 0001:00057F48       ActnList.TContainedAction.GetIndex
 0001:00057F64       ActnList.TContainedAction.GetParentComponent
 0001:00057F74       ActnList.TContainedAction.HasParent
 0001:00057F60       ActnList.TContainedAction.IsCategoryStored
 0001:00057F84       ActnList.TContainedAction.ReadState
 0001:0005802C       ActnList.TContainedAction.SetActionList
 0001:00058000       ActnList.TContainedAction.SetCategory
 0001:00057FB8       ActnList.TContainedAction.SetIndex
 0001:00058054       ActnList.TContainedAction.SetParentComponent
 0001:000580D8       ActnList.TContainedAction.Update
 0001:000586D0       ActnList.TCustomAction.AssignTo
 0001:0005862C       ActnList.TCustomAction.Create
 0001:00058680       ActnList.TCustomAction.Destroy
 0001:00058BF0       ActnList.TCustomAction.DoHint
 0001:00058C18       ActnList.TCustomAction.Execute
 0001:00058C7C       ActnList.TCustomAction.GetSecondaryShortCuts
 0001:00058CA4       ActnList.TCustomAction.HandleShortCut
 0001:00058780       ActnList.TCustomAction.SetCaption
 0001:000587E0       ActnList.TCustomAction.SetChecked
 0001:000588E8       ActnList.TCustomAction.SetEnabled
 0001:000589CC       ActnList.TCustomAction.SetHelpContext
 0001:00058964       ActnList.TCustomAction.SetHelpKeyword
 0001:00058A24       ActnList.TCustomAction.SetHint
 0001:00058A84       ActnList.TCustomAction.SetImageIndex
 0001:00058BA4       ActnList.TCustomAction.SetName
 0001:00058AE0       ActnList.TCustomAction.SetShortCut
 0001:00058B44       ActnList.TCustomAction.SetVisible
 0001:00058308       ActnList.TCustomActionList.AddAction
 0001:00058344       ActnList.TCustomActionList.Change
 0001:00058130       ActnList.TCustomActionList.Create
 0001:0005819C       ActnList.TCustomActionList.Destroy
 0001:00058450       ActnList.TCustomActionList.ExecuteAction
 0001:00058264       ActnList.TCustomActionList.GetAction
 0001:00058278       ActnList.TCustomActionList.GetActionCount
 0001:000581EC       ActnList.TCustomActionList.GetChildren
 0001:000582B4       ActnList.TCustomActionList.ImageListChange
 0001:000583AC       ActnList.TCustomActionList.IsShortCut
 0001:000582C0       ActnList.TCustomActionList.Notification
 0001:00058328       ActnList.TCustomActionList.RemoveAction
 0001:00058234       ActnList.TCustomActionList.SetChildOrder
 0001:00058280       ActnList.TCustomActionList.SetImages
 0001:00058490       ActnList.TCustomActionList.SetState
 0001:00058470       ActnList.TCustomActionList.UpdateAction
 0001:00058CB0       ActnList.TShortCutList.Add
 0001:00058CDC       ActnList.TShortCutList.IndexOfShortCut
 0004:00008648       Buttons..5
 0003:00002094       Buttons.BitBtnCaptions
 0004:0000864C       Buttons.BitBtnGlyphs
 0002:00000730       Buttons.Buttons
 0001:00067EA4       Buttons.DestroyLocals
 0001:00067F3C       Buttons.Finalization
 0004:00008698       CheckLst..2
 0001:00069F00       CheckLst..TCheckListBox
 0001:0006AA68       CheckLst..TCheckListBoxDataWrapper
 0002:00000784       CheckLst.CheckLst
 0004:000086A0       CheckLst.FCheckHeight
 0004:0000869C       CheckLst.FCheckWidth
 0001:0006B8E0       CheckLst.Finalization
 0001:0006AAD0       CheckLst.GetCheckSize
 0001:0006B520       CheckLst.TCheckListBox.ClickCheck
 0001:0006AC58       CheckLst.TCheckListBox.CMFontChanged
 0001:0006AE70       CheckLst.TCheckListBox.CNDrawItem
 0001:0006AB60       CheckLst.TCheckListBox.Create
 0001:0006AC34       CheckLst.TCheckListBox.CreateParams
 0001:0006AC20       CheckLst.TCheckListBox.CreateWnd
 0001:0006B5F4       CheckLst.TCheckListBox.CreateWrapper
 0001:0006B81C       CheckLst.TCheckListBox.DeleteString
 0001:0006ABC4       CheckLst.TCheckListBox.Destroy
 0001:0006AECC       CheckLst.TCheckListBox.DrawCheck
 0001:0006ACC8       CheckLst.TCheckListBox.DrawItem
 0001:0006B588       CheckLst.TCheckListBox.ExtractWrapper
 0001:0006B1E0       CheckLst.TCheckListBox.GetChecked
 0001:0006AC4C       CheckLst.TCheckListBox.GetCheckWidth
 0001:0006B888       CheckLst.TCheckListBox.GetHeader
 0001:0006B540       CheckLst.TCheckListBox.GetItemData
 0001:0006B20C       CheckLst.TCheckListBox.GetItemEnabled
 0001:0006B238       CheckLst.TCheckListBox.GetState
 0001:0006B568       CheckLst.TCheckListBox.GetWrapper
 0001:0006B634       CheckLst.TCheckListBox.HaveWrapper
 0001:0006B5E4       CheckLst.TCheckListBox.InternalGetItemData
 0001:0006B5EC       CheckLst.TCheckListBox.InternalSetItemData
 0001:0006B15C       CheckLst.TCheckListBox.InvalidateCheck
 0001:0006B268       CheckLst.TCheckListBox.KeyPress
 0001:0006B294       CheckLst.TCheckListBox.LoadRecreateItems
 0001:0006B3DC       CheckLst.TCheckListBox.MouseDown
 0001:0006B678       CheckLst.TCheckListBox.ResetContent
 0001:0006AC6C       CheckLst.TCheckListBox.ResetItemHeight
 0001:0006B6D8       CheckLst.TCheckListBox.SaveRecreateItems
 0001:0006B870       CheckLst.TCheckListBox.SetFlat
 0001:0006B8B0       CheckLst.TCheckListBox.SetHeaderBackgroundColor
 0001:0006B8C8       CheckLst.TCheckListBox.SetHeaderColor
 0001:0006B64C       CheckLst.TCheckListBox.SetItemData
 0001:0006B12C       CheckLst.TCheckListBox.SetState
 0001:0006B4B0       CheckLst.TCheckListBox.ToggleClickCheck
 0001:0006AB54       CheckLst.TCheckListBoxDataWrapper.GetChecked
 0001:0006AB5C       CheckLst.TCheckListBoxDataWrapper.GetDefaultState
 0004:0000830C       Classes..95
 0001:00016C44       Classes..EBitsError
 0001:00016B34       Classes..EClassNotFound
 0001:00016CFC       Classes..EComponentError
 0001:00016978       Classes..EFCreateError
 0001:00016A2C       Classes..EFilerError
 0001:00016918       Classes..EFileStreamError
 0001:000169D4       Classes..EFOpenError
 0001:00016DB4       Classes..EInvalidOperation
 0001:00016BEC       Classes..EListError
 0001:00016D58       Classes..EOutOfResources
 0001:00016A84       Classes..EReadError
 0001:00016B90       Classes..EResNotFound
 0001:000168BC       Classes..EStreamError
 0001:00016C9C       Classes..EStringListError
 0001:00017AAC       Classes..EThread
 0001:00016ADC       Classes..EWriteError
 0001:00017DD4       Classes..TBasicAction
 0001:00017D54       Classes..TBasicActionLink
 0001:00016ED0       Classes..TBits
 0001:00017958       Classes..TClassFinder
 0001:00017180       Classes..TCollection
 0001:000170C8       Classes..TCollectionItem
 0001:00017BF4       Classes..TComponent
 0001:0001764C       Classes..TCustomMemoryStream
 0001:000179B4       Classes..TFiler
 0001:000175C4       Classes..TFileStream
 0001:0001754C       Classes..THandleStream
 0001:00018C7C       Classes..TIntConst
 0001:00017014       Classes..TInterfacedPersistent
 0001:00016E14       Classes..TList
 0001:000176C8       Classes..TMemoryStream
 0001:00016F24       Classes..TPersistent
 0001:0001C49C       Classes..TPropFixup
 0001:0001C514       Classes..TPropIntfFixup
 0001:00017A18       Classes..TReader
 0001:00017F58       Classes..TRegGroup
 0001:00017FB0       Classes..TRegGroups
 0001:00017744       Classes..TResourceStream
 0001:000174DC       Classes..TStream
 0001:000178D0       Classes..TStreamAdapter
 0001:000173C4       Classes..TStringList
 0001:0001728C       Classes..TStrings
 0001:00016E78       Classes..TThreadList
 0001:00018C20       Classes.ActivateClassGroup
 0003:000011F0       Classes.AddDataModule
 0001:0001C774       Classes.AddFinished
 0001:0001C7AC       Classes.AddNotFinished
 0001:0001D320       Classes.AddSubComponentsToLoaded
 0001:00020C18       Classes.AllocateHWnd
 0003:00001200       Classes.ApplicationHandleException
 0003:00001208       Classes.ApplicationShowException
 0001:00018F78       Classes.BeginGlobalLoading
 0001:0001F7BC       Classes.BinToHex
 0003:000012A8       Classes.BlockCode
 0001:00017F1C       Classes.Bounds
 0001:00020B54       Classes.CalcJmpOffset
 0001:0001D35C       Classes.CheckSubComponents
 0001:0001F8C4       Classes.CheckSynchronize
 0002:0000021C       Classes.Classes
 0001:000189E4       Classes.ClassNotFound
 0001:0001D43C       Classes.ComponentCreated
 0003:00001234       Classes.Convert
 0003:00001224       Classes.Convert
 0001:0001D4BC       Classes.CreateComponent
 0001:00020CCC       Classes.DeallocateHWnd
 0001:0001F884       Classes.DoneThreadSynchronization
 0001:0001A580       Classes.DoWrite
 0001:00019000       Classes.EndGlobalLoading
 0001:0001C2D4       Classes.Error
 0001:00018584       Classes.Error
 0003:00001218       Classes.FilerSignature
 0001:00020CF4       Classes.Finalization
 0001:00018AA4       Classes.FindClass
 0001:0001D66C       Classes.FindExistingComponent
 0001:00018E90       Classes.FindGlobalComponent
 0004:00008318       Classes.FindGlobalComponentProcs
 0001:00018D38       Classes.FindIdentToInt
 0001:0001C6A8       Classes.FindNestedComponent
 0001:0001E610       Classes.FindUniqueName
 0001:00020AC0       Classes.FreeIntConstList
 0001:00020BF4       Classes.FreeObjectInstance
 0001:00018A50       Classes.GetClass
 0001:00019BA0       Classes.GetDesigner
 0001:000189D8       Classes.GetFieldClassTable
 0004:0000831C       Classes.GlobalFixupList
 0001:0001C7F4       Classes.GlobalFixupReferences
 0005:0000000C       Classes.GlobalLists
 0005:00000008       Classes.GlobalLoaded
 0004:00008300       Classes.GlobalNameSpace
 0001:00018BCC       Classes.GroupDescendentsWith
 0001:0001DDE0       Classes.HandleException
 0001:0001F7F8       Classes.HexToBin
 0001:00018DB4       Classes.IdentToInt
 0001:0001905C       Classes.InitComponent
 0001:00019104       Classes.InitInheritedComponent
 0001:0001F850       Classes.InitThreadSynchronization
 0004:00008338       Classes.InstBlockList
 0004:0000833C       Classes.InstFreeList
 0004:00008310       Classes.IntConstList
 0001:00018EF4       Classes.InternalReadComponentRes
 0001:00018DF4       Classes.IntToIdent
 0001:00017F44       Classes.InvalidPoint
 0001:00018ED0       Classes.IsUniqueGlobalComponentName
 0004:00008304       Classes.IsUniqueGlobalComponentNameProc
 0001:00020B5C       Classes.MakeObjectInstance
 0001:000197C4       Classes.Min
 0001:00020B2C       Classes.ModuleUnload
 0003:0000121C       Classes.NilMethod
 0001:00019C40       Classes.NotifyDesigner
 0001:00018FD0       Classes.NotifyGlobalLoading
 0001:00017ECC       Classes.Point
 0001:00018310       Classes.PointerInModule
 0001:0001CB14       Classes.PropertyNotFound
 0001:0001DEE0       Classes.PropPathError
 0001:0001CB08       Classes.PropValueError
 0001:0001BAC4       Classes.RaiseException
 0001:0001F1C4       Classes.ReadCustomVariant
 0001:0001CAF0       Classes.ReadError
 0001:0001D45C       Classes.Recover
 0001:00017EF4       Classes.Rect
 0004:00008314       Classes.RegGroups
 0001:00018AC4       Classes.RegisterClass
 0001:00018E38       Classes.RegisterFindGlobalComponentProc
 0001:00018D0C       Classes.RegisterIntegerConsts
 0003:000011F8       Classes.RemoveDataModule
 0001:0001C9C0       Classes.RemoveFixupReferences
 0001:0001CA6C       Classes.RemoveFixups
 0001:0001CE04       Classes.RemoveGlobalFixup
 0001:0001F89C       Classes.ResetSyncEvent
 0001:00019294       Classes.ReturnAddr
 0001:0001A6E0       Classes.ReturnAddr
 0001:0001D5CC       Classes.SetCompName
 0001:0001CB40       Classes.SetElementValue
 0001:0001E238       Classes.SetInterfaceReference
 0001:0001E154       Classes.SetIntIdent
 0001:0001E19C       Classes.SetObjectIdent
 0001:0001D3D4       Classes.SetSubComponentState
 0001:0001E1DC       Classes.SetVariantReference
 0001:0001ECE4       Classes.SkipBinary
 0001:0001ED14       Classes.SkipCollection
 0001:0001ECBC       Classes.SkipList
 0001:00017EE4       Classes.SmallPoint
 0001:00018B80       Classes.StartClassGroup
 0001:00020B34       Classes.StdWndProc
 0001:0001B8EC       Classes.StringListCompareStrings
 0004:00008308       Classes.SyncEvent
 0003:000012A4       Classes.SyncList
 0001:0002052C       Classes.TBasicAction.Change
 0001:000203C0       Classes.TBasicAction.Create
 0001:00020404       Classes.TBasicAction.Destroy
 0001:00020498       Classes.TBasicAction.Execute
 0001:00020468       Classes.TBasicAction.ExecuteTarget
 0001:00020464       Classes.TBasicAction.HandlesTarget
 0001:0002046C       Classes.TBasicAction.Notification
 0001:00020540       Classes.TBasicAction.RegisterChanges
 0001:0002058C       Classes.TBasicAction.SetActionComponent
 0001:000204D0       Classes.TBasicAction.SetOnExecute
 0001:0002054C       Classes.TBasicAction.UnRegisterChanges
 0001:000204B4       Classes.TBasicAction.Update
 0001:00020494       Classes.TBasicAction.UpdateTarget
 0001:00020310       Classes.TBasicActionLink.AssignClient
 0001:00020348       Classes.TBasicActionLink.Change
 0001:000202CC       Classes.TBasicActionLink.Create
 0001:00020314       Classes.TBasicActionLink.Destroy
 0001:00020360       Classes.TBasicActionLink.Execute
 0001:000203A8       Classes.TBasicActionLink.IsOnExecuteLinked
 0001:0002037C       Classes.TBasicActionLink.SetAction
 0001:000203AC       Classes.TBasicActionLink.SetOnExecute
 0001:000203B4       Classes.TBasicActionLink.Update
 0001:0001977C       Classes.TBits.Destroy
 0001:000197AC       Classes.TBits.Error
 0001:000198A0       Classes.TBits.OpenBit
 0001:00019874       Classes.TBits.SetBit
 0001:000197D0       Classes.TBits.SetSize
 0001:000187F4       Classes.TClassFinder.Create
 0001:00018920       Classes.TClassFinder.Destroy
 0001:00018950       Classes.TClassFinder.GetClass
 0001:00019F20       Classes.TCollection.Add
 0001:0001A354       Classes.TCollection.Added
 0001:00019F40       Classes.TCollection.Assign
 0001:00019FD8       Classes.TCollection.BeginUpdate
 0001:00019FDC       Classes.TCollection.Changed
 0001:00019FEC       Classes.TCollection.Clear
 0001:00019E88       Classes.TCollection.Create
 0001:0001A358       Classes.TCollection.Deleting
 0001:00019ED4       Classes.TCollection.Destroy
 0001:0001A054       Classes.TCollection.EndUpdate
 0001:0001A064       Classes.TCollection.GetAttr
 0001:0001A060       Classes.TCollection.GetAttrCount
 0001:0001A090       Classes.TCollection.GetCount
 0001:0001A098       Classes.TCollection.GetItem
 0001:0001A070       Classes.TCollection.GetItemAttr
 0001:0001A0AC       Classes.TCollection.GetNamePath
 0001:0001A174       Classes.TCollection.GetPropName
 0001:0001A290       Classes.TCollection.InsertItem
 0001:0001A35C       Classes.TCollection.Notify
 0001:0001A2F8       Classes.TCollection.RemoveItem
 0001:0001A34C       Classes.TCollection.SetItemName
 0001:0001A350       Classes.TCollection.Update
 0001:00019D0C       Classes.TCollectionItem.Changed
 0001:00019CA4       Classes.TCollectionItem.Create
 0001:00019CDC       Classes.TCollectionItem.Destroy
 0001:00019D48       Classes.TCollectionItem.GetDisplayName
 0001:00019D30       Classes.TCollectionItem.GetIndex
 0001:00019D70       Classes.TCollectionItem.GetNamePath
 0001:00019E24       Classes.TCollectionItem.GetOwner
 0001:00019E28       Classes.TCollectionItem.SetCollection
 0001:00019E50       Classes.TCollectionItem.SetDisplayName
 0001:00019E58       Classes.TCollectionItem.SetIndex
 0001:0001FB64       Classes.TComponent.BeforeDestruction
 0001:0002009C       Classes.TComponent.ChangeName
 0001:0001FA9C       Classes.TComponent.Create
 0001:0001FE2C       Classes.TComponent.DefineProperties
 0001:0001FAE8       Classes.TComponent.Destroy
 0001:0001FCF4       Classes.TComponent.DestroyComponents
 0001:0001FD50       Classes.TComponent.Destroying
 0001:000201D8       Classes.TComponent.ExecuteAction
 0001:0001FFBC       Classes.TComponent.FindComponent
 0001:0001FB70       Classes.TComponent.FreeNotification
 0001:0001FEC0       Classes.TComponent.GetChildOwner
 0001:0001FEC4       Classes.TComponent.GetChildParent
 0001:0001FEB8       Classes.TComponent.GetChildren
 0001:000200B0       Classes.TComponent.GetComponent
 0001:000200DC       Classes.TComponent.GetComponentCount
 0001:0001FEC8       Classes.TComponent.GetNamePath
 0001:0001FEDC       Classes.TComponent.GetOwner
 0001:0001FEE4       Classes.TComponent.GetParentComponent
 0001:0001FEB4       Classes.TComponent.HasParent
 0001:0001FC04       Classes.TComponent.Insert
 0001:0001FC58       Classes.TComponent.InsertComponent
 0001:000202C8       Classes.TComponent.IntfGetComponent
 0001:0001FF04       Classes.TComponent.Loaded
 0001:0001FDCC       Classes.TComponent.Notification
 0001:0001FF10       Classes.TComponent.PaletteCreated
 0001:00020248       Classes.TComponent.QueryInterface
 0001:0001FBC4       Classes.TComponent.ReadLeft
 0001:0001FF14       Classes.TComponent.ReadState
 0001:0001FBD8       Classes.TComponent.ReadTop
 0001:0001FC30       Classes.TComponent.Remove
 0001:0001FCBC       Classes.TComponent.RemoveComponent
 0001:0001FDB0       Classes.TComponent.RemoveFreeNotification
 0001:0001FD8C       Classes.TComponent.RemoveNotification
 0001:00020228       Classes.TComponent.SafeCallException
 0001:0001FEE0       Classes.TComponent.SetChildOrder
 0001:000200EC       Classes.TComponent.SetComponentIndex
 0001:00020140       Classes.TComponent.SetDesigning
 0001:0002000C       Classes.TComponent.SetName
 0001:0001FEE8       Classes.TComponent.SetParentComponent
 0001:00020190       Classes.TComponent.SetReference
 0001:00020200       Classes.TComponent.UpdateAction
 0001:0001FEF8       Classes.TComponent.Updated
 0001:00020240       Classes.TComponent.UpdateRegistry
 0001:0001FEEC       Classes.TComponent.Updating
 0001:0001FFA4       Classes.TComponent.ValidateContainer
 0001:0001FFB8       Classes.TComponent.ValidateInsert
 0001:0001FF24       Classes.TComponent.ValidateRename
 0001:0001FBEC       Classes.TComponent.WriteLeft
 0001:0001FF1C       Classes.TComponent.WriteState
 0001:0001FBF8       Classes.TComponent.WriteTop
 0001:00020288       Classes.TComponent._AddRef
 0001:000202A8       Classes.TComponent._Release
 0001:0001C080       Classes.TCustomMemoryStream.Read
 0001:0001C0B8       Classes.TCustomMemoryStream.Seek
 0001:0001C078       Classes.TCustomMemoryStream.SetPointer
 0001:0001C428       Classes.TFiler.Create
 0001:0001C470       Classes.TFiler.Destroy
 0001:0001C498       Classes.TFiler.SetRoot
 0001:0001BE8C       Classes.TFileStream.Create
 0001:0001BED0       Classes.TFileStream.Create
 0001:0001C044       Classes.TFileStream.Destroy
 0001:0001BDC8       Classes.THandleStream.Create
 0001:0001BE04       Classes.THandleStream.Read
 0001:0001BE24       Classes.THandleStream.Seek
 0001:0001BE64       Classes.THandleStream.SetSize
 0001:0001BE50       Classes.THandleStream.SetSize
 0001:0001BE14       Classes.THandleStream.Write
 0004:00008320       Classes.ThreadLock
 0001:00018CD4       Classes.TIntConst.Create
 0001:00019AE8       Classes.TInterfacedPersistent.AfterConstruction
 0001:00019B78       Classes.TInterfacedPersistent.QueryInterface
 0001:00019B38       Classes.TInterfacedPersistent._AddRef
 0001:00019B58       Classes.TInterfacedPersistent._Release
 0001:000191EC       Classes.TList.Add
 0001:00019220       Classes.TList.Clear
 0001:00019238       Classes.TList.Delete
 0001:000191CC       Classes.TList.Destroy
 0001:00019298       Classes.TList.Error
 0001:000192D0       Classes.TList.Error
 0001:00019324       Classes.TList.Expand
 0001:0001933C       Classes.TList.First
 0001:00019344       Classes.TList.Get
 0001:0001936C       Classes.TList.Grow
 0001:000193A0       Classes.TList.IndexOf
 0001:000193C0       Classes.TList.Insert
 0001:0001942C       Classes.TList.Last
 0001:00019438       Classes.TList.Move
 0001:000195B0       Classes.TList.Notify
 0001:00019490       Classes.TList.Put
 0001:000194E0       Classes.TList.Remove
 0001:00019500       Classes.TList.SetCapacity
 0001:0001953C       Classes.TList.SetCount
 0001:0001C108       Classes.TMemoryStream.Clear
 0001:0001C0DC       Classes.TMemoryStream.Destroy
 0001:0001C120       Classes.TMemoryStream.LoadFromStream
 0001:0001C1AC       Classes.TMemoryStream.Realloc
 0001:0001C158       Classes.TMemoryStream.SetCapacity
 0001:0001C180       Classes.TMemoryStream.SetSize
 0001:0001C22C       Classes.TMemoryStream.Write
 0001:00019944       Classes.TPersistent.Assign
 0001:00019958       Classes.TPersistent.AssignError
 0001:00019A28       Classes.TPersistent.AssignTo
 0001:00019A30       Classes.TPersistent.DefineProperties
 0001:00019918       Classes.TPersistent.Destroy
 0001:00019A34       Classes.TPersistent.GetNamePath
 0001:00019AE4       Classes.TPersistent.GetOwner
 0001:0001C574       Classes.TPropFixup.Create
 0001:0001C5CC       Classes.TPropFixup.MakeGlobalReference
 0001:0001C614       Classes.TPropFixup.ResolveReference
 0001:0001C624       Classes.TPropIntfFixup.ResolveReference
 0001:0001CB94       Classes.TReader.CheckValue
 0001:0001CBF4       Classes.TReader.DefineBinaryProperty
 0001:0001CBB8       Classes.TReader.DefineProperty
 0001:0001CB58       Classes.TReader.Destroy
 0001:0001CE80       Classes.TReader.DoFixupReferences
 0001:0001CCDC       Classes.TReader.EndOfList
 0001:0001CCF0       Classes.TReader.Error
 0001:0001F010       Classes.TReader.FindAncestorComponent
 0001:0001F108       Classes.TReader.FindComponentClass
 0001:0001CD9C       Classes.TReader.FindMethod
 0001:0001CD14       Classes.TReader.FindMethodInstance
 0001:0001CFC4       Classes.TReader.FlushBuffer
 0001:0001CFE8       Classes.TReader.FreeFixups
 0001:0001D024       Classes.TReader.GetFieldClass
 0001:0001D0BC       Classes.TReader.GetPosition
 0001:0001D0D4       Classes.TReader.NextValue
 0001:0001D0E4       Classes.TReader.PropertyError
 0001:0001D0F8       Classes.TReader.Read
 0001:0001D180       Classes.TReader.ReadBoolean
 0001:0001D144       Classes.TReader.ReadBuffer
 0001:0001D194       Classes.TReader.ReadChar
 0001:0001D250       Classes.TReader.ReadCollection
 0001:0001D710       Classes.TReader.ReadComponent
 0001:0001DB50       Classes.TReader.ReadCurrency
 0001:0001D950       Classes.TReader.ReadData
 0001:0001D9C0       Classes.TReader.ReadDataInner
 0001:0001DBA0       Classes.TReader.ReadDate
 0001:0001DAC8       Classes.TReader.ReadDouble
 0001:0001DA90       Classes.TReader.ReadFloat
 0001:0001DBE4       Classes.TReader.ReadIdent
 0001:0001DD4C       Classes.TReader.ReadInt64
 0001:0001DCE0       Classes.TReader.ReadInteger
 0001:0001DD90       Classes.TReader.ReadListBegin
 0001:0001DD98       Classes.TReader.ReadListEnd
 0001:0001DDA0       Classes.TReader.ReadPrefix
 0001:0001DEFC       Classes.TReader.ReadProperty
 0001:0001E2F8       Classes.TReader.ReadPropValue
 0001:0001E670       Classes.TReader.ReadRootComponent
 0001:0001E9A4       Classes.TReader.ReadSet
 0001:0001EA60       Classes.TReader.ReadSignature
 0001:0001DB0C       Classes.TReader.ReadSingle
 0001:0001EA84       Classes.TReader.ReadStr
 0001:0001EAC0       Classes.TReader.ReadString
 0001:0001EC60       Classes.TReader.ReadValue
 0001:0001F38C       Classes.TReader.ReadVariant
 0001:0001D1F4       Classes.TReader.ReadWideChar
 0001:0001EB7C       Classes.TReader.ReadWideString
 0001:0001F0C8       Classes.TReader.ReferenceName
 0001:0001F0E0       Classes.TReader.SetName
 0001:0001F17C       Classes.TReader.SkipBytes
 0001:0001EF68       Classes.TReader.SkipComponent
 0001:0001EF20       Classes.TReader.SkipProperty
 0001:0001EC74       Classes.TReader.SkipSetBody
 0001:0001ED70       Classes.TReader.SkipValue
 0001:00018008       Classes.TRegGroup.AddClass
 0001:00018014       Classes.TRegGroup.BestClass
 0001:00018074       Classes.TRegGroup.BestGroup
 0001:000180E4       Classes.TRegGroup.Create
 0001:00018140       Classes.TRegGroup.Destroy
 0001:00018180       Classes.TRegGroup.GetClass
 0001:000181E8       Classes.TRegGroup.InGroup
 0001:0001822C       Classes.TRegGroup.RegisterClass
 0001:000182EC       Classes.TRegGroup.Registered
 0001:00018330       Classes.TRegGroup.UnregisterModuleClasses
 0001:000183DC       Classes.TRegGroups.Activate
 0001:00018428       Classes.TRegGroups.Create
 0001:0001849C       Classes.TRegGroups.Destroy
 0001:000184FC       Classes.TRegGroups.FindGroup
 0001:00018540       Classes.TRegGroups.GetClass
 0001:00018614       Classes.TRegGroups.GroupWith
 0001:000186E0       Classes.TRegGroups.Lock
 0001:000186EC       Classes.TRegGroups.RegisterClass
 0001:00018704       Classes.TRegGroups.Registered
 0001:00018748       Classes.TRegGroups.StartGroup
 0001:00018798       Classes.TRegGroups.Unlock
 0001:000187A4       Classes.TRegGroups.UnregisterModuleClasses
 0001:0001C27C       Classes.TResourceStream.Create
 0001:0001C3E0       Classes.TResourceStream.Destroy
 0001:0001C374       Classes.TResourceStream.Initialize
 0001:0001C410       Classes.TResourceStream.Write
 0001:0001BC74       Classes.TStream.CopyFrom
 0001:0001B9D8       Classes.TStream.GetPosition
 0001:0001BA0C       Classes.TStream.GetSize
 0001:0001BC04       Classes.TStream.ReadBuffer
 0001:0001BD68       Classes.TStream.ReadComponent
 0001:0001BB10       Classes.TStream.Seek
 0001:0001BB94       Classes.TStream.Seek
 0001:0001B9F8       Classes.TStream.SetPosition
 0001:0001BA58       Classes.TStream.SetSize
 0001:0001BA70       Classes.TStream.SetSize
 0001:0001BA5C       Classes.TStream.SetSize64
 0001:0001BC3C       Classes.TStream.WriteBuffer
 0001:00020AA8       Classes.TStreamAdapter.Clone
 0001:000209FC       Classes.TStreamAdapter.Commit
 0001:000207F4       Classes.TStreamAdapter.CopyTo
 0001:000205B8       Classes.TStreamAdapter.Create
 0001:00020604       Classes.TStreamAdapter.Destroy
 0001:00020A14       Classes.TStreamAdapter.LockRegion
 0001:0002063C       Classes.TStreamAdapter.Read
 0001:00020A08       Classes.TStreamAdapter.Revert
 0001:0002070C       Classes.TStreamAdapter.Seek
 0001:00020790       Classes.TStreamAdapter.SetSize
 0001:00020A2C       Classes.TStreamAdapter.Stat
 0001:00020A20       Classes.TStreamAdapter.UnlockRegion
 0001:000206A4       Classes.TStreamAdapter.Write
 0001:0001B358       Classes.TStringList.Add
 0001:0001B368       Classes.TStringList.AddObject
 0001:0001B3CC       Classes.TStringList.Changed
 0001:0001B3E8       Classes.TStringList.Changing
 0001:0001B404       Classes.TStringList.Clear
 0001:0001B954       Classes.TStringList.CompareStrings
 0001:0001B91C       Classes.TStringList.CustomSort
 0001:0001B444       Classes.TStringList.Delete
 0001:0001B2FC       Classes.TStringList.Destroy
 0001:0001B4B0       Classes.TStringList.Exchange
 0001:0001B50C       Classes.TStringList.ExchangeItems
 0001:0001B530       Classes.TStringList.Find
 0001:0001B5B4       Classes.TStringList.Get
 0001:0001B5E8       Classes.TStringList.GetCapacity
 0001:0001B5EC       Classes.TStringList.GetCount
 0001:0001B5F0       Classes.TStringList.GetObject
 0001:0001B618       Classes.TStringList.Grow
 0001:0001B64C       Classes.TStringList.IndexOf
 0001:0001B688       Classes.TStringList.Insert
 0001:0001B6EC       Classes.TStringList.InsertItem
 0001:0001B698       Classes.TStringList.InsertObject
 0001:0001B768       Classes.TStringList.Put
 0001:0001B7C4       Classes.TStringList.PutObject
 0001:0001B804       Classes.TStringList.QuickSort
 0001:0001B898       Classes.TStringList.SetCapacity
 0001:0001B8B4       Classes.TStringList.SetSorted
 0001:0001B8D4       Classes.TStringList.SetUpdateState
 0001:0001B90C       Classes.TStringList.Sort
 0001:0001A3B0       Classes.TStrings.Add
 0001:0001A3D4       Classes.TStrings.AddObject
 0001:0001A3F8       Classes.TStrings.AddStrings
 0001:0001A4B0       Classes.TStrings.Assign
 0001:0001A568       Classes.TStrings.BeginUpdate
 0001:0001B284       Classes.TStrings.CompareStrings
 0001:0001A5D8       Classes.TStrings.DefineProperties
 0001:0001A380       Classes.TStrings.Destroy
 0001:0001A624       Classes.TStrings.EndUpdate
 0001:0001A638       Classes.TStrings.Equals
 0001:0001A6E4       Classes.TStrings.Error
 0001:0001A71C       Classes.TStrings.Error
 0001:0001A774       Classes.TStrings.Exchange
 0001:0001A860       Classes.TStrings.GetCapacity
 0001:0001B1BC       Classes.TStrings.GetDelimiter
 0001:0001B1D4       Classes.TStrings.GetLineBreak
 0001:0001B2C8       Classes.TStrings.GetNameValueSeparator
 0001:0001A868       Classes.TStrings.GetObject
 0001:0001B208       Classes.TStrings.GetQuoteChar
 0001:0001A86C       Classes.TStrings.GetText
 0001:0001A8C0       Classes.TStrings.GetTextStr
 0001:0001A9F8       Classes.TStrings.IndexOf
 0001:0001AA84       Classes.TStrings.IndexOfName
 0001:0001AB58       Classes.TStrings.IndexOfObject
 0001:0001AB8C       Classes.TStrings.InsertObject
 0001:0001ABBC       Classes.TStrings.LoadFromFile
 0001:0001AC10       Classes.TStrings.LoadFromStream
 0001:0001ACBC       Classes.TStrings.Move
 0001:0001AD6C       Classes.TStrings.Put
 0001:0001AD9C       Classes.TStrings.PutObject
 0001:0001ADA0       Classes.TStrings.ReadData
 0001:0001AE50       Classes.TStrings.SaveToFile
 0001:0001AEA8       Classes.TStrings.SaveToStream
 0001:0001AF08       Classes.TStrings.SetCapacity
 0001:0001B220       Classes.TStrings.SetDelimiter
 0001:0001B23C       Classes.TStrings.SetLineBreak
 0001:0001B2E0       Classes.TStrings.SetNameValueSeparator
 0001:0001B268       Classes.TStrings.SetQuoteChar
 0001:0001AF0C       Classes.TStrings.SetStringsAdapter
 0001:0001AF40       Classes.TStrings.SetText
 0001:0001AF90       Classes.TStrings.SetTextStr
 0001:0001B134       Classes.TStrings.SetUpdateState
 0001:0001B138       Classes.TStrings.WriteData
 0001:00019684       Classes.TThreadList.Add
 0001:000195B4       Classes.TThreadList.Create
 0001:00019608       Classes.TThreadList.Destroy
 0001:0001970C       Classes.TThreadList.LockList
 0001:00019720       Classes.TThreadList.Remove
 0001:00019770       Classes.TThreadList.UnlockList
 0001:0001F5AC       Classes.TWriter.Write
 0001:0001F610       Classes.TWriter.WriteBoolean
 0001:0001F5F8       Classes.TWriter.WriteBuffer
 0001:0001F624       Classes.TWriter.WriteInteger
 0001:0001F698       Classes.TWriter.WriteListBegin
 0001:0001F6A0       Classes.TWriter.WriteListEnd
 0001:0001F6A8       Classes.TWriter.WriteMinStr
 0001:0001F754       Classes.TWriter.WriteString
 0001:0001F7A8       Classes.TWriter.WriteValue
 0001:00018E78       Classes.UnregisterFindGlobalComponentProc
 0001:00018B34       Classes.UnRegisterModuleClasses
 0003:000012AC       Classes.UtilWindowClass
 0001:0001F8A8       Classes.WaitForSyncEvent
 0003:00001210       Classes.WakeMainThread
 0004:00008528       Clipbrd..2
 0004:00008526       Clipbrd.CF_COMPONENT
 0004:00008524       Clipbrd.CF_PICTURE
 0002:0000050C       Clipbrd.Clipbrd
 0004:0000852C       Clipbrd.FClipboard
 0001:0003A8D0       Clipbrd.Finalization
 0004:0000868C       ComCtrls..76
 0001:00068DD0       ComCtrls..TConversion
 0001:000683E4       ComCtrls..TCustomStatusBar
 0001:00068620       ComCtrls..TStatusBar
 0001:0006812C       ComCtrls..TStatusPanel
 0001:000682D0       ComCtrls..TStatusPanels
 0002:0000077C       ComCtrls.ComCtrls
 0001:00069E88       ComCtrls.Finalization
 0004:00008694       ComCtrls.FRichEditModule
 0003:000020F8       ComCtrls.GripStyles
 0001:00068E70       ComCtrls.InitCommonControl
 0003:000020E0       ComCtrls.RTFConversionFormat
 0003:00002100       ComCtrls.RTLReading
 0004:00008690       ComCtrls.ShellModule
 0001:00069E30       ComCtrls.TConversion.ConvertReadStream
 0001:00069E44       ComCtrls.TConversion.ConvertWriteStream
 0001:00069C98       ComCtrls.TCustomStatusBar.ChangeScale
 0001:000694B8       ComCtrls.TCustomStatusBar.CMBiDiModeChanged
 0001:00069BB8       ComCtrls.TCustomStatusBar.CMColorChanged
 0001:00069BCC       ComCtrls.TCustomStatusBar.CMParentFontChanged
 0001:00069C70       ComCtrls.TCustomStatusBar.CMSysColorChange
 0001:00069C84       ComCtrls.TCustomStatusBar.CMSysFontChanged
 0001:000699E0       ComCtrls.TCustomStatusBar.CMWinIniChange
 0001:00069A08       ComCtrls.TCustomStatusBar.CNDrawItem
 0001:00069120       ComCtrls.TCustomStatusBar.Create
 0001:00069D7C       ComCtrls.TCustomStatusBar.CreatePanel
 0001:00069DB8       ComCtrls.TCustomStatusBar.CreatePanels
 0001:00069214       ComCtrls.TCustomStatusBar.CreateParams
 0001:00069298       ComCtrls.TCustomStatusBar.CreateWnd
 0001:000691D8       ComCtrls.TCustomStatusBar.Destroy
 0001:00069320       ComCtrls.TCustomStatusBar.DoHint
 0001:000693C0       ComCtrls.TCustomStatusBar.DoRightToLeftAlignment
 0001:00069344       ComCtrls.TCustomStatusBar.DrawPanel
 0001:00069BF0       ComCtrls.TCustomStatusBar.ExecuteAction
 0001:00069530       ComCtrls.TCustomStatusBar.FlipChildren
 0001:00069DC8       ComCtrls.TCustomStatusBar.GetPanelClass
 0001:00069B6C       ComCtrls.TCustomStatusBar.IsFontStored
 0001:00069CC0       ComCtrls.TCustomStatusBar.SetBounds
 0001:00069374       ComCtrls.TCustomStatusBar.SetPanels
 0001:00069CE4       ComCtrls.TCustomStatusBar.SetParent
 0001:00069384       ComCtrls.TCustomStatusBar.SetSimplePanel
 0001:0006948C       ComCtrls.TCustomStatusBar.SetSimpleText
 0001:000696F0       ComCtrls.TCustomStatusBar.SetSizeGrip
 0001:00069B88       ComCtrls.TCustomStatusBar.SetUseSystemFont
 0001:00069708       ComCtrls.TCustomStatusBar.SyncToSystemFont
 0001:00069738       ComCtrls.TCustomStatusBar.UpdatePanel
 0001:000698C4       ComCtrls.TCustomStatusBar.UpdatePanels
 0001:00069428       ComCtrls.TCustomStatusBar.UpdateSimpleText
 0001:00069CEC       ComCtrls.TCustomStatusBar.ValidateSizeGrip
 0001:00069DD0       ComCtrls.TCustomStatusBar.WMEraseBkGnd
 0001:00069B14       ComCtrls.TCustomStatusBar.WMGetTextLength
 0001:00069B28       ComCtrls.TCustomStatusBar.WMPaint
 0001:00069B48       ComCtrls.TCustomStatusBar.WMSize
 0003:000020EC       ComCtrls.TextConversionFormat
 0001:00069E58       ComCtrls.TStatusBar.GetOnDrawPanel
 0001:00069E6C       ComCtrls.TStatusBar.SetOnDrawPanel
 0001:00068EE8       ComCtrls.TStatusPanel.Assign
 0001:00068E9C       ComCtrls.TStatusPanel.Create
 0001:00068FE0       ComCtrls.TStatusPanel.GetDisplayName
 0001:00068F5C       ComCtrls.TStatusPanel.IsBiDiModeStored
 0001:00068F74       ComCtrls.TStatusPanel.ParentBiDiModeChanged
 0001:00069004       ComCtrls.TStatusPanel.SetAlignment
 0001:00069014       ComCtrls.TStatusPanel.SetBevel
 0001:00068F48       ComCtrls.TStatusPanel.SetBiDiMode
 0001:00068F64       ComCtrls.TStatusPanel.SetParentBiDiMode
 0001:00069024       ComCtrls.TStatusPanel.SetStyle
 0001:00069034       ComCtrls.TStatusPanel.SetText
 0001:0006905C       ComCtrls.TStatusPanel.SetWidth
 0001:00068FC8       ComCtrls.TStatusPanel.UseRightToLeftAlignment
 0001:00068FB0       ComCtrls.TStatusPanel.UseRightToLeftReading
 0001:000690CC       ComCtrls.TStatusPanels.Add
 0001:0006906C       ComCtrls.TStatusPanels.Create
 0001:000690D8       ComCtrls.TStatusPanels.GetItem
 0001:000690EC       ComCtrls.TStatusPanels.GetOwner
 0001:000690F0       ComCtrls.TStatusPanels.Update
 0004:00002804       CommCtrl.ComCtl32DLL
 0001:0000679C       CommCtrl.ImageList_Add
 0001:000067CC       CommCtrl.ImageList_BeginDrag
 0001:00006784       CommCtrl.ImageList_Create
 0001:0000678C       CommCtrl.ImageList_Destroy
 0001:000067DC       CommCtrl.ImageList_DragEnter
 0001:000067E4       CommCtrl.ImageList_DragLeave
 0001:000067EC       CommCtrl.ImageList_DragMove
 0001:000067F4       CommCtrl.ImageList_DragShowNolock
 0001:000067B4       CommCtrl.ImageList_Draw
 0001:000067BC       CommCtrl.ImageList_DrawEx
 0001:000067D4       CommCtrl.ImageList_EndDrag
 0001:000067AC       CommCtrl.ImageList_GetBkColor
 0001:0000680C       CommCtrl.ImageList_GetIconSize
 0001:00006794       CommCtrl.ImageList_GetImageCount
 0001:000067FC       CommCtrl.ImageList_Read
 0001:000067C4       CommCtrl.ImageList_Remove
 0001:000067A4       CommCtrl.ImageList_SetBkColor
 0001:00006814       CommCtrl.ImageList_SetIconSize
 0001:00006804       CommCtrl.ImageList_Write
 0001:000066F0       CommCtrl.InitComCtl
 0001:000066E8       CommCtrl.InitCommonControls
 0001:00006750       CommCtrl.InitCommonControlsEx
 0001:00006824       CommCtrl.TaskDialogIndirect
 0004:00002808       CommCtrl._InitCommonControlsEx
 0004:0000280C       CommCtrl._TaskDialogIndirect
 0001:0000681C       CommCtrl._TrackMouseEvent
 0001:00032E40       CommDlg.GetOpenFileName
 0001:00020DA4       Contnrs..TOrderedList
 0001:00020E0C       Contnrs..TStack
 0001:00020E84       Contnrs.TOrderedList.Create
 0001:00020EC8       Contnrs.TOrderedList.Destroy
 0001:00020EF8       Contnrs.TOrderedList.PeekItem
 0001:00020E6C       Contnrs.TOrderedList.Pop
 0001:00020F0C       Contnrs.TOrderedList.PopItem
 0001:00020E74       Contnrs.TOrderedList.Push
 0001:00020F2C       Contnrs.TStack.PushItem
 0004:00008590       Controls..33
 0001:00042550       Controls..TBaseDragControlObject
 0001:000438DC       Controls..TControl
 0001:00042A20       Controls..TControlActionLink
 0001:00042898       Controls..TControlCanvas
 0001:000446A4       Controls..TCustomControl
 0001:00042938       Controls..TCustomControlAction
 0001:00044BE4       Controls..TCustomListControl
 0001:00044D74       Controls..TCustomMultiSelectListControl
 0001:00044AEC       Controls..TDockTree
 0001:000449A0       Controls..TDockZone
 0001:00042614       Controls..TDragControlObject
 0001:000426A0       Controls..TDragControlObjectEx
 0001:00042730       Controls..TDragDockObject
 0001:000427F8       Controls..TDragDockObjectEx
 0001:000424AC       Controls..TDragObject
 0001:00044580       Controls..TGraphicControl
 0001:00044810       Controls..THintWindow
 0001:00042E70       Controls..TMargins
 0001:00044B90       Controls..TMouse
 0001:00042F88       Controls..TPadding
 0001:00045430       Controls..TSiteList
 0001:00042D24       Controls..TSizeConstraints
 0001:00044170       Controls..TWinControl
 0001:00043D4C       Controls..TWinControlActionLink
 0001:00045AA0       Controls.AbsMin
 0004:000085C4       Controls.ActiveDrag
 0001:0004BF74       Controls.AlignWork
 0003:00001E18       Controls.AnchorAlign
 0003:00001E0C       Controls.AnimateWindowProc
 0003:00001F14       Controls.AnimationStyle
 0001:00048A20       Controls.BackgroundClipped
 0001:000554B4       Controls.CalcSplitterPos
 0001:00046B44       Controls.CancelDrag
 0004:000085D8       Controls.CanvasList
 0003:00001ED0       Controls.CaptureControl
 0001:00044F20       Controls.ChangeBiDiModeAlignment
 0001:000467AC       Controls.CheckUndock
 0001:0005233C       Controls.ClientToWindow
 0004:00008596       Controls.ControlAtom
 0004:0000859C       Controls.ControlAtomString
 0002:00000604       Controls.Controls
 0003:00001E10       Controls.CreationControl
 0003:00001F0C       Controls.Ctl3DStyles
 0003:00001E20       Controls.Cursors
 0001:000452C8       Controls.CursorToIdent
 0003:00001E14       Controls.DefaultDockTreeClass
 0001:0004CF00       Controls.DestroyChildWindow
 0001:0004BDE8       Controls.DoAlign
 0001:00050C5C       Controls.DoCalcConstraints
 0004:000085CC       Controls.DockSiteList
 0001:0004DCE4       Controls.DoControlMsg
 0001:000460B4       Controls.DoDragOver
 0001:00052FBC       Controls.DoFindControlZone
 0001:000536E4       Controls.DoFindZone
 0001:00053040       Controls.DoForEach
 0001:00054C88       Controls.DoGetNextLimit
 0001:00055CC0       Controls.DoneControls
 0001:0004BDA0       Controls.DoPosition
 0001:00054198       Controls.DoPrune
 0001:000546AC       Controls.DoSaveZone
 0001:00054970       Controls.DoSetNewBounds
 0001:0004CBAC       Controls.DoWriteDesignSize
 0001:00049DA0       Controls.DoWriteExplicit
 0001:00049D6C       Controls.DoWriteIsControl
 0004:000085B0       Controls.DragCapture
 0004:000085A4       Controls.DragControl
 0001:00046820       Controls.DragDone
 0001:00046064       Controls.DragFindTarget
 0001:00046038       Controls.DragFindWindow
 0004:000085C8       Controls.DragImageList
 0001:00046478       Controls.DragInit
 0001:000465E8       Controls.DragInitControl
 0004:000085AC       Controls.DragInternalObject
 0001:00045F80       Controls.DragMessage
 0004:000085A8       Controls.DragObject
 0004:000085D4       Controls.DragSave
 0004:000085BC       Controls.DragSaveCursor
 0004:000085B4       Controls.DragStartPos
 0004:000085C0       Controls.DragThreshold
 0001:00046190       Controls.DragTo
 0001:00053C1C       Controls.DrawCloseButton
 0001:00053CB0       Controls.DrawGrabberLine
 0001:00053D38       Controls.DrawThemedGrabber
 0001:0004E190       Controls.DrawThemeEdge
 0003:00001EFC       Controls.EdgeStyles
 0001:000562FC       Controls.Finalization
 0001:00045078       Controls.FindControl
 0001:00046B90       Controls.FindDragTarget
 0001:00046B5C       Controls.FindVCLWindow
 0001:00046C54       Controls.FreeDeviceContext
 0001:00046D10       Controls.FreeDeviceContexts
 0001:000453C4       Controls.GetCaptureControl
 0001:0004BC10       Controls.GetClientSize
 0001:0004D32C       Controls.GetControlAtPos
 0001:00054D68       Controls.GetDockAlign
 0001:00045DD0       Controls.GetDockSiteAtPos
 0001:000460F0       Controls.GetDropCtl
 0001:00052CEC       Controls.GetLastChildZone
 0001:0004532C       Controls.GetLongHint
 0001:000452E8       Controls.GetShortHint
 0001:000454D0       Controls.GetTopParent
 0001:00054DE4       Controls.HideZone
 0001:000452D8       Controls.IdentToCursor
 0003:00001F3C       Controls.IMM32DLL
 0001:00055CAC       Controls.Imm32IsIME
 0001:00055D48       Controls.InitControls
 0001:00055950       Controls.InitIMM32
 0001:00044F34       Controls.InitWndProc
 0003:00001EDC       Controls.InnerStyles
 0001:0004BC70       Controls.InsertBefore
 0001:00045B84       Controls.IsBeforeTargetWindow
 0001:00045FD8       Controls.IsDelphiHandle
 0001:00052720       Controls.IsOrientationSet
 0001:00045D8C       Controls.IsSiteChildOfClient
 0001:000450D4       Controls.IsVCLControl
 0004:00008584       Controls.IsVCLControlHook
 0001:00046BDC       Controls.ListAdd
 0001:00046C04       Controls.ListRemove
 0003:00001F28       Controls.MakeLast
 0001:0004AEA8       Controls.MinVar
 0003:00001F40       Controls.ModeMap
 0004:00008580       Controls.Mouse
 0001:00046C24       Controls.MoveWindowOrg
 0004:0000858C       Controls.NewStyleControls
 0001:00052704       Controls.NextVisibleZone
 0001:00045044       Controls.ObjectFromHWnd
 0003:00001F20       Controls.OrientArray
 0003:00001EEC       Controls.OuterStyles
 0001:00052B14       Controls.ParentNotLast
 0001:00045370       Controls.PerformEraseBackground
 0001:0004CB98       Controls.PointsEqual
 0004:000085D0       Controls.QualifyingSites
 0001:00053880       Controls.ReadControlName
 0001:00045F24       Controls.RegisterDockSite
 0004:000085A0       Controls.RM_GetObjectInstance
 0001:00045104       Controls.SendAppMessage
 0001:000453EC       Controls.SetCaptureControl
 0001:00055BD4       Controls.SetImeMode
 0001:0004A828       Controls.SetParentColor
 0003:00001ED4       Controls.ShowFlags
 0001:00054E64       Controls.ShowZone
 0003:00001F34       Controls.SizeCursors
 0001:000458A0       Controls.TBaseDragControlObject.Assign
 0001:0004587C       Controls.TBaseDragControlObject.Create
 0001:000458CC       Controls.TBaseDragControlObject.EndDrag
 0001:000458F0       Controls.TBaseDragControlObject.Finished
 0001:0004ABD8       Controls.TControl.ActionChange
 0001:0004AFC8       Controls.TControl.AdjustSize
 0001:0004ADFC       Controls.TControl.AssignTo
 0001:00048D80       Controls.TControl.BeginAutoDrag
 0001:00048D9C       Controls.TControl.BeginDrag
 0001:000488B8       Controls.TControl.BringToFront
 0001:000497E4       Controls.TControl.CalcCursorPos
 0001:0004994C       Controls.TControl.CalcDockSizes
 0001:000496E4       Controls.TControl.CanAutoSize
 0001:000496E8       Controls.TControl.CanResize
 0001:00048220       Controls.TControl.Changed
 0001:00048230       Controls.TControl.ChangeScale
 0001:0004A35C       Controls.TControl.CheckNewSize
 0001:0004A150       Controls.TControl.Click
 0001:0004B208       Controls.TControl.ClientToParent
 0001:000480A8       Controls.TControl.ClientToScreen
 0001:0004A930       Controls.TControl.CMBiDiModeChanged
 0001:0004A818       Controls.TControl.CMColorChanged
 0001:0004AA60       Controls.TControl.CMDesignHitTest
 0001:0004A7F8       Controls.TControl.CMEnabledChanged
 0001:0004AB78       Controls.TControl.CMFloat
 0001:0004A808       Controls.TControl.CMFontChanged
 0001:0004B054       Controls.TControl.CMHintShow
 0001:0004A9E0       Controls.TControl.CMHitTest
 0001:0004B318       Controls.TControl.CMMouseActivate
 0001:0004A9E8       Controls.TControl.CMMouseEnter
 0001:0004AA24       Controls.TControl.CMMouseLeave
 0001:0004A8C0       Controls.TControl.CMMouseWheel
 0001:0004A89C       Controls.TControl.CMParentBiDiModeChanged
 0001:0004A860       Controls.TControl.CMParentColorChanged
 0001:0004A98C       Controls.TControl.CMParentFontChanged
 0001:0004A950       Controls.TControl.CMParentShowHintChanged
 0001:0004A9BC       Controls.TControl.CMSysFontChanged
 0001:0004A7D0       Controls.TControl.CMVisibleChanged
 0001:000497B4       Controls.TControl.ConstrainedResize
 0001:00047480       Controls.TControl.Create
 0001:0004AA68       Controls.TControl.CreateFloatingDockSite
 0001:0004A1BC       Controls.TControl.DblClick
 0001:00049224       Controls.TControl.DefaultDockImage
 0001:00049CC4       Controls.TControl.DefaultHandler
 0001:00049FC0       Controls.TControl.DefineProperties
 0001:00049810       Controls.TControl.DesignWndProc
 0001:00047578       Controls.TControl.Destroy
 0001:0004ACD8       Controls.TControl.DoActionChange
 0001:00049718       Controls.TControl.DoCanAutoSize
 0001:00049784       Controls.TControl.DoCanResize
 0001:00047D78       Controls.TControl.Dock
 0001:00049020       Controls.TControl.DockTrackNoTarget
 0001:00049844       Controls.TControl.DoConstrainedResize
 0001:000496D4       Controls.TControl.DoConstraintsChange
 0001:0004B1C8       Controls.TControl.DoContextPopup
 0001:00047EA8       Controls.TControl.DoDock
 0001:00049370       Controls.TControl.DoDragMsg
 0001:00049038       Controls.TControl.DoEndDock
 0001:00048F20       Controls.TControl.DoEndDrag
 0001:0004B33C       Controls.TControl.DoMarginChange
 0001:00049084       Controls.TControl.DoMouseActivate
 0001:0004A214       Controls.TControl.DoMouseDown
 0001:0004A58C       Controls.TControl.DoMouseUp
 0001:000490B8       Controls.TControl.DoMouseWheel
 0001:0004918C       Controls.TControl.DoMouseWheelDown
 0001:000491D8       Controls.TControl.DoMouseWheelUp
 0001:00049064       Controls.TControl.DoStartDock
 0001:00048F00       Controls.TControl.DoStartDrag
 0001:00048E88       Controls.TControl.DragCanceled
 0001:00048ED4       Controls.TControl.DragDrop
 0001:00048E8C       Controls.TControl.Dragging
 0001:00048E98       Controls.TControl.DragOver
 0001:00049350       Controls.TControl.DrawDragDockImage
 0001:0004AFE8       Controls.TControl.DrawTextBiDiModeFlags
 0001:0004B028       Controls.TControl.DrawTextBiDiModeFlagsReadingOnly
 0001:00049360       Controls.TControl.EraseDragDockImage
 0001:000486D8       Controls.TControl.FontChanged
 0001:00047700       Controls.TControl.GetAction
 0001:0004ACFC       Controls.TControl.GetActionLinkClass
 0001:0004B350       Controls.TControl.GetAlignWithMargins
 0001:00047F38       Controls.TControl.GetBoundsRect
 0001:00047FD8       Controls.TControl.GetClientHeight
 0001:00048018       Controls.TControl.GetClientOrigin
 0001:00047F7C       Controls.TControl.GetClientRect
 0001:00047F94       Controls.TControl.GetClientWidth
 0001:00048D30       Controls.TControl.GetControlsAlignment
 0001:00048978       Controls.TControl.GetDeviceContext
 0001:0004AEE4       Controls.TControl.GetDockEdge
 0001:00047640       Controls.TControl.GetDragImages
 0001:00047644       Controls.TControl.GetEnabled
 0001:0004AF94       Controls.TControl.GetFloating
 0001:0004AFC0       Controls.TControl.GetFloatingDockSiteClass
 0001:00048880       Controls.TControl.GetMouseCapture
 0001:0004764C       Controls.TControl.GetPalette
 0001:00047658       Controls.TControl.GetParentComponent
 0001:0004A354       Controls.TControl.GetPopupMenu
 0001:00048628       Controls.TControl.GetText
 0001:000485A8       Controls.TControl.GetTextBuf
 0001:00048598       Controls.TControl.GetTextLen
 0001:000485B4       Controls.TControl.GetUndockHeight
 0001:000485C8       Controls.TControl.GetUndockWidth
 0001:00047650       Controls.TControl.HasParent
 0001:0004B044       Controls.TControl.InitiateAction
 0001:00048B38       Controls.TControl.Invalidate
 0001:00048AAC       Controls.TControl.InvalidateControl
 0001:0004782C       Controls.TControl.IsAnchorsStored
 0001:0004874C       Controls.TControl.IsBiDiModeStored
 0001:0004AD04       Controls.TControl.IsCaptionStored
 0001:00048814       Controls.TControl.IsColorStored
 0001:0004AD24       Controls.TControl.IsEnabledStored
 0001:0004872C       Controls.TControl.IsFontStored
 0001:0004AD64       Controls.TControl.IsHelpContextStored
 0001:0004AD44       Controls.TControl.IsHintStored
 0001:0004ADA4       Controls.TControl.IsOnClickStored
 0001:00048740       Controls.TControl.IsShowHintStored
 0001:0004AD84       Controls.TControl.IsVisibleStored
 0001:0004ADC4       Controls.TControl.Loaded
 0001:00049460       Controls.TControl.ManualDock
 0001:00049640       Controls.TControl.ManualFloat
 0001:00048B4C       Controls.TControl.MouseActivate
 0001:0004A1DC       Controls.TControl.MouseDown
 0001:0004A4A8       Controls.TControl.MouseMove
 0001:0004A554       Controls.TControl.MouseUp
 0001:00048B94       Controls.TControl.MouseWheelHandler
 0001:00047944       Controls.TControl.Notification
 0001:00047684       Controls.TControl.PaletteChanged
 0001:00049918       Controls.TControl.Perform
 0001:00048F4C       Controls.TControl.PositionDockRect
 0001:0004B42C       Controls.TControl.ReadExplicitHeight
 0001:0004B444       Controls.TControl.ReadExplicitLeft
 0001:0004B414       Controls.TControl.ReadExplicitTop
 0001:0004B3EC       Controls.TControl.ReadExplicitWidth
 0001:00049D4C       Controls.TControl.ReadIsControl
 0001:000478B0       Controls.TControl.ReadState
 0001:00048C28       Controls.TControl.Refresh
 0001:00048C34       Controls.TControl.Repaint
 0001:00047880       Controls.TControl.RequestAlign
 0001:00047890       Controls.TControl.Resize
 0001:000480D4       Controls.TControl.ScaleConstraints
 0001:00048158       Controls.TControl.ScreenToClient
 0001:00048184       Controls.TControl.SendCancelMode
 0001:000481B4       Controls.TControl.SendDockNotification
 0001:000477B0       Controls.TControl.SetAction
 0001:0004799C       Controls.TControl.SetAlign
 0001:0004B358       Controls.TControl.SetAlignWithMargins
 0001:00047710       Controls.TControl.SetAnchors
 0001:000483F4       Controls.TControl.SetAutoSize
 0001:000486BC       Controls.TControl.SetBiDiMode
 0001:00047A84       Controls.TControl.SetBounds
 0001:00047F58       Controls.TControl.SetBoundsRect
 0001:00047FF0       Controls.TControl.SetClientHeight
 0001:000484B4       Controls.TControl.SetClientSize
 0001:00047FAC       Controls.TControl.SetClientWidth
 0001:000487C8       Controls.TControl.SetColor
 0001:0004B1FC       Controls.TControl.SetConstraints
 0001:00048864       Controls.TControl.SetCursor
 0001:00047844       Controls.TControl.SetDesignVisible
 0001:0004787C       Controls.TControl.SetDragMode
 0001:00048580       Controls.TControl.SetEnabled
 0001:0004871C       Controls.TControl.SetFont
 0001:00047D44       Controls.TControl.SetHeight
 0001:00047F00       Controls.TControl.SetHelpContext
 0001:00047F14       Controls.TControl.SetHelpKeyword
 0001:00047CA8       Controls.TControl.SetLeft
 0001:0004B344       Controls.TControl.SetMargins
 0001:00048890       Controls.TControl.SetMouseCapture
 0001:00048410       Controls.TControl.SetName
 0001:000484FC       Controls.TControl.SetParent
 0001:00048840       Controls.TControl.SetParentBiDiMode
 0001:0004881C       Controls.TControl.SetParentColor
 0001:0004765C       Controls.TControl.SetParentComponent
 0001:00048754       Controls.TControl.SetParentFont
 0001:0004879C       Controls.TControl.SetParentShowHint
 0001:000485DC       Controls.TControl.SetPopupMenu
 0001:00048778       Controls.TControl.SetShowHint
 0001:00048658       Controls.TControl.SetText
 0001:00048604       Controls.TControl.SetTextBuf
 0001:00047CDC       Controls.TControl.SetTop
 0001:00048548       Controls.TControl.SetVisible
 0001:00047D10       Controls.TControl.SetWidth
 0001:00048954       Controls.TControl.SetZOrder
 0001:000488CC       Controls.TControl.SetZOrderPosition
 0001:00048C14       Controls.TControl.Update
 0001:00047B24       Controls.TControl.UpdateAnchorRules
 0001:000499C0       Controls.TControl.UpdateBoundsRect
 0001:0004B388       Controls.TControl.UpdateExplicitBounds
 0001:00048D4C       Controls.TControl.UseRightToLeftAlignment
 0001:00048D34       Controls.TControl.UseRightToLeftReading
 0001:00048D64       Controls.TControl.UseRightToLeftScrollBar
 0001:000499F0       Controls.TControl.VisibleChanging
 0001:0004A6E0       Controls.TControl.WMCancelMode
 0001:0004B084       Controls.TControl.WMContextMenu
 0001:0004A300       Controls.TControl.WMLButtonDblClk
 0001:0004A298       Controls.TControl.WMLButtonDown
 0001:0004A5C4       Controls.TControl.WMLButtonUp
 0001:0004A47C       Controls.TControl.WMMButtonDblClk
 0001:0004A450       Controls.TControl.WMMButtonDown
 0001:0004A668       Controls.TControl.WMMButtonUp
 0001:0004A4DC       Controls.TControl.WMMouseMove
 0001:0004A688       Controls.TControl.WMMouseWheel
 0001:0004A2E4       Controls.TControl.WMNCLButtonDown
 0001:0004A424       Controls.TControl.WMRButtonDblClk
 0001:0004A3F8       Controls.TControl.WMRButtonDown
 0001:0004A648       Controls.TControl.WMRButtonUp
 0001:0004A720       Controls.TControl.WMWindowPosChanged
 0001:000499F4       Controls.TControl.WndProc
 0001:0004B3CC       Controls.TControl.WriteExplicitHeight
 0001:0004B3DC       Controls.TControl.WriteExplicitLeft
 0001:0004B3BC       Controls.TControl.WriteExplicitTop
 0001:0004B404       Controls.TControl.WriteExplicitWidth
 0001:00049D60       Controls.TControl.WriteIsControl
 0001:0004702C       Controls.TControlActionLink.AssignClient
 0001:00047048       Controls.TControlActionLink.DoShowHint
 0001:00047138       Controls.TControlActionLink.IsCaptionLinked
 0001:000471AC       Controls.TControlActionLink.IsDropdownMenuLinked
 0001:000471C0       Controls.TControlActionLink.IsEnabledLinked
 0001:000471F4       Controls.TControlActionLink.IsEnableDropdownLinked
 0001:00047394       Controls.TControlActionLink.IsHelpLinked
 0001:00047208       Controls.TControlActionLink.IsHintLinked
 0001:000472B4       Controls.TControlActionLink.IsOnExecuteLinked
 0001:00047240       Controls.TControlActionLink.IsPopupMenuLinked
 0001:00047280       Controls.TControlActionLink.IsVisibleLinked
 0001:000472DC       Controls.TControlActionLink.SetCaption
 0001:000472FC       Controls.TControlActionLink.SetDropdownMenu
 0001:00047300       Controls.TControlActionLink.SetEnabled
 0001:00047320       Controls.TControlActionLink.SetEnableDropdown
 0001:0004741C       Controls.TControlActionLink.SetHelpContext
 0001:000473FC       Controls.TControlActionLink.SetHelpKeyword
 0001:0004743C       Controls.TControlActionLink.SetHelpType
 0001:00047324       Controls.TControlActionLink.SetHint
 0001:00047368       Controls.TControlActionLink.SetOnExecute
 0001:0004745C       Controls.TControlActionLink.SetPopupMenu
 0001:00047348       Controls.TControlActionLink.SetVisible
 0001:00046DE8       Controls.TControlCanvas.CreateHandle
 0001:00046DBC       Controls.TControlCanvas.Destroy
 0001:00046E90       Controls.TControlCanvas.FreeHandle
 0001:00046EC4       Controls.TControlCanvas.SetControl
 0001:00046EDC       Controls.TControlCanvas.UpdateTextFlags
 0001:000525A8       Controls.TCustomControl.Create
 0001:00052604       Controls.TCustomControl.Destroy
 0001:00052700       Controls.TCustomControl.Paint
 0001:00052654       Controls.TCustomControl.PaintWindow
 0001:00052634       Controls.TCustomControl.WMPaint
 0001:00055F14       Controls.TCustomListControl.MoveSelection
 0001:000552BC       Controls.TDockTree.ActualSize
 0001:00052F8C       Controls.TDockTree.AdjustDockRect
 0001:00055350       Controls.TDockTree.AdjustFrameRect
 0001:00052FA4       Controls.TDockTree.BeginUpdate
 0001:00054F9C       Controls.TDockTree.ControlVisibilityChanged
 0001:00052DD0       Controls.TDockTree.Create
 0001:00052F38       Controls.TDockTree.Destroy
 0001:00054B9C       Controls.TDockTree.DrawSizeSplitter
 0001:00052FA8       Controls.TDockTree.EndUpdate
 0001:00053658       Controls.TDockTree.FindControlAtPos
 0001:00053014       Controls.TDockTree.FindControlZone
 0001:0005307C       Controls.TDockTree.ForEachAt
 0001:00053094       Controls.TDockTree.GetControlBounds
 0001:00054D18       Controls.TDockTree.GetNextLimit
 0001:00053108       Controls.TDockTree.HitTest
 0001:00053118       Controls.TDockTree.InsertControl
 0001:00053334       Controls.TDockTree.InsertNewParent
 0001:000534DC       Controls.TDockTree.InsertSibling
 0001:000537F8       Controls.TDockTree.InternalHitTest
 0001:000538C8       Controls.TDockTree.LoadFromStream
 0001:00055390       Controls.TDockTree.MouseDown
 0001:00055544       Controls.TDockTree.MouseMove
 0001:00055594       Controls.TDockTree.MouseUp
 0001:00053D94       Controls.TDockTree.PaintDockFrame
 0001:00053EE8       Controls.TDockTree.PaintSite
 0001:0005401C       Controls.TDockTree.PositionDockRect
 0001:000541CC       Controls.TDockTree.PruneZone
 0001:00055324       Controls.TDockTree.ReferenceFromOrient
 0001:000552EC       Controls.TDockTree.RelativeSize
 0001:00054228       Controls.TDockTree.RemoveControl
 0001:00054268       Controls.TDockTree.RemoveZone
 0001:00054508       Controls.TDockTree.ResetBounds
 0001:000547BC       Controls.TDockTree.SaveToStream
 0001:000545F0       Controls.TDockTree.ScaleZone
 0001:000549F8       Controls.TDockTree.SetNewBounds
 0001:00054A28       Controls.TDockTree.SetReplacingControl
 0001:00054A40       Controls.TDockTree.ShiftZone
 0001:00055608       Controls.TDockTree.ShowHint
 0001:00054A74       Controls.TDockTree.SplitterMouseDown
 0001:00054AD4       Controls.TDockTree.SplitterMouseUp
 0001:00054B50       Controls.TDockTree.UpdateAll
 0001:00054B78       Controls.TDockTree.UpdateZone
 0001:00054B88       Controls.TDockTree.WindowProc
 0001:00055024       Controls.TDockTree.WndProc
 0001:00053554       Controls.TDockTree.ZoneCaptionHitTest
 0001:00052744       Controls.TDockZone.Create
 0001:00052CFC       Controls.TDockZone.ExpandZoneLimit
 0001:00052DC4       Controls.TDockZone.FirstVisibleChild
 0001:00052768       Controls.TDockZone.GetChildCount
 0001:00052A4C       Controls.TDockZone.GetControlName
 0001:000528EC       Controls.TDockZone.GetHeightWidth
 0001:000527D8       Controls.TDockZone.GetLimitBegin
 0001:00052820       Controls.TDockZone.GetLimitSize
 0001:00052868       Controls.TDockZone.GetTopLeft
 0001:000527A0       Controls.TDockZone.GetVisible
 0001:0005277C       Controls.TDockZone.GetVisibleChildCount
 0001:00052CC0       Controls.TDockZone.GetZoneLimit
 0001:00052D9C       Controls.TDockZone.NextVisible
 0001:00052DA8       Controls.TDockZone.PrevVisible
 0001:000529A4       Controls.TDockZone.ResetChildren
 0001:00052D3C       Controls.TDockZone.ResetZoneLimits
 0001:00052A90       Controls.TDockZone.SetControlName
 0001:00052CE8       Controls.TDockZone.SetZoneLimit
 0001:00052B44       Controls.TDockZone.Update
 0001:00045924       Controls.TDragControlObject.GetDragCursor
 0001:0004593C       Controls.TDragControlObject.GetDragImages
 0001:00045948       Controls.TDragControlObject.HideDragImage
 0001:00045968       Controls.TDragControlObject.ShowDragImage
 0001:00045988       Controls.TDragControlObjectEx.BeforeDestruction
 0001:00045AC4       Controls.TDragDockObject.AdjustDockRect
 0001:00045A24       Controls.TDragDockObject.Assign
 0001:0004598C       Controls.TDragDockObject.Create
 0001:000459F4       Controls.TDragDockObject.Destroy
 0001:00045B40       Controls.TDragDockObject.DrawDragDockImage
 0001:00045A84       Controls.TDragDockObject.EndDrag
 0001:00045B54       Controls.TDragDockObject.EraseDragDockImage
 0001:00045B68       Controls.TDragDockObject.GetDragCursor
 0001:00045B74       Controls.TDragDockObject.GetEraseWhenMoving
 0001:00045B78       Controls.TDragDockObject.GetFrameWidth
 0001:00045B80       Controls.TDragDockObjectEx.BeforeDestruction
 0001:000523E8       Controls.TDragImageList.BeginDrag
 0001:0005245C       Controls.TDragImageList.DragLock
 0001:000524E4       Controls.TDragImageList.DragMove
 0001:000524C0       Controls.TDragImageList.DragUnlock
 0001:00052558       Controls.TDragImageList.EndDrag
 0001:00052540       Controls.TDragImageList.HideDragImage
 0001:000523C4       Controls.TDragImageList.SetDragCursor
 0001:0005237C       Controls.TDragImageList.SetDragImage
 0001:00052528       Controls.TDragImageList.ShowDragImage
 0001:0004586C       Controls.TDragObject.AfterConstruction
 0001:00045618       Controls.TDragObject.Assign
 0001:0004585C       Controls.TDragObject.BeforeDestruction
 0001:00045658       Controls.TDragObject.Capture
 0001:00045670       Controls.TDragObject.Finished
 0001:000457E8       Controls.TDragObject.GetDragCursor
 0001:000457E4       Controls.TDragObject.GetDragImages
 0001:00045678       Controls.TDragObject.GetName
 0001:00045800       Controls.TDragObject.HideDragImage
 0001:00045804       Controls.TDragObject.Instance
 0001:00045810       Controls.TDragObject.MainWndProc
 0001:000456A0       Controls.TDragObject.ReleaseCapture
 0001:0004580C       Controls.TDragObject.ShowDragImage
 0001:000456B4       Controls.TDragObject.WndProc
 0001:00051BFC       Controls.TGraphicControl.Create
 0001:00051C58       Controls.TGraphicControl.Destroy
 0001:00051D40       Controls.TGraphicControl.Paint
 0001:00051C98       Controls.TGraphicControl.WMPaint
 0001:00052030       Controls.THintWindow.ActivateHint
 0001:00052224       Controls.THintWindow.ActivateHintData
 0001:0005224C       Controls.THintWindow.CalcHintRect
 0001:00051F98       Controls.THintWindow.CMTextChanged
 0001:00051D44       Controls.THintWindow.Create
 0001:00051DB0       Controls.THintWindow.CreateParams
 0001:00051F28       Controls.THintWindow.IsHintMsg
 0001:000522A8       Controls.THintWindow.NCPaint
 0001:00051E80       Controls.THintWindow.Paint
 0001:00051F8C       Controls.THintWindow.ReleaseHandle
 0001:00052338       Controls.THintWindow.ShouldHideHint
 0001:00051E14       Controls.THintWindow.WMNCHitTest
 0001:00051E1C       Controls.THintWindow.WMNCPaint
 0001:00052314       Controls.THintWindow.WMPrint
 0001:00055F74       Controls.TMargins.AssignTo
 0001:00055FBC       Controls.TMargins.Change
 0001:00055F30       Controls.TMargins.Create
 0001:00056134       Controls.TMargins.GetControlBound
 0001:00055FD0       Controls.TMargins.InitDefaults
 0001:00056048       Controls.TMargins.SetControlBounds
 0001:00055FF0       Controls.TMargins.SetMargin
 0001:000556FC       Controls.TMouse.Create
 0001:0005578C       Controls.TMouse.CreatePanningWindow
 0001:000557B8       Controls.TMouse.Destroy
 0001:000557E8       Controls.TMouse.GetCapture
[...]
  6376 0001:000082EF  6378 0001:000082F0  6379 0001:000082FC  6380 0001:000082FF
  6381 0001:00008300  6382 0001:0000830C  6383 0001:0000830F  6385 0001:00008310
  6388 0001:00008313  6348 0001:00008314  6391 0001:0000831F  6392 0001:00008321
  6405 0001:00008354  6407 0001:0000837A  6408 0001:00008391  6409 0001:000083A3
  6410 0001:000083B8  6411 0001:000083CD  6412 0001:000083E2  6414 0001:000083F5
  6416 0001:00008408  6419 0001:00008412  6424 0001:00008418  6426 0001:0000841D
  6428 0001:00008430  6434 0001:0000843D  6435 0001:00008443  6437 0001:00008458
  6442 0001:0000846D  6445 0001:00008480  6446 0001:00008485  6448 0001:0000849A
  6449 0001:000084AD  6451 0001:000084B9  6453 0001:000084BF  6454 0001:000084C4
  6456 0001:000084D9  6457 0001:000084EC  6458 0001:000084F8  6459 0001:0000850B
  6462 0001:0000851C  6463 0001:00008527  6465 0001:00008537  6466 0001:0000854A
  6480 0001:00008556  6482 0001:00008569  6483 0001:0000857C  6484 0001:0000858B
  6485 0001:00008595  6487 0001:0000859A  6504 0001:000085A6  6506 0001:000085AC
  6507 0001:000085BF  6510 0001:000085CB  6511 0001:000085DE  6516 0001:000085EC
  6518 0001:000085F2  6519 0001:00008605  6522 0001:00008611  6523 0001:00008624
  6526 0001:00008630  6528 0001:00008636  6529 0001:00008649  6530 0001:00008655
  6531 0001:00008668  6537 0001:0000867B  6540 0001:0000868E  6543 0001:000086AE
  6546 0001:000086B9  6547 0001:000086BC  6548 0001:000086BD  6549 0001:000086C0
  6551 0001:000086C1  6554 0001:000086C4  6561 0001:000086D9  6562 0001:000086E9
  6564 0001:000086FA  6576 0001:00008AF4  6578 0001:00008B12  6579 0001:00008B16
  6581 0001:00008B2F  6582 0001:00008B46  6584 0001:00008B5B  6586 0001:00008B68
  6589 0001:00008B70  6591 0001:00008B76  6592 0001:00008B89  6593 0001:00008B95
  6594 0001:00008BA8  6596 0001:00008BB9  6598 0001:00008BCC  6599 0001:00008BDB
  6600 0001:00008BE4  6602 0001:00008BE6  6604 0001:00008BEA  6608 0001:00008BF5
  6609 0001:00008C0B  6610 0001:00008C18  6611 0001:00008C2D  6634 0001:00008C40
  6636 0001:00008C46  6637 0001:00008C59  6640 0001:00008C65  6641 0001:00008C78
  6646 0001:00008C86  6647 0001:00008C89  6648 0001:00008C8A  6649 0001:00008C8D
  6650 0001:00008C8E  6654 0001:00008CA1  6657 0001:00008CAC  6658 0001:00008CAF
  6659 0001:00008CB0  6660 0001:00008CB3  6662 0001:00008CB4  6664 0001:00008CB7
  6665 0001:00008CCC  6673 0001:00008E70  6674 0001:00008E81  6675 0001:00008E8A
  6677 0001:00008E90  6680 0001:00008EB1  6685 0001:00008ECD  6693 0001:00008EE0
  6697 0001:00008EF8  6700 0001:00008F09  6701 0001:00008F0B  6703 0001:00008F19
  6704 0001:00008F2B  6707 0001:00008F2F  6708 0001:00008F31  6711 0001:00008F38
  6713 0001:00008F41  6714 0001:00008F4A  6716 0001:00008F4F  6717 0001:00008F54
  6720 0001:00008F62  6721 0001:00008F70  6725 0001:00008F7A  6729 0001:00008F9D
  6731 0001:00008FB2  6733 0001:00008FBA  6735 0001:00008FC1  6737 0001:00008FD0
  6738 0001:00008FD5  6740 0001:00008FDD  6747 0001:00008FF1  6749 0001:00008FF4
  6751 0001:00008FFC  6755 0001:00009001  6760 0001:00009013  6762 0001:00009020
  6767 0001:0000902C  6769 0001:00009035  6770 0001:00009042  6774 0001:00009060
  6776 0001:0000906E  6781 0001:00009072  6783 0001:0000907E  6785 0001:00009080
  6791 0001:00009084  6793 0001:0000908D  6794 0001:00009096  6796 0001:0000909B
  6799 0001:000090A3  6802 0001:000090B4  6803 0001:000090B9  6806 0001:000090C7
  6807 0001:000090CE  6810 0001:000090D6  6812 0001:000090DD  6814 0001:000090EF
  6816 0001:000090F7  6818 0001:000090FC  6821 0001:0000910B  6823 0001:00009112
  6826 0001:00009119  6829 0001:00009130  6834 0001:0000913D  6836 0001:00009144
  6844 0001:00009150  6846 0001:0000915E  6847 0001:00009167  6849 0001:0000916C
  6852 0001:00009179  6855 0001:0000918B  6858 0001:00009193  6861 0001:000091A6
  6862 0001:000091B1  6865 0001:000091B7  6866 0001:000091BC  6870 0001:000091CA
  6872 0001:000091D2  6873 0001:000091DB  6875 0001:000091E4  6878 0001:000091F6
  6881 0001:00009203  6882 0001:00009209  6883 0001:0000920E  6885 0001:00009211
  6887 0001:0000921D  6891 0001:00009227  6897 0001:0000922E  6898 0001:00009233
  6901 0001:00009241  6909 0001:0000925B  6911 0001:00009264  6914 0001:00009279
  6917 0001:00009286  6922 0001:0000928E  6924 0001:00009293  6928 0001:0000929C
  6929 0001:000092A3  6931 0001:000092AC  6932 0001:000092B0  6933 0001:000092BB
  6938 0001:000092C4  6940 0001:000092C7  6943 0001:000092CE  6946 0001:000092D3
  6950 0001:000092DA  6958 0001:000092DC  6960 0001:000092ED  6965 0001:000092FC
  6967 0001:00009304  6969 0001:00009312  6972 0001:00009322  6976 0001:0000932E
  6981 0001:00009335  6982 0001:00009349  6985 0001:0000934E  6962 0001:00009357
  6987 0001:0000935F  6998 0001:00009368  7002 0001:00009377  7003 0001:0000937C
  7005 0001:0000938A  7008 0001:00009395  7009 0001:0000939E  7011 0001:000093A2
  7013 0001:000093A9  7016 0001:000093B1  7019 0001:000093B9  7023 0001:000093C8
  7025 0001:000093D5  7028 0001:000093E5  7032 0001:000093F0  7038 0001:000093F7
  7039 0001:00009409  7042 0001:0000940E  7009 0001:00009417  7045 0001:0000941B
  7006 0001:0000941E  7048 0001:0000942A  7051 0001:00009432  7053 0001:00009442
  7056 0001:00009454  7060 0001:0000945F  7062 0001:00009464  7049 0001:00009467
  7066 0001:0000947C  7068 0001:00009489  7091 0001:00009490  7093 0001:00009493
  7094 0001:0000949D  7104 0001:000094A0  7105 0001:000094BE  7106 0001:000094DC
  7107 0001:000094FA  7108 0001:00009518  7110 0001:00009536  7111 0001:00009554
  7112 0001:00009572  7113 0001:00009590  7114 0001:000095AE  7116 0001:000095CC
  7117 0001:000095EA  7118 0001:00009608  7119 0001:00009626  7120 0001:00009644
  7122 0001:00009662  7123 0001:00009680  7124 0001:0000969E  7125 0001:000096BC
  7126 0001:000096DA  7128 0001:000096F8  7129 0001:00009716  7130 0001:00009734
  7131 0001:00009752  7132 0001:00009770  7134 0001:0000978E  7135 0001:000097AC
  7136 0001:000097CA  7137 0001:000097E8  7138 0001:00009806  7140 0001:00009824
  7141 0001:00009842  7142 0001:00009860  7143 0001:0000987E  7144 0001:0000989C
  7146 0001:000098BA  7147 0001:000098D8  7148 0001:000098F6  7149 0001:00009914
  7150 0001:00009932  7152 0001:00009950  7153 0001:00009955  7165 0001:00009958
  7167 0001:0000998D  7169 0001:000099A5  7171 0001:000099AD  7173 0001:000099B5
  7175 0001:000099CC  7178 0001:000099DC  7179 0001:000099E6  7181 0001:000099F3
  7182 0001:00009A06  7185 0001:00009A11  7186 0001:00009A24  7188 0001:00009A2A
  7192 0001:00009A86  7193 0001:00009A99  7196 0001:00009AA5  7198 0001:00009AB2
  7199 0001:00009AC5  7202 0001:00009AD3  7204 0001:00009AD9  7205 0001:00009AEC
  7208 0001:00009AF8  7209 0001:00009B0B  7211 0001:00009B17  7213 0001:00009B1D
  7214 0001:00009B30  7215 0001:00009B3C  7216 0001:00009B4F  7219 0001:00009B60
  7221 0001:00009B66  7222 0001:00009B79  7223 0001:00009B85  7224 0001:00009B98
  7230 0001:00009BAB  7233 0001:00009BBE  7236 0001:00009BCC  7239 0001:00009BD7
  7240 0001:00009BDA  7241 0001:00009BDB  7242 0001:00009BDE  7244 0001:00009BDF
  7247 0001:00009BE2  7254 0001:00009BF7  7255 0001:00009C07  7258 0001:00009C18
  7259 0001:00009C28  7309 0001:00009E90  7311 0001:00009E99  7313 0001:00009E9E
  7314 0001:00009EA3  7317 0001:00009EAB  7319 0001:00009EB3  7320 0001:00009EB5
  7325 0001:00009EBA  7338 0001:00009EF1  7340 0001:00009EFF  7342 0001:00009F05
  7345 0001:00009F0B  7346 0001:00009F11  7347 0001:00009F18  7348 0001:00009F1D
  7350 0001:00009F27  7352 0001:00009F2F  7353 0001:00009F3A  7355 0001:00009F42
  7357 0001:00009F47  7360 0001:00009F4C  7361 0001:00009F53  7314 0001:00009F55
  7365 0001:00009F5D  7368 0001:00009F63  7369 0001:00009F6B  7371 0001:00009F6F
  7375 0001:00009F7D  7377 0001:00009F8B  7378 0001:00009F98  7387 0001:00009F9F
  7389 0001:00009FAC  7390 0001:00009FAE  7392 0001:00009FB2  7393 0001:00009FB8
  7394 0001:00009FBC  7395 0001:00009FBE  7399 0001:00009FC3  7400 0001:00009FCB
  7401 0001:00009FCF  7402 0001:00009FD1  7404 0001:00009FD6  7406 0001:00009FDB
  7410 0001:00009FE8  7413 0001:00009FEB  7419 0001:00009FF7  7420 0001:00009FFE
  7422 0001:0000A010  7416 0001:0000A017  7427 0001:0000A029  7428 0001:0000A032
  7430 0001:0000A04A  7431 0001:0000A054  7438 0001:0000A058  7443 0001:0000A05E
  7445 0001:0000A066  7449 0001:0000A06B  7450 0001:0000A070  7452 0001:0000A077
  7454 0001:0000A09C  7455 0001:0000A0A3  7529 0001:0000A0A8  7534 0001:0000A0AE
  7536 0001:0000A0B6  7540 0001:0000A0BB  7541 0001:0000A0C0  7543 0001:0000A0C7
  7545 0001:0000A0EC  7546 0001:0000A0F3  7637 0001:0000A0F8  7639 0001:0000A0FA
  7641 0001:0000A104  7642 0001:0000A106  7655 0001:0000A109  7661 0001:0000A10E
  7663 0001:0000A111  7665 0001:0000A11A  7667 0001:0000A122  7668 0001:0000A124
  7672 0001:0000A127  7675 0001:0000A12A  7676 0001:0000A12F  7678 0001:0000A135
  7680 0001:0000A13A  7681 0001:0000A13C  7683 0001:0000A13F  7676 0001:0000A140
  7686 0001:0000A143  7687 0001:0000A148  7689 0001:0000A14C  7694 0001:0000A150
  7695 0001:0000A155  7697 0001:0000A15B  7699 0001:0000A161  7700 0001:0000A163
  7702 0001:0000A166  7695 0001:0000A169  7705 0001:0000A16C  7706 0001:0000A172
  7708 0001:0000A176  7710 0001:0000A178  7762 0001:0000A17C  7764 0001:0000A189
  7765 0001:0000A18B  7768 0001:0000A194  7769 0001:0000A197  7773 0001:0000A19C
  7774 0001:0000A1A1  7775 0001:0000A1A8  7777 0001:0000A1BE  7778 0001:0000A1C0
  7781 0001:0000A1C2  7783 0001:0000A1C7  7799 0001:0000A1D2  7800 0001:0000A1D5
  7802 0001:0000A1EB  7803 0001:0000A1ED  7806 0001:0000A1EF  7807 0001:0000A1F4
  7808 0001:0000A20A  7810 0001:0000A20C  7825 0001:0000A218  7827 0001:0000A223
  7829 0001:0000A22F  7832 0001:0000A236  7833 0001:0000A241  7835 0001:0000A251
  7840 0001:0000A263  7843 0001:0000A26F  7850 0001:0000A281  7853 0001:0000A28F
  7855 0001:0000A295  7858 0001:0000A29F  7860 0001:0000A2C0  7867 0001:0000A2CA
  7870 0001:0000A2D5  7872 0001:0000A2D7  7874 0001:0000A2E2  7907 0001:0000A2E8
  7908 0001:0000A306  7909 0001:0000A30D  7917 0001:0000A314  7920 0001:0000A319
  7929 0001:0000A32D  7918 0001:0000A32E  7931 0001:0000A336  7932 0001:0000A33E
  7934 0001:0000A349  7937 0001:0000A34B  7945 0001:0000A354  7949 0001:0000A364
  7837 0001:0000A36D  7951 0001:0000A379  7954 0001:0000A380  7957 0001:0000A3A5
  7958 0001:0000A3B7  7960 0001:0000A3C9  7962 0001:0000A3D1  7965 0001:0000A3D8
  7968 0001:0000A3E3  7969 0001:0000A3EC  7971 0001:0000A3F4  7973 0001:0000A3FB
  7976 0001:0000A407  7978 0001:0000A414  7981 0001:0000A41C  7985 0001:0000A42A
  7991 0001:0000A44B  7993 0001:0000A457  7996 0001:0000A461  7998 0001:0000A474
  8001 0001:0000A492  8003 0001:0000A49B  8006 0001:0000A4A4  8010 0001:0000A4AD
  8011 0001:0000A4C0  8022 0001:0000A4C8  8026 0001:0000A4D6  7969 0001:0000A4DF
  8029 0001:0000A4E7  7966 0001:0000A4EA  8032 0001:0000A4F6  8035 0001:0000A503
  8038 0001:0000A50E  8044 0001:0000A52E  8046 0001:0000A53A  8049 0001:0000A540
  8051 0001:0000A552  8054 0001:0000A570  8056 0001:0000A579  8059 0001:0000A585
  8063 0001:0000A58E  8064 0001:0000A59B  8068 0001:0000A5A1  8036 0001:0000A5A4
  8071 0001:0000A5B0  8074 0001:0000A5BD  8075 0001:0000A5C4  8077 0001:0000A5CC
  8079 0001:0000A5E1  8081 0001:0000A601  8083 0001:0000A613  8084 0001:0000A61D
  8085 0001:0000A626  8087 0001:0000A62E  8089 0001:0000A635  8093 0001:0000A642
  8096 0001:0000A650  8099 0001:0000A659  8101 0001:0000A662  8102 0001:0000A672
  8105 0001:0000A679  8107 0001:0000A682  8108 0001:0000A685  8109 0001:0000A686
  8110 0001:0000A689  8111 0001:0000A68A  8112 0001:0000A697  8113 0001:0000A69A
  8114 0001:0000A69B  8115 0001:0000A69E  8116 0001:0000A69F  8117 0001:0000A6A2
  8118 0001:0000A6A3  8119 0001:0000A6B0  8120 0001:0000A6C0  8124 0001:0000A6C9
  8125 0001:0000A6CC  8126 0001:0000A6CD  8127 0001:0000A6D0  8130 0001:0000A6D1
  8134 0001:0000A6DF  8139 0001:0000A6F1  8144 0001:0000A703  8163 0001:0000A715
  8170 0001:0000A71E  8171 0001:0000A721  8172 0001:0000A722  8173 0001:0000A725
  8174 0001:0000A726  8175 0001:0000A729  8176 0001:0000A72A  8178 0001:0000A732
  8089 0001:0000A736  8179 0001:0000A73F  8180 0001:0000A74B  8079 0001:0000A75C
  8182 0001:0000A768  8185 0001:0000A771  8187 0001:0000A77A  8188 0001:0000A77D
  8189 0001:0000A77E  8190 0001:0000A781  8191 0001:0000A782  8192 0001:0000A785
  8193 0001:0000A786  8194 0001:0000A789  8197 0001:0000A78A  8199 0001:0000A79A
  8201 0001:0000A7AE  8203 0001:0000A7B2  8204 0001:0000A7B5  8205 0001:0000A7B6
  8206 0001:0000A7B9  8208 0001:0000A7BA  8211 0001:0000A7C2  8213 0001:0000A7CC
  8199 0001:0000A7D0  8217 0001:0000A7D3  8219 0001:0000A7E3  8229 0001:0000A7FA
  8230 0001:0000A80A  8235 0001:0000A81B  8539 0001:0000A9F4  8541 0001:0000A9FF
  8545 0001:0000AA04  8547 0001:0000AA07  8549 0001:0000AA14  8542 0001:0000AA16
  8552 0001:0000AA1A  8554 0001:0000AA24  8555 0001:0000AA29  8556 0001:0000AA2E
  8557 0001:0000AA35  8558 0001:0000AA3A  8552 0001:0000AA3D  8560 0001:0000AA40
  8561 0001:0000AA42  8563 0001:0000AA45  8565 0001:0000AA4F  8566 0001:0000AA51
  8567 0001:0000AA53  8568 0001:0000AA56  8563 0001:0000AA59  8570 0001:0000AA5C
  8574 0001:0000AA64  8576 0001:0000AA67  8578 0001:0000AA74  8571 0001:0000AA76
  8581 0001:0000AA7E  8582 0001:0000AA88  8583 0001:0000AA92  8594 0001:0000AA98
  8596 0001:0000AAA2  8608 0001:0000AAA4  8614 0001:0000AAAD  8615 0001:0000AABD
  8617 0001:0000AACD  8621 0001:0000AACF  8631 0001:0000AAD8  8632 0001:0000AAE8
  8635 0001:0000AAF8  8638 0001:0000AAFA  8645 0001:0000AB0E  8646 0001:0000AB1E
  8648 0001:0000AB2E  8652 0001:0000AB30  8653 0001:0000AB32  8661 0001:0000AECC
  8681 0001:0000AED2  8682 0001:0000AED4  8689 0001:0000AEDB  8691 0001:0000AEE0
  8699 0001:0000AEE6  8700 0001:0000AEEC  8702 0001:0000AEF2  8703 0001:0000AF0E
  8702 0001:0000AF17  8706 0001:0000AF1A  8707 0001:0000AF1F  8709 0001:0000AF26
  8713 0001:0000AF45  8714 0001:0000AF4C  8716 0001:0000AF51  8719 0001:0000AF5E
  8720 0001:0000AF63  8722 0001:0000AF68  8724 0001:0000AF73  8726 0001:0000AF7E
  8730 0001:0000AFA3  8731 0001:0000AFAB  8732 0001:0000AFB0  8733 0001:0000AFB8
  8735 0001:0000AFBD  8738 0001:0000AFCB  8742 0001:0000AFE8  8746 0001:0000B003
  8753 0001:0000B00A  8754 0001:0000B00E  8682 0001:0000B012  8770 0001:0000B01B
  8771 0001:0000B025  8773 0001:0000B02F  8775 0001:0000B039  8776 0001:0000B03B
  8777 0001:0000B03D  8778 0001:0000B040  8773 0001:0000B043  8780 0001:0000B046
  8781 0001:0000B050  8786 0001:0000B05A  8788 0001:0000B074  8790 0001:0000B080
  8792 0001:0000B082  8797 0001:0000B0A1  8790 0001:0000B0A2  8799 0001:0000B0AA
  8801 0001:0000B0AF  8811 0001:0000B0B4  8812 0001:0000B0B7  8816 0001:0000B0C0
  8882 0001:0000B0DB  8883 0001:0000B0E5  8884 0001:0000B0EF  8890 0001:0000B0F9
  8893 0001:0000B103  8894 0001:0000B10D  8901 0001:0000B117  8966 0001:0000B11E
  8968 0001:0000B128  8970 0001:0000B132  8978 0001:0000B139  8981 0001:0000B13C
  8983 0001:0000B13F  9008 0001:0000B148  9010 0001:0000B151  9011 0001:0000B163
  9020 0001:0000B16A  9023 0001:0000B174  9030 0001:0000B17B  9033 0001:0000B180
  9035 0001:0000B183  9039 0001:0000B18C  9042 0001:0000B191  9045 0001:0000B19A
  9087 0001:0000B1AA  9089 0001:0000B1B3  9090 0001:0000B1C5  9097 0001:0000B1CC
  9101 0001:0000B1D1  9126 0001:0000B1D4  9129 0001:0000B1F2

Line numbers for FastMM4(..\Sourse\FastMM4.pas) segment .itext

  9103 0002:000000AC  9110 0002:000000B8  9114 0002:000000BD  9119 0002:000000C6
  9124 0002:000000CB

Line numbers for uLibMySQL(..\Sourse\uLibMySQL.pas) segment .text

   467 0001:0006B910   479 0001:0006B918   483 0001:0006B920   485 0001:0006B928
   489 0001:0006B930   500 0001:0006B938   512 0001:0006B940   513 0001:0006B948
   514 0001:0006B950   517 0001:0006B958   538 0001:0006B960   542 0001:0006B966

Line numbers for uData(..\Sourse\uData.pas) segment .itext

    96 0002:00000894    98 0002:000008C1    99 0002:000008D6   100 0002:000008F9
   101 0002:00000908   102 0002:00000912   103 0002:00000924   104 0002:0000094A
   105 0002:00000970   106 0002:00000996   107 0002:000009AD   108 0002:000009C4
   112 0002:000009CB   113 0002:000009DC   114 0002:000009ED   117 0002:00000A17
   118 0002:00000A56   122 0002:00000A95   123 0002:00000A9E   127 0002:00000ACA

Line numbers for uSQL_Func(..\Sourse\uSQL_Func.pas) segment .text

    93 0001:00073B0C    94 0001:00073B1E    95 0001:00073B27    96 0001:00073B36
    97 0001:00073B45   100 0001:00073B60   101 0001:00073B84   102 0001:00073B88
   103 0001:00073B8C   104 0001:00073B91   105 0001:00073B9F   106 0001:00073BAF
   107 0001:00073BB9   108 0001:00073BC6   109 0001:00073BD0   110 0001:00073C18
   111 0001:00073C22   112 0001:00073C26   113 0001:00073C2A   114 0001:00073C36
   115 0001:00073C42   116 0001:00073C4E   117 0001:00073C5A   118 0001:00073C66
   121 0001:00073C8D   122 0001:00073C8F   124 0001:00073CD4   130 0001:00073E44
   132 0001:00073E7C   133 0001:00073E87   134 0001:00073E8B   135 0001:00073E90
   136 0001:00073E9E   137 0001:00073EA8   138 0001:00073EB1   139 0001:00073EBA
   142 0001:00073ECC   143 0001:00073ED0   145 0001:00073EFF   147 0001:00073F05
   148 0001:00073F1A   149 0001:00073F3B   152 0001:00073F97   153 0001:00073F99
   155 0001:00073FE6   227 0001:000740A4   228 0001:000740AF   230 0001:000740B3
   231 0001:000740C0   232 0001:000740CC   233 0001:000740D8   234 0001:000740E4
   247 0001:000740F4   248 0001:0007412F   249 0001:00074136   250 0001:00074144
   251 0001:00074155   252 0001:00074163   253 0001:00074167   254 0001:0007416D
   256 0001:0007417A   257 0001:00074182   259 0001:000741A3   260 0001:000741AC
   261 0001:000741B8   263 0001:0007421A   264 0001:00074222   265 0001:0007422E
   266 0001:00074270   263 0001:00074293   269 0001:00074296   271 0001:000742BA
   272 0001:000742BC   274 0001:00074301   370 0001:00074368   371 0001:00074374
   372 0001:00074381   373 0001:0007438E   374 0001:0007439C   375 0001:000743AA
   376 0001:000743B3   580 0001:000743BC   581 0001:000743CE   582 0001:000743EB
   583 0001:00074408   584 0001:00074426   585 0001:00074444   586 0001:0007444A
   588 0001:00074481

Line numbers for uFileFunction(..\Sourse\uFileFunction.pas) segment .text

    35 0001:00074454    37 0001:00074490    38 0001:000744B7    40 0001:000744BB
    41 0001:000744DF    38 0001:000744EC    43 0001:000744F0    44 0001:000744FB
    69 0001:00074537

Line numbers for uRestore(..\Sourse\uRestore.pas) segment .text

    33 0001:00074740    34 0001:0007475B    35 0001:00074769    36 0001:000747A4
    37 0001:000747B4    38 0001:000747FE    39 0001:0007481F    42 0001:000748B0
    43 0001:000748C4    44 0001:000748D0    45 0001:000748DC    46 0001:00074908
    47 0001:00074926    48 0001:00074932    58 0001:0007498C    59 0001:000749B0
    60 0001:000749BE    61 0001:000749C2    62 0001:000749FB    63 0001:00074A05
    64 0001:00074A1B    65 0001:00074A29    67 0001:00074A44    68 0001:00074A53
    70 0001:00074A5A    71 0001:00074A68    72 0001:00074A74    73 0001:00074A82
    74 0001:00074A92    75 0001:00074AA3    76 0001:00074AB2    77 0001:00074AB9
    80 0001:00074AC0    81 0001:00074AD5    82 0001:00074AF0    85 0001:00074B43
    86 0001:00074B4D    88 0001:00074B52    89 0001:00074B5D    90 0001:00074B66
    94 0001:00074B6F    95 0001:00074BAC    96 0001:00074BDE    97 0001:00074C14
    98 0001:00074C61    99 0001:00074CA6   100 0001:00074D0F   101 0001:00074D8B
   102 0001:00074DD3   104 0001:00074E1B    94 0001:00074E1C   107 0001:00074E23
   108 0001:00074E32   110 0001:00074E58   112 0001:0007516A

Line numbers for Restore(D:\MyProjects\DBMeneger\Restore\Restore.dpr) segment .itext

    15 0002:00000C14    16 0002:00000C24    17 0002:00000C30    18 0002:00000C3E
    19 0002:00000C56    20 0002:00000C62

Bound resource files

d:\isoft\codegear\lib\Controls.res
d:\isoft\codegear\lib\Buttons.res
d:\isoft\codegear\lib\ExtDlgs.res
uRestore.dfm
Restore.res
Restore.drf


Program entry point at 0002:00000C14
