
 Start         Length     Name                   Class
 0001:00401000 000AC258H .text                   CODE
 0002:004AE000 00000E48H .itext                  ICODE
 0003:004AF000 0000557CH .data                   DATA
 0004:004B5000 000095A4H .bss                    BSS
 0005:00000000 00000034H .tls                    TLS


Detailed map of segments

 0001:00000000 00005CD9 C=CODE     S=.text    G=(none)   M=System   ACBP=A9
 0001:00005CDC 00000105 C=CODE     S=.text    G=(none)   M=SysInit  ACBP=A9
 0001:00005DE4 00000058 C=CODE     S=.text    G=(none)   M=Types    ACBP=A9
 0001:00005E3C 00000CB4 C=CODE     S=.text    G=(none)   M=Windows  ACBP=A9
 0001:00006AF0 0000000E C=CODE     S=.text    G=(none)   M=ActiveX  ACBP=A9
 0001:00006B00 000001C8 C=CODE     S=.text    G=(none)   M=CommCtrl ACBP=A9
 0001:00006CC8 00000006 C=CODE     S=.text    G=(none)   M=ShlObj   ACBP=A9
 0001:00006CD0 00004777 C=CODE     S=.text    G=(none)   M=FastMM4  ACBP=A9
 0001:0000B448 000002E8 C=CODE     S=.text    G=(none)   M=SysConst ACBP=A9
 0001:0000B730 00007571 C=CODE     S=.text    G=(none)   M=SysUtils ACBP=A9
 0001:00012CA4 000007EE C=CODE     S=.text    G=(none)   M=VarUtils ACBP=A9
 0001:00013494 00002990 C=CODE     S=.text    G=(none)   M=Variants ACBP=A9
 0001:00015E24 00000110 C=CODE     S=.text    G=(none)   M=RTLConsts ACBP=A9
 0001:00015F34 000008DB C=CODE     S=.text    G=(none)   M=TypInfo  ACBP=A9
 0001:00016810 0000AEB1 C=CODE     S=.text    G=(none)   M=Classes  ACBP=A9
 0001:000216C4 00000191 C=CODE     S=.text    G=(none)   M=Contnrs  ACBP=A9
 0001:00021858 0000125E C=CODE     S=.text    G=(none)   M=HelpIntfs ACBP=A9
 0001:00022AB8 00000772 C=CODE     S=.text    G=(none)   M=MultiMon ACBP=A9
 0001:0002322C 000002D8 C=CODE     S=.text    G=(none)   M=Consts   ACBP=A9
 0001:00023504 0000005D C=CODE     S=.text    G=(none)   M=IniFiles ACBP=A9
 0001:00023564 000005C5 C=CODE     S=.text    G=(none)   M=Registry ACBP=A9
 0001:00023B2C 000090BE C=CODE     S=.text    G=(none)   M=Graphics ACBP=A9
 0001:0002CBEC 0000016A C=CODE     S=.text    G=(none)   M=SyncObjs ACBP=A9
 0001:0002CD58 00000BB9 C=CODE     S=.text    G=(none)   M=UxTheme  ACBP=A9
 0001:0002D914 00000194 C=CODE     S=.text    G=(none)   M=DwmApi   ACBP=A9
 0001:0002DAA8 00002333 C=CODE     S=.text    G=(none)   M=StdCtrls ACBP=A9
 0001:0002FDDC 0000003A C=CODE     S=.text    G=(none)   M=Printers ACBP=A9
 0001:0002FE18 00000047 C=CODE     S=.text    G=(none)   M=WideStrUtils ACBP=A9
 0001:0002FE60 00000D76 C=CODE     S=.text    G=(none)   M=GraphUtil ACBP=A9
 0001:00030BD8 0000100A C=CODE     S=.text    G=(none)   M=ExtCtrls ACBP=A9
 0001:00031BE4 00001A60 C=CODE     S=.text    G=(none)   M=Dialogs  ACBP=A9
 0001:00033644 0000003A C=CODE     S=.text    G=(none)   M=Clipbrd  ACBP=A9
 0001:00033680 0000012D C=CODE     S=.text    G=(none)   M=StdActns ACBP=A9
 0001:000337B0 0000030E C=CODE     S=.text    G=(none)   M=FlatSB   ACBP=A9
 0001:00033AC0 00000BC6 C=CODE     S=.text    G=(none)   M=Themes   ACBP=A9
 0001:00034688 00006A81 C=CODE     S=.text    G=(none)   M=Menus    ACBP=A9
 0001:0003B10C 00013960 C=CODE     S=.text    G=(none)   M=Controls ACBP=A9
 0001:0004EA6C 000016B5 C=CODE     S=.text    G=(none)   M=ImgList  ACBP=A9
 0001:00050124 00001332 C=CODE     S=.text    G=(none)   M=ActnList ACBP=A9
 0001:00051458 0000F12C C=CODE     S=.text    G=(none)   M=Forms    ACBP=A9
 0001:00060584 00000057 C=CODE     S=.text    G=(none)   M=IdSysBase ACBP=A9
 0001:000605DC 00000A3E C=CODE     S=.text    G=(none)   M=IdSysVCL ACBP=A9
 0001:0006101C 00000072 C=CODE     S=.text    G=(none)   M=IdSysNativeVCL ACBP=A9
 0001:00061090 00000208 C=CODE     S=.text    G=(none)   M=IdResourceStrings ACBP=A9
 0001:00061298 00000542 C=CODE     S=.text    G=(none)   M=IdException ACBP=A9
 0001:000617DC 00000234 C=CODE     S=.text    G=(none)   M=IdSysWin32 ACBP=A9
 0001:00061A10 00000198 C=CODE     S=.text    G=(none)   M=IdStreamVCL ACBP=A9
 0001:00061BA8 000019EB C=CODE     S=.text    G=(none)   M=IdGlobal ACBP=A9
 0001:00063594 00002556 C=CODE     S=.text    G=(none)   M=IdWinSock2 ACBP=A9
 0001:00065AEC 000001CD C=CODE     S=.text    G=(none)   M=IdWship6 ACBP=A9
 0001:00065CBC 00000F79 C=CODE     S=.text    G=(none)   M=IdStackBSDBase ACBP=A9
 0001:00066C38 000022BA C=CODE     S=.text    G=(none)   M=IdStackWindows ACBP=A9
 0001:00068EF4 0000103A C=CODE     S=.text    G=(none)   M=IdStack  ACBP=A9
 0001:00069F30 00000261 C=CODE     S=.text    G=(none)   M=IdBaseComponent ACBP=A9
 0001:0006A194 00000267 C=CODE     S=.text    G=(none)   M=IdAntiFreezeBase ACBP=A9
 0001:0006A3FC 0000061C C=CODE     S=.text    G=(none)   M=IdComponent ACBP=A9
 0001:0006AA18 00000118 C=CODE     S=.text    G=(none)   M=IdResourceStringsCore ACBP=A9
 0001:0006AB30 00000ADC C=CODE     S=.text    G=(none)   M=IdBuffer ACBP=A9
 0001:0006B60C 00000448 C=CODE     S=.text    G=(none)   M=IdIntercept ACBP=A9
 0001:0006BA54 00000CAA C=CODE     S=.text    G=(none)   M=IdExceptionCore ACBP=A9
 0001:0006C700 00001CD7 C=CODE     S=.text    G=(none)   M=IdIOHandler ACBP=A9
 0001:0006E3D8 000003C9 C=CODE     S=.text    G=(none)   M=IdZLibCompressorBase ACBP=A9
 0001:0006E7A4 00000257 C=CODE     S=.text    G=(none)   M=IdThreadSafe ACBP=A9
 0001:0006E9FC 0000002E C=CODE     S=.text    G=(none)   M=IdThread ACBP=A9
 0001:0006EA2C 000008CA C=CODE     S=.text    G=(none)   M=IdSocketHandle ACBP=A9
 0001:0006F2F8 00000560 C=CODE     S=.text    G=(none)   M=IdReply  ACBP=A9
 0001:0006F858 00000640 C=CODE     S=.text    G=(none)   M=IdCustomTransparentProxy ACBP=A9
 0001:0006FE98 000005A1 C=CODE     S=.text    G=(none)   M=IdReplyRFC ACBP=A9
 0001:0007043C 00000B9C C=CODE     S=.text    G=(none)   M=IdIPAddress ACBP=A9
 0001:00070FD8 00003351 C=CODE     S=.text    G=(none)   M=IdSocks  ACBP=A9
 0001:0007432C 000007C2 C=CODE     S=.text    G=(none)   M=IdIOHandlerSocket ACBP=A9
 0001:00074AF0 00000AC6 C=CODE     S=.text    G=(none)   M=IdIOHandlerStack ACBP=A9
 0001:000755B8 00000919 C=CODE     S=.text    G=(none)   M=IdTCPConnection ACBP=A9
 0001:00075ED4 00000960 C=CODE     S=.text    G=(none)   M=IdTCPClient ACBP=A9
 0001:00076834 00000680 C=CODE     S=.text    G=(none)   M=IdReplyFTP ACBP=A9
 0001:00076EB4 0000409A C=CODE     S=.text    G=(none)   M=IdCharsets ACBP=A9
 0001:0007AF50 000000B0 C=CODE     S=.text    G=(none)   M=IdResourceStringsProtocols ACBP=A9
 0001:0007B000 00000914 C=CODE     S=.text    G=(none)   M=IdGlobalProtocols ACBP=A9
 0001:0007B914 0000311A C=CODE     S=.text    G=(none)   M=IdFTPCommon ACBP=A9
 0001:0007EA30 0000004C C=CODE     S=.text    G=(none)   M=IdStrings ACBP=A9
 0001:0007EA7C 000003D9 C=CODE     S=.text    G=(none)   M=IdFTPList ACBP=A9
 0001:0007EE58 00001308 C=CODE     S=.text    G=(none)   M=IdFTPListTypes ACBP=A9
 0001:00080160 0000101B C=CODE     S=.text    G=(none)   M=IdFTPListParseBase ACBP=A9
 0001:0008117C 000003B7 C=CODE     S=.text    G=(none)   M=IdSSL    ACBP=A9
 0001:00081534 000009A3 C=CODE     S=.text    G=(none)   M=IdExplicitTLSClientServerBase ACBP=A9
 0001:00081ED8 000001FA C=CODE     S=.text    G=(none)   M=IdHash   ACBP=A9
 0001:000820D4 00000BCA C=CODE     S=.text    G=(none)   M=IdHashSHA1 ACBP=A9
 0001:00082CA0 00000FC0 C=CODE     S=.text    G=(none)   M=IdHashMessageDigest ACBP=A9
 0001:00083C60 00007FFD C=CODE     S=.text    G=(none)   M=IdOTPCalculator ACBP=A9
 0001:0008BC60 000005C8 C=CODE     S=.text    G=(none)   M=IdSimpleServer ACBP=A9
 0001:0008C228 000064C4 C=CODE     S=.text    G=(none)   M=IdFTP    ACBP=A9
 0001:000926EC 000000CD C=CODE     S=.text    G=(none)   M=Buttons  ACBP=A9
 0001:000927BC 0000007C C=CODE     S=.text    G=(none)   M=ExtDlgs  ACBP=A9
 0001:00092838 00000062 C=CODE     S=.text    G=(none)   M=Mapi     ACBP=A9
 0001:0009289C 0000004D C=CODE     S=.text    G=(none)   M=ExtActns ACBP=A9
 0001:000928EC 000029A0 C=CODE     S=.text    G=(none)   M=ComCtrls ACBP=A9
 0001:0009528C 00000288 C=CODE     S=.text    G=(none)   M=uFileFunction ACBP=A9
 0001:00095514 00000726 C=CODE     S=.text    G=(none)   M=IdFTPListParseXecomMicroRTOS ACBP=A9
 0001:00095C3C 00000A8A C=CODE     S=.text    G=(none)   M=IdFTPListParseWindowsNT ACBP=A9
 0001:000966C8 000004A2 C=CODE     S=.text    G=(none)   M=IdFTPListParseWinQVTNET ACBP=A9
 0001:00096B6C 0000067E C=CODE     S=.text    G=(none)   M=IdFTPListParseWfFTP ACBP=A9
 0001:000971EC 00000502 C=CODE     S=.text    G=(none)   M=IdFTPListParseVxWorks ACBP=A9
 0001:000976F0 00001B45 C=CODE     S=.text    G=(none)   M=IdFTPListParseVSE ACBP=A9
 0001:00099238 00000E9A C=CODE     S=.text    G=(none)   M=IdFTPListParseVMS ACBP=A9
 0001:0009A0D4 00001307 C=CODE     S=.text    G=(none)   M=IdFTPListParseVM ACBP=A9
 0001:0009B3DC 00001CFC C=CODE     S=.text    G=(none)   M=IdFTPListParseUnix ACBP=A9
 0001:0009D0D8 0000077E C=CODE     S=.text    G=(none)   M=IdFTPListParseTandemGuardian ACBP=A9
 0001:0009D858 000005CE C=CODE     S=.text    G=(none)   M=IdFTPListParseTSXPlus ACBP=A9
 0001:0009DE28 000008CA C=CODE     S=.text    G=(none)   M=IdFTPListParseTOPS20 ACBP=A9
 0001:0009E6F4 000008F6 C=CODE     S=.text    G=(none)   M=IdFTPListParseSuperTCP ACBP=A9
 0001:0009EFEC 000011A6 C=CODE     S=.text    G=(none)   M=IdFTPListParseStratusVOS ACBP=A9
 0001:000A0194 00001626 C=CODE     S=.text    G=(none)   M=IdFTPListParseStercomUnixEnt ACBP=A9
 0001:000A17BC 00000502 C=CODE     S=.text    G=(none)   M=IdFTPListParseStercomOS390Exp ACBP=A9
 0001:000A1CC0 000006C2 C=CODE     S=.text    G=(none)   M=IdFTPListParsePCNFSD ACBP=A9
 0001:000A2384 000005D6 C=CODE     S=.text    G=(none)   M=IdFTPListParseOS2 ACBP=A9
 0001:000A295C 00000EA0 C=CODE     S=.text    G=(none)   M=IdFTPListParseNovellNetwarePSU ACBP=A9
 0001:000A37FC 0000096E C=CODE     S=.text    G=(none)   M=IdFTPListParseNovellNetware ACBP=A9
 0001:000A416C 00000336 C=CODE     S=.text    G=(none)   M=IdFTPListParseNCSAForMACOS ACBP=A9
 0001:000A44A4 000006E2 C=CODE     S=.text    G=(none)   M=IdFTPListParseNCSAForDOS ACBP=A9
 0001:000A4B88 00000856 C=CODE     S=.text    G=(none)   M=IdFTPListParseMusic ACBP=A9
 0001:000A53E0 00000736 C=CODE     S=.text    G=(none)   M=IdFTPListParseMicrowareOS9 ACBP=A9
 0001:000A5B18 00001878 C=CODE     S=.text    G=(none)   M=IdFTPListParseMVS ACBP=A9
 0001:000A7390 00000F78 C=CODE     S=.text    G=(none)   M=IdFTPListParseMPEiX ACBP=A9
 0001:000A8308 000007C2 C=CODE     S=.text    G=(none)   M=IdFTPListParseKA9Q ACBP=A9
 0001:000A8ACC 00000316 C=CODE     S=.text    G=(none)   M=IdFTPListParseHellSoft ACBP=A9
 0001:000A8DE4 0000056E C=CODE     S=.text    G=(none)   M=IdFTPListParseEPLF ACBP=A9
 0001:000A9354 000006B6 C=CODE     S=.text    G=(none)   M=IdFTPListParseDistinctTCPIP ACBP=A9
 0001:000A9A0C 00000222 C=CODE     S=.text    G=(none)   M=IdFTPListParseCiscoIOS ACBP=A9
 0001:000A9C30 0000079E C=CODE     S=.text    G=(none)   M=IdFTPListParseChameleonNewt ACBP=A9
 0001:000AA3D0 000005E6 C=CODE     S=.text    G=(none)   M=IdFTPListParseBullGCOS8 ACBP=A9
 0001:000AA9B8 000004AE C=CODE     S=.text    G=(none)   M=IdFTPListParseBullGCOS7 ACBP=A9
 0001:000AAE68 0000063E C=CODE     S=.text    G=(none)   M=IdFTPListParseAS400 ACBP=A9
 0001:000AB4A8 00000818 C=CODE     S=.text    G=(none)   M=uUPLoader ACBP=A9
 0001:000ABCC0 00000598 C=CODE     S=.text    G=(none)   M=UPLoader ACBP=A9
 0002:00000000 00000095 C=ICODE    S=.itext   G=(none)   M=System   ACBP=A9
 0002:00000098 00000011 C=ICODE    S=.itext   G=(none)   M=Windows  ACBP=A9
 0002:000000AC 00000021 C=ICODE    S=.itext   G=(none)   M=FastMM4  ACBP=A9
 0002:000000D0 00000088 C=ICODE    S=.itext   G=(none)   M=SysUtils ACBP=A9
 0002:00000158 0000000F C=ICODE    S=.itext   G=(none)   M=VarUtils ACBP=A9
 0002:00000168 000000AA C=ICODE    S=.itext   G=(none)   M=Variants ACBP=A9
 0002:00000214 00000008 C=ICODE    S=.itext   G=(none)   M=TypInfo  ACBP=A9
 0002:0000021C 00000092 C=ICODE    S=.itext   G=(none)   M=Classes  ACBP=A9
 0002:000002B0 00000008 C=ICODE    S=.itext   G=(none)   M=HelpIntfs ACBP=A9
 0002:000002B8 0000000F C=ICODE    S=.itext   G=(none)   M=MultiMon ACBP=A9
 0002:000002C8 00000008 C=ICODE    S=.itext   G=(none)   M=IniFiles ACBP=A9
 0002:000002D0 00000008 C=ICODE    S=.itext   G=(none)   M=Registry ACBP=A9
 0002:000002D8 000000FB C=ICODE    S=.itext   G=(none)   M=Graphics ACBP=A9
 0002:000003D4 0000001B C=ICODE    S=.itext   G=(none)   M=UxTheme  ACBP=A9
 0002:000003F0 00000008 C=ICODE    S=.itext   G=(none)   M=DwmApi   ACBP=A9
 0002:000003F8 00000008 C=ICODE    S=.itext   G=(none)   M=Printers ACBP=A9
 0002:00000400 00000086 C=ICODE    S=.itext   G=(none)   M=GraphUtil ACBP=A9
 0002:00000488 00000044 C=ICODE    S=.itext   G=(none)   M=ExtCtrls ACBP=A9
 0002:000004CC 0000003D C=ICODE    S=.itext   G=(none)   M=Dialogs  ACBP=A9
 0002:0000050C 00000058 C=ICODE    S=.itext   G=(none)   M=Clipbrd  ACBP=A9
 0002:00000564 0000000F C=ICODE    S=.itext   G=(none)   M=FlatSB   ACBP=A9
 0002:00000574 00000008 C=ICODE    S=.itext   G=(none)   M=Themes   ACBP=A9
 0002:0000057C 00000085 C=ICODE    S=.itext   G=(none)   M=Menus    ACBP=A9
 0002:00000604 0000008F C=ICODE    S=.itext   G=(none)   M=Controls ACBP=A9
 0002:00000694 0000002A C=ICODE    S=.itext   G=(none)   M=ActnList ACBP=A9
 0002:000006C0 00000070 C=ICODE    S=.itext   G=(none)   M=Forms    ACBP=A9
 0002:00000730 00000008 C=ICODE    S=.itext   G=(none)   M=IdSysVCL ACBP=A9
 0002:00000738 00000068 C=ICODE    S=.itext   G=(none)   M=IdGlobal ACBP=A9
 0002:000007A0 0000000F C=ICODE    S=.itext   G=(none)   M=IdWinSock2 ACBP=A9
 0002:000007B0 0000000F C=ICODE    S=.itext   G=(none)   M=IdWship6 ACBP=A9
 0002:000007C0 00000031 C=ICODE    S=.itext   G=(none)   M=IdStackWindows ACBP=A9
 0002:000007F4 00000025 C=ICODE    S=.itext   G=(none)   M=IdStack  ACBP=A9
 0002:0000081C 00000014 C=ICODE    S=.itext   G=(none)   M=IdComponent ACBP=A9
 0002:00000830 00000008 C=ICODE    S=.itext   G=(none)   M=IdIOHandler ACBP=A9
 0002:00000838 00000038 C=ICODE    S=.itext   G=(none)   M=IdThread ACBP=A9
 0002:00000870 00000014 C=ICODE    S=.itext   G=(none)   M=IdIOHandlerStack ACBP=A9
 0002:00000884 00000074 C=ICODE    S=.itext   G=(none)   M=IdCharsets ACBP=A9
 0002:000008F8 000000F0 C=ICODE    S=.itext   G=(none)   M=IdGlobalProtocols ACBP=A9
 0002:000009E8 00000008 C=ICODE    S=.itext   G=(none)   M=IdFTPCommon ACBP=A9
 0002:000009F0 0000002F C=ICODE    S=.itext   G=(none)   M=IdFTPListParseBase ACBP=A9
 0002:00000A20 0000001B C=ICODE    S=.itext   G=(none)   M=IdSSL    ACBP=A9
 0002:00000A3C 00000008 C=ICODE    S=.itext   G=(none)   M=IdOTPCalculator ACBP=A9
 0002:00000A44 00000025 C=ICODE    S=.itext   G=(none)   M=Buttons  ACBP=A9
 0002:00000A6C 00000014 C=ICODE    S=.itext   G=(none)   M=ExtDlgs  ACBP=A9
 0002:00000A80 00000008 C=ICODE    S=.itext   G=(none)   M=Mapi     ACBP=A9
 0002:00000A88 00000008 C=ICODE    S=.itext   G=(none)   M=ExtActns ACBP=A9
 0002:00000A90 00000008 C=ICODE    S=.itext   G=(none)   M=ComCtrls ACBP=A9
 0002:00000A98 00000014 C=ICODE    S=.itext   G=(none)   M=IdFTPListParseXecomMicroRTOS ACBP=A9
 0002:00000AAC 00000014 C=ICODE    S=.itext   G=(none)   M=IdFTPListParseWindowsNT ACBP=A9
 0002:00000AC0 00000014 C=ICODE    S=.itext   G=(none)   M=IdFTPListParseWinQVTNET ACBP=A9
 0002:00000AD4 00000014 C=ICODE    S=.itext   G=(none)   M=IdFTPListParseWfFTP ACBP=A9
 0002:00000AE8 00000014 C=ICODE    S=.itext   G=(none)   M=IdFTPListParseVxWorks ACBP=A9
 0002:00000AFC 00000046 C=ICODE    S=.itext   G=(none)   M=IdFTPListParseVSE ACBP=A9
 0002:00000B44 00000014 C=ICODE    S=.itext   G=(none)   M=IdFTPListParseVMS ACBP=A9
 0002:00000B58 00000028 C=ICODE    S=.itext   G=(none)   M=IdFTPListParseVM ACBP=A9
 0002:00000B80 0000001E C=ICODE    S=.itext   G=(none)   M=IdFTPListParseUnix ACBP=A9
 0002:00000BA0 00000014 C=ICODE    S=.itext   G=(none)   M=IdFTPListParseTandemGuardian ACBP=A9
 0002:00000BB4 00000014 C=ICODE    S=.itext   G=(none)   M=IdFTPListParseTSXPlus ACBP=A9
 0002:00000BC8 00000014 C=ICODE    S=.itext   G=(none)   M=IdFTPListParseTOPS20 ACBP=A9
 0002:00000BDC 00000014 C=ICODE    S=.itext   G=(none)   M=IdFTPListParseSuperTCP ACBP=A9
 0002:00000BF0 00000014 C=ICODE    S=.itext   G=(none)   M=IdFTPListParseStratusVOS ACBP=A9
 0002:00000C04 00000028 C=ICODE    S=.itext   G=(none)   M=IdFTPListParseStercomUnixEnt ACBP=A9
 0002:00000C2C 00000014 C=ICODE    S=.itext   G=(none)   M=IdFTPListParseStercomOS390Exp ACBP=A9
 0002:00000C40 00000014 C=ICODE    S=.itext   G=(none)   M=IdFTPListParsePCNFSD ACBP=A9
 0002:00000C54 00000014 C=ICODE    S=.itext   G=(none)   M=IdFTPListParseOS2 ACBP=A9
 0002:00000C68 0000001E C=ICODE    S=.itext   G=(none)   M=IdFTPListParseNovellNetwarePSU ACBP=A9
 0002:00000C88 00000014 C=ICODE    S=.itext   G=(none)   M=IdFTPListParseNovellNetware ACBP=A9
 0002:00000C9C 00000014 C=ICODE    S=.itext   G=(none)   M=IdFTPListParseNCSAForMACOS ACBP=A9
 0002:00000CB0 00000014 C=ICODE    S=.itext   G=(none)   M=IdFTPListParseNCSAForDOS ACBP=A9
 0002:00000CC4 00000014 C=ICODE    S=.itext   G=(none)   M=IdFTPListParseMusic ACBP=A9
 0002:00000CD8 00000014 C=ICODE    S=.itext   G=(none)   M=IdFTPListParseMicrowareOS9 ACBP=A9
 0002:00000CEC 00000032 C=ICODE    S=.itext   G=(none)   M=IdFTPListParseMVS ACBP=A9
 0002:00000D20 0000001E C=ICODE    S=.itext   G=(none)   M=IdFTPListParseMPEiX ACBP=A9
 0002:00000D40 00000014 C=ICODE    S=.itext   G=(none)   M=IdFTPListParseKA9Q ACBP=A9
 0002:00000D54 00000014 C=ICODE    S=.itext   G=(none)   M=IdFTPListParseHellSoft ACBP=A9
 0002:00000D68 00000014 C=ICODE    S=.itext   G=(none)   M=IdFTPListParseEPLF ACBP=A9
 0002:00000D7C 00000014 C=ICODE    S=.itext   G=(none)   M=IdFTPListParseDistinctTCPIP ACBP=A9
 0002:00000D90 00000014 C=ICODE    S=.itext   G=(none)   M=IdFTPListParseCiscoIOS ACBP=A9
 0002:00000DA4 00000014 C=ICODE    S=.itext   G=(none)   M=IdFTPListParseChameleonNewt ACBP=A9
 0002:00000DB8 00000014 C=ICODE    S=.itext   G=(none)   M=IdFTPListParseBullGCOS8 ACBP=A9
 0002:00000DCC 00000014 C=ICODE    S=.itext   G=(none)   M=IdFTPListParseBullGCOS7 ACBP=A9
 0002:00000DE0 00000014 C=ICODE    S=.itext   G=(none)   M=IdFTPListParseAS400 ACBP=A9
 0002:00000DF4 00000053 C=ICODE    S=.itext   G=(none)   M=UPLoader ACBP=A9
 0003:00000000 00000790 C=DATA     S=.data    G=DGROUP   M=System   ACBP=A9
 0003:00000790 00000020 C=DATA     S=.data    G=DGROUP   M=SysInit  ACBP=A9
 0003:000007B0 00000734 C=DATA     S=.data    G=DGROUP   M=FastMM4  ACBP=A9
 0003:00000EE4 00000250 C=DATA     S=.data    G=DGROUP   M=SysUtils ACBP=A9
 0003:00001134 00000008 C=DATA     S=.data    G=DGROUP   M=VarUtils ACBP=A9
 0003:0000113C 0000008E C=DATA     S=.data    G=DGROUP   M=Variants ACBP=A9
 0003:000011CC 0000000C C=DATA     S=.data    G=DGROUP   M=TypInfo  ACBP=A9
 0003:000011D8 00000064 C=DATA     S=.data    G=DGROUP   M=Classes  ACBP=A9
 0003:0000123C 00000008 C=DATA     S=.data    G=DGROUP   M=IniFiles ACBP=A9
 0003:00001244 00000008 C=DATA     S=.data    G=DGROUP   M=Registry ACBP=A9
 0003:0000124C 0000030C C=DATA     S=.data    G=DGROUP   M=Graphics ACBP=A9
 0003:00001558 00000028 C=DATA     S=.data    G=DGROUP   M=StdCtrls ACBP=A9
 0003:00001580 00000004 C=DATA     S=.data    G=DGROUP   M=Printers ACBP=A9
 0003:00001584 00000450 C=DATA     S=.data    G=DGROUP   M=GraphUtil ACBP=A9
 0003:000019D4 000000CC C=DATA     S=.data    G=DGROUP   M=Dialogs  ACBP=A9
 0003:00001AA0 00000068 C=DATA     S=.data    G=DGROUP   M=Themes   ACBP=A9
 0003:00001B08 000000F4 C=DATA     S=.data    G=DGROUP   M=Menus    ACBP=A9
 0003:00001BFC 0000013C C=DATA     S=.data    G=DGROUP   M=Controls ACBP=A9
 0003:00001D38 00000020 C=DATA     S=.data    G=DGROUP   M=ImgList  ACBP=A9
 0003:00001D58 0000012C C=DATA     S=.data    G=DGROUP   M=Forms    ACBP=A9
 0003:00001E84 0000004C C=DATA     S=.data    G=DGROUP   M=IdSysVCL ACBP=A9
 0003:00001ED0 00000004 C=DATA     S=.data    G=DGROUP   M=IdGlobal ACBP=A9
 0003:00001ED4 00000014 C=DATA     S=.data    G=DGROUP   M=IdWinSock2 ACBP=A9
 0003:00001EE8 00000014 C=DATA     S=.data    G=DGROUP   M=IdWship6 ACBP=A9
 0003:00001EFC 00000010 C=DATA     S=.data    G=DGROUP   M=IdStackBSDBase ACBP=A9
 0003:00001F0C 00000001 C=DATA     S=.data    G=DGROUP   M=IdStackWindows ACBP=A9
 0003:00001F10 0000000C C=DATA     S=.data    G=DGROUP   M=IdStack  ACBP=A9
 0003:00001F1C 00000004 C=DATA     S=.data    G=DGROUP   M=IdAntiFreezeBase ACBP=A9
 0003:00001F20 00000024 C=DATA     S=.data    G=DGROUP   M=IdComponent ACBP=A9
 0003:00001F44 00000008 C=DATA     S=.data    G=DGROUP   M=IdIOHandler ACBP=A9
 0003:00001F4C 00000004 C=DATA     S=.data    G=DGROUP   M=IdThread ACBP=A9
 0003:00001F50 00000C5C C=DATA     S=.data    G=DGROUP   M=IdCharsets ACBP=A9
 0003:00002BAC 0000004C C=DATA     S=.data    G=DGROUP   M=IdGlobalProtocols ACBP=A9
 0003:00002BF8 000000C0 C=DATA     S=.data    G=DGROUP   M=IdFTPCommon ACBP=A9
 0003:00002CB8 00000110 C=DATA     S=.data    G=DGROUP   M=IdHashMessageDigest ACBP=A9
 0003:00002DC8 00002000 C=DATA     S=.data    G=DGROUP   M=IdOTPCalculator ACBP=A9
 0003:00004DC8 0000001E C=DATA     S=.data    G=DGROUP   M=IdFTP    ACBP=A9
 0003:00004DE8 0000002C C=DATA     S=.data    G=DGROUP   M=Buttons  ACBP=A9
 0003:00004E14 00000018 C=DATA     S=.data    G=DGROUP   M=ExtDlgs  ACBP=A9
 0003:00004E2C 00000008 C=DATA     S=.data    G=DGROUP   M=Mapi     ACBP=A9
 0003:00004E34 00000028 C=DATA     S=.data    G=DGROUP   M=ComCtrls ACBP=A9
 0003:00004E5C 00000008 C=DATA     S=.data    G=DGROUP   M=IdFTPListParseVSE ACBP=A9
 0003:00004E64 0000000C C=DATA     S=.data    G=DGROUP   M=IdFTPListParseVM ACBP=A9
 0004:00000000 000027F0 C=BSS      S=.bss     G=DGROUP   M=System   ACBP=A9
 0004:000027F0 0000000C C=BSS      S=.bss     G=DGROUP   M=SysInit  ACBP=A9
 0004:000027FC 00000008 C=BSS      S=.bss     G=DGROUP   M=Windows  ACBP=A9
 0004:00002804 0000000C C=BSS      S=.bss     G=DGROUP   M=CommCtrl ACBP=A9
 0004:00002810 0000393F C=BSS      S=.bss     G=DGROUP   M=FastMM4  ACBP=A9
 0004:00006150 00002108 C=BSS      S=.bss     G=DGROUP   M=SysUtils ACBP=A9
 0004:00008258 0000005C C=BSS      S=.bss     G=DGROUP   M=VarUtils ACBP=A9
 0004:000082B4 00000040 C=BSS      S=.bss     G=DGROUP   M=Variants ACBP=A9
 0004:000082F4 00000004 C=BSS      S=.bss     G=DGROUP   M=TypInfo  ACBP=A9
 0004:000082F8 00000044 C=BSS      S=.bss     G=DGROUP   M=Classes  ACBP=A9
 0004:0000833C 00000008 C=BSS      S=.bss     G=DGROUP   M=HelpIntfs ACBP=A9
 0004:00008344 00000031 C=BSS      S=.bss     G=DGROUP   M=MultiMon ACBP=A9
 0004:00008378 00000004 C=BSS      S=.bss     G=DGROUP   M=IniFiles ACBP=A9
 0004:0000837C 00000004 C=BSS      S=.bss     G=DGROUP   M=Registry ACBP=A9
 0004:00008380 00000060 C=BSS      S=.bss     G=DGROUP   M=Graphics ACBP=A9
 0004:000083E0 000000DC C=BSS      S=.bss     G=DGROUP   M=UxTheme  ACBP=A9
 0004:000084BC 00000010 C=BSS      S=.bss     G=DGROUP   M=DwmApi   ACBP=A9
 0004:000084CC 00000004 C=BSS      S=.bss     G=DGROUP   M=Printers ACBP=A9
 0004:000084D0 00000010 C=BSS      S=.bss     G=DGROUP   M=GraphUtil ACBP=A9
 0004:000084E0 00000008 C=BSS      S=.bss     G=DGROUP   M=ExtCtrls ACBP=A9
 0004:000084E8 00000038 C=BSS      S=.bss     G=DGROUP   M=Dialogs  ACBP=A9
 0004:00008520 0000000C C=BSS      S=.bss     G=DGROUP   M=Clipbrd  ACBP=A9
 0004:0000852C 00000034 C=BSS      S=.bss     G=DGROUP   M=FlatSB   ACBP=A9
 0004:00008560 0000000C C=BSS      S=.bss     G=DGROUP   M=Themes   ACBP=A9
 0004:0000856C 00000010 C=BSS      S=.bss     G=DGROUP   M=Menus    ACBP=A9
 0004:0000857C 00000088 C=BSS      S=.bss     G=DGROUP   M=Controls ACBP=A9
 0004:00008604 00000008 C=BSS      S=.bss     G=DGROUP   M=ImgList  ACBP=A9
 0004:0000860C 00000004 C=BSS      S=.bss     G=DGROUP   M=ActnList ACBP=A9
 0004:00008610 00000031 C=BSS      S=.bss     G=DGROUP   M=Forms    ACBP=A9
 0004:00008644 00000004 C=BSS      S=.bss     G=DGROUP   M=IdSysVCL ACBP=A9
 0004:00008648 00000008 C=BSS      S=.bss     G=DGROUP   M=IdGlobal ACBP=A9
 0004:00008650 000001BC C=BSS      S=.bss     G=DGROUP   M=IdWinSock2 ACBP=A9
 0004:0000880C 00000004 C=BSS      S=.bss     G=DGROUP   M=IdWship6 ACBP=A9
 0004:00008810 00000008 C=BSS      S=.bss     G=DGROUP   M=IdStackWindows ACBP=A9
 0004:00008818 0000000C C=BSS      S=.bss     G=DGROUP   M=IdStack  ACBP=A9
 0004:00008824 00000004 C=BSS      S=.bss     G=DGROUP   M=IdComponent ACBP=A9
 0004:00008828 00000004 C=BSS      S=.bss     G=DGROUP   M=IdIOHandler ACBP=A9
 0004:0000882C 00000004 C=BSS      S=.bss     G=DGROUP   M=IdThread ACBP=A9
 0004:00008830 00000004 C=BSS      S=.bss     G=DGROUP   M=IdIOHandlerStack ACBP=A9
 0004:00008834 00000C60 C=BSS      S=.bss     G=DGROUP   M=IdCharsets ACBP=A9
 0004:00009494 00000010 C=BSS      S=.bss     G=DGROUP   M=IdGlobalProtocols ACBP=A9
 0004:000094A4 00000004 C=BSS      S=.bss     G=DGROUP   M=IdFTPCommon ACBP=A9
 0004:000094A8 00000008 C=BSS      S=.bss     G=DGROUP   M=IdFTPListParseBase ACBP=A9
 0004:000094B0 00000008 C=BSS      S=.bss     G=DGROUP   M=IdSSL    ACBP=A9
 0004:000094B8 00000004 C=BSS      S=.bss     G=DGROUP   M=IdOTPCalculator ACBP=A9
 0004:000094BC 00000030 C=BSS      S=.bss     G=DGROUP   M=Buttons  ACBP=A9
 0004:000094EC 00000004 C=BSS      S=.bss     G=DGROUP   M=ExtDlgs  ACBP=A9
 0004:000094F0 00000004 C=BSS      S=.bss     G=DGROUP   M=Mapi     ACBP=A9
 0004:000094F4 00000009 C=BSS      S=.bss     G=DGROUP   M=ExtActns ACBP=A9
 0004:00009500 0000000C C=BSS      S=.bss     G=DGROUP   M=ComCtrls ACBP=A9
 0004:0000950C 00000004 C=BSS      S=.bss     G=DGROUP   M=IdFTPListParseXecomMicroRTOS ACBP=A9
 0004:00009510 00000004 C=BSS      S=.bss     G=DGROUP   M=IdFTPListParseWindowsNT ACBP=A9
 0004:00009514 00000004 C=BSS      S=.bss     G=DGROUP   M=IdFTPListParseWinQVTNET ACBP=A9
 0004:00009518 00000004 C=BSS      S=.bss     G=DGROUP   M=IdFTPListParseWfFTP ACBP=A9
 0004:0000951C 00000004 C=BSS      S=.bss     G=DGROUP   M=IdFTPListParseVxWorks ACBP=A9
 0004:00009520 00000004 C=BSS      S=.bss     G=DGROUP   M=IdFTPListParseVSE ACBP=A9
 0004:00009524 00000004 C=BSS      S=.bss     G=DGROUP   M=IdFTPListParseVMS ACBP=A9
 0004:00009528 00000004 C=BSS      S=.bss     G=DGROUP   M=IdFTPListParseVM ACBP=A9
 0004:0000952C 00000004 C=BSS      S=.bss     G=DGROUP   M=IdFTPListParseUnix ACBP=A9
 0004:00009530 00000004 C=BSS      S=.bss     G=DGROUP   M=IdFTPListParseTandemGuardian ACBP=A9
 0004:00009534 00000004 C=BSS      S=.bss     G=DGROUP   M=IdFTPListParseTSXPlus ACBP=A9
 0004:00009538 00000004 C=BSS      S=.bss     G=DGROUP   M=IdFTPListParseTOPS20 ACBP=A9
 0004:0000953C 00000004 C=BSS      S=.bss     G=DGROUP   M=IdFTPListParseSuperTCP ACBP=A9
 0004:00009540 00000004 C=BSS      S=.bss     G=DGROUP   M=IdFTPListParseStratusVOS ACBP=A9
 0004:00009544 00000004 C=BSS      S=.bss     G=DGROUP   M=IdFTPListParseStercomUnixEnt ACBP=A9
 0004:00009548 00000004 C=BSS      S=.bss     G=DGROUP   M=IdFTPListParseStercomOS390Exp ACBP=A9
 0004:0000954C 00000004 C=BSS      S=.bss     G=DGROUP   M=IdFTPListParsePCNFSD ACBP=A9
 0004:00009550 00000004 C=BSS      S=.bss     G=DGROUP   M=IdFTPListParseOS2 ACBP=A9
 0004:00009554 00000004 C=BSS      S=.bss     G=DGROUP   M=IdFTPListParseNovellNetwarePSU ACBP=A9
 0004:00009558 00000004 C=BSS      S=.bss     G=DGROUP   M=IdFTPListParseNovellNetware ACBP=A9
 0004:0000955C 00000004 C=BSS      S=.bss     G=DGROUP   M=IdFTPListParseNCSAForMACOS ACBP=A9
 0004:00009560 00000004 C=BSS      S=.bss     G=DGROUP   M=IdFTPListParseNCSAForDOS ACBP=A9
 0004:00009564 00000004 C=BSS      S=.bss     G=DGROUP   M=IdFTPListParseMusic ACBP=A9
 0004:00009568 00000004 C=BSS      S=.bss     G=DGROUP   M=IdFTPListParseMicrowareOS9 ACBP=A9
 0004:0000956C 00000004 C=BSS      S=.bss     G=DGROUP   M=IdFTPListParseMVS ACBP=A9
 0004:00009570 00000004 C=BSS      S=.bss     G=DGROUP   M=IdFTPListParseMPEiX ACBP=A9
 0004:00009574 00000004 C=BSS      S=.bss     G=DGROUP   M=IdFTPListParseKA9Q ACBP=A9
 0004:00009578 00000004 C=BSS      S=.bss     G=DGROUP   M=IdFTPListParseHellSoft ACBP=A9
 0004:0000957C 00000004 C=BSS      S=.bss     G=DGROUP   M=IdFTPListParseEPLF ACBP=A9
 0004:00009580 00000004 C=BSS      S=.bss     G=DGROUP   M=IdFTPListParseDistinctTCPIP ACBP=A9
 0004:00009584 00000004 C=BSS      S=.bss     G=DGROUP   M=IdFTPListParseCiscoIOS ACBP=A9
 0004:00009588 00000004 C=BSS      S=.bss     G=DGROUP   M=IdFTPListParseChameleonNewt ACBP=A9
 0004:0000958C 00000004 C=BSS      S=.bss     G=DGROUP   M=IdFTPListParseBullGCOS8 ACBP=A9
 0004:00009590 00000004 C=BSS      S=.bss     G=DGROUP   M=IdFTPListParseBullGCOS7 ACBP=A9
 0004:00009594 00000004 C=BSS      S=.bss     G=DGROUP   M=IdFTPListParseAS400 ACBP=A9
 0004:00009598 0000000C C=BSS      S=.bss     G=DGROUP   M=uUPLoader ACBP=A9
 0005:00000000 00000008 C=TLS      S=.tls     G=(none)   M=System   ACBP=A9
 0005:00000008 00000008 C=TLS      S=.tls     G=(none)   M=Classes  ACBP=A9
 0005:00000010 00000024 C=TLS      S=.tls     G=(none)   M=GraphUtil ACBP=A9


  Address             Publics by Name

 0001:00006AF0       ActiveX.CoTaskMemAlloc
 0001:00006AF8       ActiveX.CoTaskMemFree
 0004:0000860C       ActnList..9
 0001:0005054C       ActnList..TActionLink
 0001:00050124       ActnList..TContainedAction
 0001:00050444       ActnList..TCustomAction
 0001:00050248       ActnList..TCustomActionList
 0001:00050328       ActnList..TShortCutList
 0002:00000694       ActnList.ActnList
 0001:00051428       ActnList.Finalization
 0001:00050C3C       ActnList.TActionLink.IsCaptionLinked
 0001:00050C50       ActnList.TActionLink.IsCheckedLinked
 0001:00050C64       ActnList.TActionLink.IsEnabledLinked
 0001:00050C78       ActnList.TActionLink.IsGroupIndexLinked
 0001:00050C8C       ActnList.TActionLink.IsHelpContextLinked
 0001:00050CA0       ActnList.TActionLink.IsHelpLinked
 0001:00050CB4       ActnList.TActionLink.IsHintLinked
 0001:00050CC8       ActnList.TActionLink.IsImageIndexLinked
 0001:00050CDC       ActnList.TActionLink.IsShortCutLinked
 0001:00050CF0       ActnList.TActionLink.IsVisibleLinked
 0001:00050D04       ActnList.TActionLink.SetAutoCheck
 0001:00050D08       ActnList.TActionLink.SetCaption
 0001:00050D0C       ActnList.TActionLink.SetChecked
 0001:00050D10       ActnList.TActionLink.SetEnabled
 0001:00050D14       ActnList.TActionLink.SetGroupIndex
 0001:00050D18       ActnList.TActionLink.SetHelpContext
 0001:00050D1C       ActnList.TActionLink.SetHelpKeyword
 0001:00050D20       ActnList.TActionLink.SetHelpType
 0001:00050D24       ActnList.TActionLink.SetHint
 0001:00050D28       ActnList.TActionLink.SetImageIndex
 0001:00050D2C       ActnList.TActionLink.SetShortCut
 0001:00050D30       ActnList.TActionLink.SetVisible
 0001:0005061C       ActnList.TContainedAction.Destroy
 0001:00050788       ActnList.TContainedAction.Execute
 0001:00050650       ActnList.TContainedAction.GetIndex
 0001:0005066C       ActnList.TContainedAction.GetParentComponent
 0001:0005067C       ActnList.TContainedAction.HasParent
 0001:00050668       ActnList.TContainedAction.IsCategoryStored
 0001:0005068C       ActnList.TContainedAction.ReadState
 0001:00050734       ActnList.TContainedAction.SetActionList
 0001:00050708       ActnList.TContainedAction.SetCategory
 0001:000506C0       ActnList.TContainedAction.SetIndex
 0001:0005075C       ActnList.TContainedAction.SetParentComponent
 0001:000507E0       ActnList.TContainedAction.Update
 0001:00050DD8       ActnList.TCustomAction.AssignTo
 0001:00050D34       ActnList.TCustomAction.Create
 0001:00050D88       ActnList.TCustomAction.Destroy
 0001:000512F8       ActnList.TCustomAction.DoHint
 0001:00051320       ActnList.TCustomAction.Execute
 0001:00051384       ActnList.TCustomAction.GetSecondaryShortCuts
 0001:000513AC       ActnList.TCustomAction.HandleShortCut
 0001:00050E88       ActnList.TCustomAction.SetCaption
 0001:00050EE8       ActnList.TCustomAction.SetChecked
 0001:00050FF0       ActnList.TCustomAction.SetEnabled
 0001:000510D4       ActnList.TCustomAction.SetHelpContext
 0001:0005106C       ActnList.TCustomAction.SetHelpKeyword
 0001:0005112C       ActnList.TCustomAction.SetHint
 0001:0005118C       ActnList.TCustomAction.SetImageIndex
 0001:000512AC       ActnList.TCustomAction.SetName
 0001:000511E8       ActnList.TCustomAction.SetShortCut
 0001:0005124C       ActnList.TCustomAction.SetVisible
 0001:00050A10       ActnList.TCustomActionList.AddAction
 0001:00050A4C       ActnList.TCustomActionList.Change
 0001:00050838       ActnList.TCustomActionList.Create
 0001:000508A4       ActnList.TCustomActionList.Destroy
 0001:00050B58       ActnList.TCustomActionList.ExecuteAction
 0001:0005096C       ActnList.TCustomActionList.GetAction
 0001:00050980       ActnList.TCustomActionList.GetActionCount
 0001:000508F4       ActnList.TCustomActionList.GetChildren
 0001:000509BC       ActnList.TCustomActionList.ImageListChange
 0001:00050AB4       ActnList.TCustomActionList.IsShortCut
 0001:000509C8       ActnList.TCustomActionList.Notification
 0001:00050A30       ActnList.TCustomActionList.RemoveAction
 0001:0005093C       ActnList.TCustomActionList.SetChildOrder
 0001:00050988       ActnList.TCustomActionList.SetImages
 0001:00050B98       ActnList.TCustomActionList.SetState
 0001:00050B78       ActnList.TCustomActionList.UpdateAction
 0001:000513B8       ActnList.TShortCutList.Add
 0001:000513E4       ActnList.TShortCutList.IndexOfShortCut
 0004:000094BC       Buttons..5
 0003:00004DE8       Buttons.BitBtnCaptions
 0004:000094C0       Buttons.BitBtnGlyphs
 0002:00000A44       Buttons.Buttons
 0001:000926EC       Buttons.DestroyLocals
 0001:00092784       Buttons.Finalization
 0004:00008304       Classes..95
 0001:00016D58       Classes..EBitsError
 0001:00016C48       Classes..EClassNotFound
 0001:00016E10       Classes..EComponentError
 0001:00016A8C       Classes..EFCreateError
 0001:00016B40       Classes..EFilerError
 0001:00016A2C       Classes..EFileStreamError
 0001:00016AE8       Classes..EFOpenError
 0001:00016EC8       Classes..EInvalidOperation
 0001:00016D00       Classes..EListError
 0001:00016E6C       Classes..EOutOfResources
 0001:00016B98       Classes..EReadError
 0001:00016CA4       Classes..EResNotFound
 0001:000169D0       Classes..EStreamError
 0001:00016DB0       Classes..EStringListError
 0001:00017C6C       Classes..EThread
 0001:00016BF0       Classes..EWriteError
 0001:00017FF0       Classes..TBasicAction
 0001:00017F70       Classes..TBasicActionLink
 0001:00016FE4       Classes..TBits
 0001:00017B18       Classes..TClassFinder
 0001:00017294       Classes..TCollection
 0001:000171DC       Classes..TCollectionItem
 0001:00017E10       Classes..TComponent
 0001:00017784       Classes..TCustomMemoryStream
 0001:00017B74       Classes..TFiler
 0001:000176FC       Classes..TFileStream
 0001:00017684       Classes..THandleStream
 0001:00018E98       Classes..TIntConst
 0001:00017128       Classes..TInterfacedPersistent
 0001:00016F28       Classes..TList
 0001:00017800       Classes..TMemoryStream
 0001:00017038       Classes..TPersistent
 0001:0001C820       Classes..TPropFixup
 0001:0001C898       Classes..TPropIntfFixup
 0001:00017BD8       Classes..TReader
 0001:00018174       Classes..TRegGroup
 0001:000181CC       Classes..TRegGroups
 0001:00017904       Classes..TResourceStream
 0001:000175F0       Classes..TStream
 0001:00017A90       Classes..TStreamAdapter
 0001:000174D8       Classes..TStringList
 0001:000173A0       Classes..TStrings
 0001:0001787C       Classes..TStringStream
 0001:00017CC0       Classes..TThread
 0001:00016F8C       Classes..TThreadList
 0001:00018E3C       Classes.ActivateClassGroup
 0003:000011D8       Classes.AddDataModule
 0001:0001CAF8       Classes.AddFinished
 0001:0001CB30       Classes.AddNotFinished
 0001:0001D6A4       Classes.AddSubComponentsToLoaded
 0001:0001FBC0       Classes.AddThread
 0001:00021538       Classes.AllocateHWnd
 0003:000011E8       Classes.ApplicationHandleException
 0003:000011F0       Classes.ApplicationShowException
 0001:00019194       Classes.BeginGlobalLoading
 0003:00001210       Classes.BlockCode
 0001:00018138       Classes.Bounds
 0001:00021474       Classes.CalcJmpOffset
 0001:0001D6E0       Classes.CheckSubComponents
 0001:0001FBD8       Classes.CheckSynchronize
 0002:0000021C       Classes.Classes
 0001:00018C00       Classes.ClassNotFound
 0001:0001D7C0       Classes.ComponentCreated
 0001:0001D840       Classes.CreateComponent
 0001:000215EC       Classes.DeallocateHWnd
 0001:0001FB74       Classes.DoneThreadSynchronization
 0001:0001A79C       Classes.DoWrite
 0001:0001921C       Classes.EndGlobalLoading
 0001:000187A0       Classes.Error
 0001:0001C658       Classes.Error
 0003:00001200       Classes.FilerSignature
 0001:00021614       Classes.Finalization
 0001:00018CC0       Classes.FindClass
 0001:0001D9F0       Classes.FindExistingComponent
 0001:000190AC       Classes.FindGlobalComponent
 0004:00008310       Classes.FindGlobalComponentProcs
 0001:00018F54       Classes.FindIdentToInt
 0001:0001CA2C       Classes.FindNestedComponent
 0001:0001E994       Classes.FindUniqueName
 0001:000213E0       Classes.FreeIntConstList
 0001:00021514       Classes.FreeObjectInstance
 0001:00018C6C       Classes.GetClass
 0001:00019DBC       Classes.GetDesigner
 0001:00018BF4       Classes.GetFieldClassTable
 0004:00008314       Classes.GlobalFixupList
 0001:0001CB78       Classes.GlobalFixupReferences
 0005:0000000C       Classes.GlobalLists
 0005:00000008       Classes.GlobalLoaded
 0004:000082F8       Classes.GlobalNameSpace
 0001:00018DE8       Classes.GroupDescendentsWith
 0001:0001E164       Classes.HandleException
 0001:00018FD0       Classes.IdentToInt
 0001:00019278       Classes.InitComponent
 0001:00019320       Classes.InitInheritedComponent
 0001:0001FB40       Classes.InitThreadSynchronization
 0004:00008334       Classes.InstBlockList
 0004:00008338       Classes.InstFreeList
 0004:00008308       Classes.IntConstList
 0001:00019110       Classes.InternalReadComponentRes
 0001:00019010       Classes.IntToIdent
 0001:00018160       Classes.InvalidPoint
 0001:000190EC       Classes.IsUniqueGlobalComponentName
 0004:000082FC       Classes.IsUniqueGlobalComponentNameProc
 0001:0002147C       Classes.MakeObjectInstance
 0001:000199E0       Classes.Min
 0001:0002144C       Classes.ModuleUnload
 0003:00001204       Classes.NilMethod
 0001:00019E5C       Classes.NotifyDesigner
 0001:000191EC       Classes.NotifyGlobalLoading
 0001:000180E8       Classes.Point
 0001:0001852C       Classes.PointerInModule
 0001:0001CE98       Classes.PropertyNotFound
 0001:0001E264       Classes.PropPathError
 0001:0001CE8C       Classes.PropValueError
 0001:0001BD10       Classes.RaiseException
 0001:0001F548       Classes.ReadCustomVariant
 0001:0001CE74       Classes.ReadError
 0001:0001D7E0       Classes.Recover
 0001:00018110       Classes.Rect
 0004:0000830C       Classes.RegGroups
 0001:00018CE0       Classes.RegisterClass
 0001:00019054       Classes.RegisterFindGlobalComponentProc
 0001:00018F28       Classes.RegisterIntegerConsts
 0003:000011E0       Classes.RemoveDataModule
 0001:0001CD44       Classes.RemoveFixupReferences
 0001:0001CDF0       Classes.RemoveFixups
 0001:0001D188       Classes.RemoveGlobalFixup
 0001:0001FBCC       Classes.RemoveThread
 0001:0001FB8C       Classes.ResetSyncEvent
 0001:000194B0       Classes.ReturnAddr
 0001:0001A8FC       Classes.ReturnAddr
 0001:0001D950       Classes.SetCompName
 0001:0001CEC4       Classes.SetElementValue
 0001:0001E5BC       Classes.SetInterfaceReference
 0001:0001E4D8       Classes.SetIntIdent
 0001:0001E520       Classes.SetObjectIdent
 0001:0001D758       Classes.SetSubComponentState
 0001:0001E560       Classes.SetVariantReference
 0001:0001FBB4       Classes.SignalSyncEvent
 0001:0001F068       Classes.SkipBinary
 0001:0001F098       Classes.SkipCollection
 0001:0001F040       Classes.SkipList
 0001:00018100       Classes.SmallPoint
 0001:00018D9C       Classes.StartClassGroup
 0001:00021454       Classes.StdWndProc
 0001:0001BB38       Classes.StringListCompareStrings
 0004:00008300       Classes.SyncEvent
 0003:0000120C       Classes.SyncList
 0001:00020E4C       Classes.TBasicAction.Change
 0001:00020CE0       Classes.TBasicAction.Create
 0001:00020D24       Classes.TBasicAction.Destroy
 0001:00020DB8       Classes.TBasicAction.Execute
 0001:00020D88       Classes.TBasicAction.ExecuteTarget
 0001:00020D84       Classes.TBasicAction.HandlesTarget
 0001:00020D8C       Classes.TBasicAction.Notification
 0001:00020E60       Classes.TBasicAction.RegisterChanges
 0001:00020EAC       Classes.TBasicAction.SetActionComponent
 0001:00020DF0       Classes.TBasicAction.SetOnExecute
 0001:00020E6C       Classes.TBasicAction.UnRegisterChanges
 0001:00020DD4       Classes.TBasicAction.Update
 0001:00020DB4       Classes.TBasicAction.UpdateTarget
 0001:00020C30       Classes.TBasicActionLink.AssignClient
 0001:00020C68       Classes.TBasicActionLink.Change
 0001:00020BEC       Classes.TBasicActionLink.Create
 0001:00020C34       Classes.TBasicActionLink.Destroy
 0001:00020C80       Classes.TBasicActionLink.Execute
 0001:00020CC8       Classes.TBasicActionLink.IsOnExecuteLinked
 0001:00020C9C       Classes.TBasicActionLink.SetAction
 0001:00020CCC       Classes.TBasicActionLink.SetOnExecute
 0001:00020CD4       Classes.TBasicActionLink.Update
 0001:00019998       Classes.TBits.Destroy
 0001:000199C8       Classes.TBits.Error
 0001:00019ABC       Classes.TBits.OpenBit
 0001:00019A90       Classes.TBits.SetBit
 0001:000199EC       Classes.TBits.SetSize
 0001:00018A10       Classes.TClassFinder.Create
 0001:00018B3C       Classes.TClassFinder.Destroy
 0001:00018B6C       Classes.TClassFinder.GetClass
 0001:0001A13C       Classes.TCollection.Add
 0001:0001A570       Classes.TCollection.Added
 0001:0001A15C       Classes.TCollection.Assign
 0001:0001A1F4       Classes.TCollection.BeginUpdate
 0001:0001A1F8       Classes.TCollection.Changed
 0001:0001A208       Classes.TCollection.Clear
 0001:0001A0A4       Classes.TCollection.Create
 0001:0001A574       Classes.TCollection.Deleting
 0001:0001A0F0       Classes.TCollection.Destroy
 0001:0001A270       Classes.TCollection.EndUpdate
 0001:0001A280       Classes.TCollection.GetAttr
 0001:0001A27C       Classes.TCollection.GetAttrCount
 0001:0001A2AC       Classes.TCollection.GetCount
 0001:0001A2B4       Classes.TCollection.GetItem
 0001:0001A28C       Classes.TCollection.GetItemAttr
 0001:0001A2C8       Classes.TCollection.GetNamePath
 0001:0001A390       Classes.TCollection.GetPropName
 0001:0001A4AC       Classes.TCollection.InsertItem
 0001:0001A578       Classes.TCollection.Notify
 0001:0001A514       Classes.TCollection.RemoveItem
 0001:0001A568       Classes.TCollection.SetItemName
 0001:0001A56C       Classes.TCollection.Update
 0001:00019F28       Classes.TCollectionItem.Changed
 0001:00019EC0       Classes.TCollectionItem.Create
 0001:00019EF8       Classes.TCollectionItem.Destroy
 0001:00019F64       Classes.TCollectionItem.GetDisplayName
 0001:00019F4C       Classes.TCollectionItem.GetIndex
 0001:00019F8C       Classes.TCollectionItem.GetNamePath
 0001:0001A040       Classes.TCollectionItem.GetOwner
 0001:0001A044       Classes.TCollectionItem.SetCollection
 0001:0001A06C       Classes.TCollectionItem.SetDisplayName
 0001:0001A074       Classes.TCollectionItem.SetIndex
 0001:00020484       Classes.TComponent.BeforeDestruction
 0001:000209BC       Classes.TComponent.ChangeName
 0001:000203BC       Classes.TComponent.Create
 0001:0002074C       Classes.TComponent.DefineProperties
 0001:00020408       Classes.TComponent.Destroy
 0001:00020614       Classes.TComponent.DestroyComponents
 0001:00020670       Classes.TComponent.Destroying
 0001:00020AF8       Classes.TComponent.ExecuteAction
 0001:000208DC       Classes.TComponent.FindComponent
 0001:00020490       Classes.TComponent.FreeNotification
 0001:000207E0       Classes.TComponent.GetChildOwner
 0001:000207E4       Classes.TComponent.GetChildParent
 0001:000207D8       Classes.TComponent.GetChildren
 0001:000209D0       Classes.TComponent.GetComponent
 0001:000209FC       Classes.TComponent.GetComponentCount
 0001:000207E8       Classes.TComponent.GetNamePath
 0001:000207FC       Classes.TComponent.GetOwner
 0001:00020804       Classes.TComponent.GetParentComponent
 0001:000207D4       Classes.TComponent.HasParent
 0001:00020524       Classes.TComponent.Insert
 0001:00020578       Classes.TComponent.InsertComponent
 0001:00020BE8       Classes.TComponent.IntfGetComponent
 0001:00020824       Classes.TComponent.Loaded
 0001:000206EC       Classes.TComponent.Notification
 0001:00020830       Classes.TComponent.PaletteCreated
 0001:00020B68       Classes.TComponent.QueryInterface
 0001:000204E4       Classes.TComponent.ReadLeft
 0001:00020834       Classes.TComponent.ReadState
 0001:000204F8       Classes.TComponent.ReadTop
 0001:00020550       Classes.TComponent.Remove
 0001:000205DC       Classes.TComponent.RemoveComponent
 0001:000206D0       Classes.TComponent.RemoveFreeNotification
 0001:000206AC       Classes.TComponent.RemoveNotification
 0001:00020B48       Classes.TComponent.SafeCallException
 0001:00020800       Classes.TComponent.SetChildOrder
 0001:00020A0C       Classes.TComponent.SetComponentIndex
 0001:00020A60       Classes.TComponent.SetDesigning
 0001:0002092C       Classes.TComponent.SetName
 0001:00020808       Classes.TComponent.SetParentComponent
 0001:00020AB0       Classes.TComponent.SetReference
 0001:00020B20       Classes.TComponent.UpdateAction
 0001:00020818       Classes.TComponent.Updated
 0001:00020B60       Classes.TComponent.UpdateRegistry
 0001:0002080C       Classes.TComponent.Updating
 0001:000208C4       Classes.TComponent.ValidateContainer
 0001:000208D8       Classes.TComponent.ValidateInsert
 0001:00020844       Classes.TComponent.ValidateRename
 0001:0002050C       Classes.TComponent.WriteLeft
 0001:0002083C       Classes.TComponent.WriteState
 0001:00020518       Classes.TComponent.WriteTop
 0001:00020BA8       Classes.TComponent._AddRef
 0001:00020BC8       Classes.TComponent._Release
 0001:0001C2CC       Classes.TCustomMemoryStream.Read
 0001:0001C304       Classes.TCustomMemoryStream.Seek
 0001:0001C2C4       Classes.TCustomMemoryStream.SetPointer
 0001:0001C7AC       Classes.TFiler.Create
 0001:0001C7F4       Classes.TFiler.Destroy
 0001:0001C81C       Classes.TFiler.SetRoot
 0001:0001C11C       Classes.TFileStream.Create
 0001:0001C0D8       Classes.TFileStream.Create
 0001:0001C290       Classes.TFileStream.Destroy
 0001:0001C014       Classes.THandleStream.Create
 0001:0001C050       Classes.THandleStream.Read
 0001:0001C070       Classes.THandleStream.Seek
 0001:0001C0B0       Classes.THandleStream.SetSize
 0001:0001C09C       Classes.THandleStream.SetSize
 0001:0001C060       Classes.THandleStream.Write
 0004:00008330       Classes.ThreadCount
 0004:00008318       Classes.ThreadLock
 0001:0001FDB0       Classes.ThreadProc
 0001:00018EF0       Classes.TIntConst.Create
 0001:00019D04       Classes.TInterfacedPersistent.AfterConstruction
 0001:00019D94       Classes.TInterfacedPersistent.QueryInterface
 0001:00019D54       Classes.TInterfacedPersistent._AddRef
 0001:00019D74       Classes.TInterfacedPersistent._Release
 0001:00019408       Classes.TList.Add
 0001:0001943C       Classes.TList.Clear
 0001:00019454       Classes.TList.Delete
 0001:000193E8       Classes.TList.Destroy
 0001:000194B4       Classes.TList.Error
 0001:000194EC       Classes.TList.Error
 0001:00019540       Classes.TList.Expand
 0001:00019558       Classes.TList.First
 0001:00019560       Classes.TList.Get
 0001:00019588       Classes.TList.Grow
 0001:000195BC       Classes.TList.IndexOf
 0001:000195DC       Classes.TList.Insert
 0001:00019648       Classes.TList.Last
 0001:00019654       Classes.TList.Move
 0001:000197CC       Classes.TList.Notify
 0001:000196AC       Classes.TList.Put
 0001:000196FC       Classes.TList.Remove
 0001:0001971C       Classes.TList.SetCapacity
 0001:00019758       Classes.TList.SetCount
 0001:0001C354       Classes.TMemoryStream.Clear
 0001:0001C328       Classes.TMemoryStream.Destroy
 0001:0001C36C       Classes.TMemoryStream.LoadFromStream
 0001:0001C3F8       Classes.TMemoryStream.Realloc
 0001:0001C3A4       Classes.TMemoryStream.SetCapacity
 0001:0001C3CC       Classes.TMemoryStream.SetSize
 0001:0001C478       Classes.TMemoryStream.Write
 0001:00019B60       Classes.TPersistent.Assign
 0001:00019B74       Classes.TPersistent.AssignError
 0001:00019C44       Classes.TPersistent.AssignTo
 0001:00019C4C       Classes.TPersistent.DefineProperties
 0001:00019B34       Classes.TPersistent.Destroy
 0001:00019C50       Classes.TPersistent.GetNamePath
 0001:00019D00       Classes.TPersistent.GetOwner
 0001:0001C8F8       Classes.TPropFixup.Create
 0001:0001C950       Classes.TPropFixup.MakeGlobalReference
 0001:0001C998       Classes.TPropFixup.ResolveReference
 0001:0001C9A8       Classes.TPropIntfFixup.ResolveReference
 0001:0001CF18       Classes.TReader.CheckValue
 0001:0001CF78       Classes.TReader.DefineBinaryProperty
 0001:0001CF3C       Classes.TReader.DefineProperty
 0001:0001CEDC       Classes.TReader.Destroy
 0001:0001D204       Classes.TReader.DoFixupReferences
 0001:0001D060       Classes.TReader.EndOfList
 0001:0001D074       Classes.TReader.Error
 0001:0001F394       Classes.TReader.FindAncestorComponent
 0001:0001F48C       Classes.TReader.FindComponentClass
 0001:0001D120       Classes.TReader.FindMethod
 0001:0001D098       Classes.TReader.FindMethodInstance
 0001:0001D348       Classes.TReader.FlushBuffer
 0001:0001D36C       Classes.TReader.FreeFixups
 0001:0001D3A8       Classes.TReader.GetFieldClass
 0001:0001D440       Classes.TReader.GetPosition
 0001:0001D458       Classes.TReader.NextValue
 0001:0001D468       Classes.TReader.PropertyError
 0001:0001D47C       Classes.TReader.Read
 0001:0001D504       Classes.TReader.ReadBoolean
 0001:0001D4C8       Classes.TReader.ReadBuffer
 0001:0001D518       Classes.TReader.ReadChar
 0001:0001D5D4       Classes.TReader.ReadCollection
 0001:0001DA94       Classes.TReader.ReadComponent
 0001:0001DED4       Classes.TReader.ReadCurrency
 0001:0001DCD4       Classes.TReader.ReadData
 0001:0001DD44       Classes.TReader.ReadDataInner
 0001:0001DF24       Classes.TReader.ReadDate
 0001:0001DE4C       Classes.TReader.ReadDouble
 0001:0001DE14       Classes.TReader.ReadFloat
 0001:0001DF68       Classes.TReader.ReadIdent
 0001:0001E0D0       Classes.TReader.ReadInt64
 0001:0001E064       Classes.TReader.ReadInteger
 0001:0001E114       Classes.TReader.ReadListBegin
 0001:0001E11C       Classes.TReader.ReadListEnd
 0001:0001E124       Classes.TReader.ReadPrefix
 0001:0001E280       Classes.TReader.ReadProperty
 0001:0001E67C       Classes.TReader.ReadPropValue
 0001:0001E9F4       Classes.TReader.ReadRootComponent
 0001:0001ED28       Classes.TReader.ReadSet
 0001:0001EDE4       Classes.TReader.ReadSignature
 0001:0001DE90       Classes.TReader.ReadSingle
 0001:0001EE08       Classes.TReader.ReadStr
 0001:0001EE44       Classes.TReader.ReadString
 0001:0001EFE4       Classes.TReader.ReadValue
 0001:0001F710       Classes.TReader.ReadVariant
 0001:0001D578       Classes.TReader.ReadWideChar
 0001:0001EF00       Classes.TReader.ReadWideString
 0001:0001F44C       Classes.TReader.ReferenceName
 0001:0001F464       Classes.TReader.SetName
 0001:0001F500       Classes.TReader.SkipBytes
 0001:0001F2EC       Classes.TReader.SkipComponent
 0001:0001F2A4       Classes.TReader.SkipProperty
 0001:0001EFF8       Classes.TReader.SkipSetBody
 0001:0001F0F4       Classes.TReader.SkipValue
 0001:00018224       Classes.TRegGroup.AddClass
 0001:00018230       Classes.TRegGroup.BestClass
 0001:00018290       Classes.TRegGroup.BestGroup
 0001:00018300       Classes.TRegGroup.Create
 0001:0001835C       Classes.TRegGroup.Destroy
 0001:0001839C       Classes.TRegGroup.GetClass
 0001:00018404       Classes.TRegGroup.InGroup
 0001:00018448       Classes.TRegGroup.RegisterClass
 0001:00018508       Classes.TRegGroup.Registered
 0001:0001854C       Classes.TRegGroup.UnregisterModuleClasses
 0001:000185F8       Classes.TRegGroups.Activate
 0001:00018644       Classes.TRegGroups.Create
 0001:000186B8       Classes.TRegGroups.Destroy
 0001:00018718       Classes.TRegGroups.FindGroup
 0001:0001875C       Classes.TRegGroups.GetClass
 0001:00018830       Classes.TRegGroups.GroupWith
 0001:000188FC       Classes.TRegGroups.Lock
 0001:00018908       Classes.TRegGroups.RegisterClass
 0001:00018920       Classes.TRegGroups.Registered
 0001:00018964       Classes.TRegGroups.StartGroup
 0001:000189B4       Classes.TRegGroups.Unlock
 0001:000189C0       Classes.TRegGroups.UnregisterModuleClasses
 0001:0001C600       Classes.TResourceStream.Create
 0001:0001C764       Classes.TResourceStream.Destroy
 0001:0001C6F8       Classes.TResourceStream.Initialize
 0001:0001C794       Classes.TResourceStream.Write
 0001:0001BEC0       Classes.TStream.CopyFrom
 0001:0001BC24       Classes.TStream.GetPosition
 0001:0001BC58       Classes.TStream.GetSize
 0001:0001BE50       Classes.TStream.ReadBuffer
 0001:0001BFB4       Classes.TStream.ReadComponent
 0001:0001BD5C       Classes.TStream.Seek
 0001:0001BDE0       Classes.TStream.Seek
 0001:0001BC44       Classes.TStream.SetPosition
 0001:0001BCA4       Classes.TStream.SetSize
 0001:0001BCBC       Classes.TStream.SetSize
 0001:0001BCA8       Classes.TStream.SetSize64
 0001:0001BE88       Classes.TStream.WriteBuffer
 0001:000213C8       Classes.TStreamAdapter.Clone
 0001:0002131C       Classes.TStreamAdapter.Commit
 0001:00021114       Classes.TStreamAdapter.CopyTo
 0001:00020ED8       Classes.TStreamAdapter.Create
 0001:00020F24       Classes.TStreamAdapter.Destroy
 0001:00021334       Classes.TStreamAdapter.LockRegion
 0001:00020F5C       Classes.TStreamAdapter.Read
 0001:00021328       Classes.TStreamAdapter.Revert
 0001:0002102C       Classes.TStreamAdapter.Seek
 0001:000210B0       Classes.TStreamAdapter.SetSize
 0001:0002134C       Classes.TStreamAdapter.Stat
 0001:00021340       Classes.TStreamAdapter.UnlockRegion
 0001:00020FC4       Classes.TStreamAdapter.Write
 0001:0001B5A4       Classes.TStringList.Add
 0001:0001B5B4       Classes.TStringList.AddObject
 0001:0001B618       Classes.TStringList.Changed
 0001:0001B634       Classes.TStringList.Changing
 0001:0001B650       Classes.TStringList.Clear
 0001:0001BBA0       Classes.TStringList.CompareStrings
 0001:0001BB68       Classes.TStringList.CustomSort
 0001:0001B690       Classes.TStringList.Delete
 0001:0001B548       Classes.TStringList.Destroy
 0001:0001B6FC       Classes.TStringList.Exchange
 0001:0001B758       Classes.TStringList.ExchangeItems
 0001:0001B77C       Classes.TStringList.Find
 0001:0001B800       Classes.TStringList.Get
 0001:0001B834       Classes.TStringList.GetCapacity
 0001:0001B838       Classes.TStringList.GetCount
 0001:0001B83C       Classes.TStringList.GetObject
 0001:0001B864       Classes.TStringList.Grow
 0001:0001B898       Classes.TStringList.IndexOf
 0001:0001B8D4       Classes.TStringList.Insert
 0001:0001B938       Classes.TStringList.InsertItem
 0001:0001B8E4       Classes.TStringList.InsertObject
 0001:0001B9B4       Classes.TStringList.Put
 0001:0001BA10       Classes.TStringList.PutObject
 0001:0001BA50       Classes.TStringList.QuickSort
 0001:0001BAE4       Classes.TStringList.SetCapacity
 0001:0001BB00       Classes.TStringList.SetSorted
 0001:0001BB20       Classes.TStringList.SetUpdateState
 0001:0001BB58       Classes.TStringList.Sort
 0001:0001A5CC       Classes.TStrings.Add
 0001:0001A5F0       Classes.TStrings.AddObject
 0001:0001A614       Classes.TStrings.AddStrings
 0001:0001A6CC       Classes.TStrings.Assign
 0001:0001A784       Classes.TStrings.BeginUpdate
 0001:0001B4D0       Classes.TStrings.CompareStrings
 0001:0001A7F4       Classes.TStrings.DefineProperties
 0001:0001A59C       Classes.TStrings.Destroy
 0001:0001A840       Classes.TStrings.EndUpdate
 0001:0001A854       Classes.TStrings.Equals
 0001:0001A900       Classes.TStrings.Error
 0001:0001A938       Classes.TStrings.Error
 0001:0001A990       Classes.TStrings.Exchange
 0001:0001AA7C       Classes.TStrings.GetCapacity
 0001:0001B470       Classes.TStrings.GetLineBreak
 0001:0001B514       Classes.TStrings.GetNameValueSeparator
 0001:0001AA84       Classes.TStrings.GetObject
 0001:0001AA88       Classes.TStrings.GetText
 0001:0001AADC       Classes.TStrings.GetTextStr
 0001:0001AC14       Classes.TStrings.GetValue
 0001:0001ACAC       Classes.TStrings.IndexOf
 0001:0001AD38       Classes.TStrings.IndexOfName
 0001:0001AE0C       Classes.TStrings.IndexOfObject
 0001:0001AE40       Classes.TStrings.InsertObject
 0001:0001AE70       Classes.TStrings.LoadFromFile
 0001:0001AEC4       Classes.TStrings.LoadFromStream
 0001:0001AF70       Classes.TStrings.Move
 0001:0001B020       Classes.TStrings.Put
 0001:0001B050       Classes.TStrings.PutObject
 0001:0001B054       Classes.TStrings.ReadData
 0001:0001B104       Classes.TStrings.SaveToFile
 0001:0001B15C       Classes.TStrings.SaveToStream
 0001:0001B1BC       Classes.TStrings.SetCapacity
 0001:0001B4A4       Classes.TStrings.SetLineBreak
 0001:0001B52C       Classes.TStrings.SetNameValueSeparator
 0001:0001B1C0       Classes.TStrings.SetStringsAdapter
 0001:0001B1F4       Classes.TStrings.SetText
 0001:0001B244       Classes.TStrings.SetTextStr
 0001:0001B3E8       Classes.TStrings.SetUpdateState
 0001:0001B3EC       Classes.TStrings.WriteData
 0001:0001C4C8       Classes.TStringStream.Create
 0001:0001C50C       Classes.TStringStream.Read
 0001:0001C584       Classes.TStringStream.Seek
 0001:0001C5E4       Classes.TStringStream.SetSize
 0001:0001C54C       Classes.TStringStream.Write
 0001:0001FF9C       Classes.TThread.AfterConstruction
 0001:0002003C       Classes.TThread.CallOnTerminate
 0001:0001FFA8       Classes.TThread.CheckThreadError
 0001:00020024       Classes.TThread.CheckThreadError
 0001:0001FE58       Classes.TThread.Create
 0001:0001FF28       Classes.TThread.Destroy
 0001:00020050       Classes.TThread.DoTerminate
 0001:00020064       Classes.TThread.RemoveQueuedEvents
 0001:000202E8       Classes.TThread.Resume
 0001:000202C0       Classes.TThread.Synchronize
 0001:00020124       Classes.TThread.Synchronize
 0001:00020310       Classes.TThread.Terminate
 0001:00020318       Classes.TThread.WaitFor
 0001:000198A0       Classes.TThreadList.Add
 0001:000197D0       Classes.TThreadList.Create
 0001:00019824       Classes.TThreadList.Destroy
 0001:00019928       Classes.TThreadList.LockList
 0001:0001993C       Classes.TThreadList.Remove
 0001:0001998C       Classes.TThreadList.UnlockList
 0001:0001F930       Classes.TWriter.Write
 0001:0001F994       Classes.TWriter.WriteBoolean
 0001:0001F97C       Classes.TWriter.WriteBuffer
 0001:0001F9A8       Classes.TWriter.WriteInteger
 0001:0001FA1C       Classes.TWriter.WriteListBegin
 0001:0001FA24       Classes.TWriter.WriteListEnd
 0001:0001FA2C       Classes.TWriter.WriteMinStr
 0001:0001FAD8       Classes.TWriter.WriteString
 0001:0001FB2C       Classes.TWriter.WriteValue
 0001:00019094       Classes.UnregisterFindGlobalComponentProc
 0001:00018D50       Classes.UnRegisterModuleClasses
 0003:00001214       Classes.UtilWindowClass
 0001:0001FB98       Classes.WaitForSyncEvent
 0003:000011F8       Classes.WakeMainThread
 0004:00008524       Clipbrd..2
 0004:00008522       Clipbrd.CF_COMPONENT
 0004:00008520       Clipbrd.CF_PICTURE
 0002:0000050C       Clipbrd.Clipbrd
 0004:00008528       Clipbrd.FClipboard
 0001:00033644       Clipbrd.Finalization
 0004:00009500       ComCtrls..76
 0001:00093CC8       ComCtrls..TConversion
 0001:00092C2C       ComCtrls..TCustomStatusBar
 0001:00093664       ComCtrls..TProgressBar
 0001:00092E68       ComCtrls..TStatusBar
 0001:00092974       ComCtrls..TStatusPanel
 0001:00092B18       ComCtrls..TStatusPanels
 0002:00000A90       ComCtrls.ComCtrls
 0001:00095214       ComCtrls.Finalization
 0004:00009508       ComCtrls.FRichEditModule
 0003:00004E4C       ComCtrls.GripStyles
 0001:00093D68       ComCtrls.InitCommonControl
 0001:00094D28       ComCtrls.ProgressLimitError
 0003:00004E34       ComCtrls.RTFConversionFormat
 0003:00004E54       ComCtrls.RTLReading
 0004:00009504       ComCtrls.ShellModule
 0001:000951BC       ComCtrls.TConversion.ConvertReadStream
 0001:000951D0       ComCtrls.TConversion.ConvertWriteStream
 0001:00094B90       ComCtrls.TCustomStatusBar.ChangeScale
 0001:000943B0       ComCtrls.TCustomStatusBar.CMBiDiModeChanged
 0001:00094AB0       ComCtrls.TCustomStatusBar.CMColorChanged
 0001:00094AC4       ComCtrls.TCustomStatusBar.CMParentFontChanged
 0001:00094B68       ComCtrls.TCustomStatusBar.CMSysColorChange
 0001:00094B7C       ComCtrls.TCustomStatusBar.CMSysFontChanged
 0001:000948D8       ComCtrls.TCustomStatusBar.CMWinIniChange
 0001:00094900       ComCtrls.TCustomStatusBar.CNDrawItem
 0001:00094018       ComCtrls.TCustomStatusBar.Create
 0001:00094C74       ComCtrls.TCustomStatusBar.CreatePanel
 0001:00094CB0       ComCtrls.TCustomStatusBar.CreatePanels
 0001:0009410C       ComCtrls.TCustomStatusBar.CreateParams
 0001:00094190       ComCtrls.TCustomStatusBar.CreateWnd
 0001:000940D0       ComCtrls.TCustomStatusBar.Destroy
 0001:00094218       ComCtrls.TCustomStatusBar.DoHint
 0001:000942B8       ComCtrls.TCustomStatusBar.DoRightToLeftAlignment
 0001:0009423C       ComCtrls.TCustomStatusBar.DrawPanel
 0001:00094AE8       ComCtrls.TCustomStatusBar.ExecuteAction
 0001:00094428       ComCtrls.TCustomStatusBar.FlipChildren
 0001:00094CC0       ComCtrls.TCustomStatusBar.GetPanelClass
 0001:00094A64       ComCtrls.TCustomStatusBar.IsFontStored
 0001:00094BB8       ComCtrls.TCustomStatusBar.SetBounds
 0001:0009426C       ComCtrls.TCustomStatusBar.SetPanels
 0001:00094BDC       ComCtrls.TCustomStatusBar.SetParent
 0001:0009427C       ComCtrls.TCustomStatusBar.SetSimplePanel
 0001:00094384       ComCtrls.TCustomStatusBar.SetSimpleText
 0001:000945E8       ComCtrls.TCustomStatusBar.SetSizeGrip
 0001:00094A80       ComCtrls.TCustomStatusBar.SetUseSystemFont
 0001:00094600       ComCtrls.TCustomStatusBar.SyncToSystemFont
 0001:00094630       ComCtrls.TCustomStatusBar.UpdatePanel
 0001:000947BC       ComCtrls.TCustomStatusBar.UpdatePanels
 0001:00094320       ComCtrls.TCustomStatusBar.UpdateSimpleText
 0001:00094BE4       ComCtrls.TCustomStatusBar.ValidateSizeGrip
 0001:00094CC8       ComCtrls.TCustomStatusBar.WMEraseBkGnd
 0001:00094A0C       ComCtrls.TCustomStatusBar.WMGetTextLength
 0001:00094A20       ComCtrls.TCustomStatusBar.WMPaint
 0001:00094A40       ComCtrls.TCustomStatusBar.WMSize
 0003:00004E40       ComCtrls.TextConversionFormat
 0001:00094D60       ComCtrls.TProgressBar.Create
 0001:00094DEC       ComCtrls.TProgressBar.CreateParams
 0001:00094E48       ComCtrls.TProgressBar.CreateWnd
 0001:00094ED0       ComCtrls.TProgressBar.DestroyWnd
 0001:00094F24       ComCtrls.TProgressBar.GetMax
 0001:00094EEC       ComCtrls.TProgressBar.GetMin
 0001:00094F5C       ComCtrls.TProgressBar.GetPosition
 0001:000950FC       ComCtrls.TProgressBar.SetMax
 0001:000950F0       ComCtrls.TProgressBar.SetMin
 0001:00095194       ComCtrls.TProgressBar.SetOrientation
 0001:00094FAC       ComCtrls.TProgressBar.SetParams
 0001:0009510C       ComCtrls.TProgressBar.SetPosition
 0001:000951A8       ComCtrls.TProgressBar.SetSmooth
 0001:00095158       ComCtrls.TProgressBar.SetStep
 0001:000951E4       ComCtrls.TStatusBar.GetOnDrawPanel
 0001:000951F8       ComCtrls.TStatusBar.SetOnDrawPanel
 0001:00093DE0       ComCtrls.TStatusPanel.Assign
 0001:00093D94       ComCtrls.TStatusPanel.Create
 0001:00093ED8       ComCtrls.TStatusPanel.GetDisplayName
 0001:00093E54       ComCtrls.TStatusPanel.IsBiDiModeStored
 0001:00093E6C       ComCtrls.TStatusPanel.ParentBiDiModeChanged
 0001:00093EFC       ComCtrls.TStatusPanel.SetAlignment
 0001:00093F0C       ComCtrls.TStatusPanel.SetBevel
 0001:00093E40       ComCtrls.TStatusPanel.SetBiDiMode
 0001:00093E5C       ComCtrls.TStatusPanel.SetParentBiDiMode
 0001:00093F1C       ComCtrls.TStatusPanel.SetStyle
 0001:00093F2C       ComCtrls.TStatusPanel.SetText
 0001:00093F54       ComCtrls.TStatusPanel.SetWidth
 0001:00093EC0       ComCtrls.TStatusPanel.UseRightToLeftAlignment
 0001:00093EA8       ComCtrls.TStatusPanel.UseRightToLeftReading
 0001:00093FC4       ComCtrls.TStatusPanels.Add
 0001:00093F64       ComCtrls.TStatusPanels.Create
 0001:00093FD0       ComCtrls.TStatusPanels.GetItem
 0001:00093FE4       ComCtrls.TStatusPanels.GetOwner
 0001:00093FE8       ComCtrls.TStatusPanels.Update
 0004:00002804       CommCtrl.ComCtl32DLL
 0001:00006BB4       CommCtrl.ImageList_Add
 0001:00006BE4       CommCtrl.ImageList_BeginDrag
 0001:00006B9C       CommCtrl.ImageList_Create
 0001:00006BA4       CommCtrl.ImageList_Destroy
 0001:00006BF4       CommCtrl.ImageList_DragEnter
 0001:00006BFC       CommCtrl.ImageList_DragLeave
 0001:00006C04       CommCtrl.ImageList_DragMove
 0001:00006C0C       CommCtrl.ImageList_DragShowNolock
 0001:00006BCC       CommCtrl.ImageList_Draw
 0001:00006BD4       CommCtrl.ImageList_DrawEx
 0001:00006BEC       CommCtrl.ImageList_EndDrag
 0001:00006BC4       CommCtrl.ImageList_GetBkColor
 0001:00006C24       CommCtrl.ImageList_GetIconSize
 0001:00006BAC       CommCtrl.ImageList_GetImageCount
 0001:00006C14       CommCtrl.ImageList_Read
 0001:00006BDC       CommCtrl.ImageList_Remove
 0001:00006BBC       CommCtrl.ImageList_SetBkColor
 0001:00006C2C       CommCtrl.ImageList_SetIconSize
 0001:00006C1C       CommCtrl.ImageList_Write
 0001:00006B08       CommCtrl.InitComCtl
 0001:00006B00       CommCtrl.InitCommonControls
 0001:00006B68       CommCtrl.InitCommonControlsEx
 0001:00006C3C       CommCtrl.TaskDialogIndirect
 0004:00002808       CommCtrl._InitCommonControlsEx
 0004:0000280C       CommCtrl._TaskDialogIndirect
 0001:00006C34       CommCtrl._TrackMouseEvent
 0001:000216C4       Contnrs..TOrderedList
 0001:0002172C       Contnrs..TStack
 0001:000217A4       Contnrs.TOrderedList.Create
 0001:000217E8       Contnrs.TOrderedList.Destroy
 0001:00021818       Contnrs.TOrderedList.PeekItem
 0001:0002178C       Contnrs.TOrderedList.Pop
 0001:0002182C       Contnrs.TOrderedList.PopItem
 0001:00021794       Contnrs.TOrderedList.Push
 0001:0002184C       Contnrs.TStack.PushItem
 0004:0000858C       Controls..33
 0001:0003B240       Controls..TBaseDragControlObject
 0001:0003C5CC       Controls..TControl
 0001:0003B710       Controls..TControlActionLink
 0001:0003B588       Controls..TControlCanvas
 0001:0003D200       Controls..TCustomControl
 0001:0003B628       Controls..TCustomControlAction
 0001:0003D648       Controls..TDockTree
 0001:0003D4FC       Controls..TDockZone
 0001:0003B304       Controls..TDragControlObject
 0001:0003B390       Controls..TDragControlObjectEx
 0001:0003B420       Controls..TDragDockObject
 0001:0003B4E8       Controls..TDragDockObjectEx
 0001:0003B19C       Controls..TDragObject
 0001:0003D0DC       Controls..TGraphicControl
 0001:0003D36C       Controls..THintWindow
 0001:0003BB60       Controls..TMargins
 0001:0003D6EC       Controls..TMouse
 0001:0003BC78       Controls..TPadding
 0001:0003DC50       Controls..TSiteList
 0001:0003BA14       Controls..TSizeConstraints
 0001:0003CCCC       Controls..TWinControl
 0001:0003CA3C       Controls..TWinControlActionLink
 0001:0003E2C0       Controls.AbsMin
 0004:000085C0       Controls.ActiveDrag
 0001:00044778       Controls.AlignWork
 0003:00001C08       Controls.AnchorAlign
 0003:00001BFC       Controls.AnimateWindowProc
 0003:00001D04       Controls.AnimationStyle
 0001:00041230       Controls.BackgroundClipped
 0001:0004DBD8       Controls.CalcSplitterPos
 0001:0003F364       Controls.CancelDrag
 0004:000085D4       Controls.CanvasList
 0003:00001CC0       Controls.CaptureControl
 0001:0003D740       Controls.ChangeBiDiModeAlignment
 0001:0003EFCC       Controls.CheckUndock
 0001:0004AA60       Controls.ClientToWindow
 0004:00008592       Controls.ControlAtom
 0004:00008598       Controls.ControlAtomString
 0002:00000604       Controls.Controls
 0003:00001C00       Controls.CreationControl
 0003:00001CFC       Controls.Ctl3DStyles
 0003:00001C10       Controls.Cursors
 0001:0003DAE8       Controls.CursorToIdent
 0003:00001C04       Controls.DefaultDockTreeClass
 0001:00045704       Controls.DestroyChildWindow
 0001:000445EC       Controls.DoAlign
 0001:00049434       Controls.DoCalcConstraints
 0004:000085C8       Controls.DockSiteList
 0001:000464E8       Controls.DoControlMsg
 0001:0003E8D4       Controls.DoDragOver
 0001:0004B6E0       Controls.DoFindControlZone
 0001:0004BE08       Controls.DoFindZone
 0001:0004B764       Controls.DoForEach
 0001:0004D3AC       Controls.DoGetNextLimit
 0001:0004E3E4       Controls.DoneControls
 0001:000445A4       Controls.DoPosition
 0001:0004C8BC       Controls.DoPrune
 0001:0004CDD0       Controls.DoSaveZone
 0001:0004D094       Controls.DoSetNewBounds
 0001:000453B0       Controls.DoWriteDesignSize
 0001:000425A4       Controls.DoWriteExplicit
 0001:00042570       Controls.DoWriteIsControl
 0004:000085AC       Controls.DragCapture
 0004:000085A0       Controls.DragControl
 0001:0003F040       Controls.DragDone
 0001:0003E884       Controls.DragFindTarget
 0001:0003E858       Controls.DragFindWindow
 0004:000085C4       Controls.DragImageList
 0001:0003EC98       Controls.DragInit
 0001:0003EE08       Controls.DragInitControl
 0004:000085A8       Controls.DragInternalObject
 0001:0003E7A0       Controls.DragMessage
 0004:000085A4       Controls.DragObject
 0004:000085D0       Controls.DragSave
 0004:000085B8       Controls.DragSaveCursor
 0004:000085B0       Controls.DragStartPos
 0004:000085BC       Controls.DragThreshold
 0001:0003E9B0       Controls.DragTo
 0001:0004C340       Controls.DrawCloseButton
 0001:0004C3D4       Controls.DrawGrabberLine
 0001:0004C45C       Controls.DrawThemedGrabber
 0001:00046994       Controls.DrawThemeEdge
 0003:00001CEC       Controls.EdgeStyles
 0001:0004EA04       Controls.Finalization
 0001:0003D898       Controls.FindControl
 0001:0003F3B0       Controls.FindDragTarget
 0001:0003F37C       Controls.FindVCLWindow
 0001:0003F474       Controls.FreeDeviceContext
 0001:0003F530       Controls.FreeDeviceContexts
 0001:0003DBE4       Controls.GetCaptureControl
 0001:00044414       Controls.GetClientSize
 0001:00045B30       Controls.GetControlAtPos
 0001:0004D48C       Controls.GetDockAlign
 0001:0003E5F0       Controls.GetDockSiteAtPos
 0001:0003E910       Controls.GetDropCtl
 0001:0004B410       Controls.GetLastChildZone
 0001:0003DB4C       Controls.GetLongHint
 0001:0003DB08       Controls.GetShortHint
 0001:0003DCF0       Controls.GetTopParent
 0001:0004D508       Controls.HideZone
 0001:0003DAF8       Controls.IdentToCursor
 0003:00001D2C       Controls.IMM32DLL
 0001:0004E3D0       Controls.Imm32IsIME
 0001:0004E46C       Controls.InitControls
 0001:0004E074       Controls.InitIMM32
 0001:0003D754       Controls.InitWndProc
 0003:00001CCC       Controls.InnerStyles
 0001:00044474       Controls.InsertBefore
 0001:0003E3A4       Controls.IsBeforeTargetWindow
 0001:0003E7F8       Controls.IsDelphiHandle
 0001:0004AE44       Controls.IsOrientationSet
 0001:0003E5AC       Controls.IsSiteChildOfClient
 0001:0003D8F4       Controls.IsVCLControl
 0004:00008580       Controls.IsVCLControlHook
 0001:0003F3FC       Controls.ListAdd
 0001:0003F424       Controls.ListRemove
 0003:00001D18       Controls.MakeLast
 0001:000436AC       Controls.MinVar
 0003:00001D30       Controls.ModeMap
 0004:0000857C       Controls.Mouse
 0001:0003F444       Controls.MoveWindowOrg
 0004:00008588       Controls.NewStyleControls
 0001:0004AE28       Controls.NextVisibleZone
 0001:0003D864       Controls.ObjectFromHWnd
 0003:00001D10       Controls.OrientArray
 0003:00001CDC       Controls.OuterStyles
 0001:0004B238       Controls.ParentNotLast
 0001:0003DB90       Controls.PerformEraseBackground
 0001:0004539C       Controls.PointsEqual
 0004:000085CC       Controls.QualifyingSites
 0001:0004BFA4       Controls.ReadControlName
 0001:0003E744       Controls.RegisterDockSite
 0004:0000859C       Controls.RM_GetObjectInstance
 0001:0003D924       Controls.SendAppMessage
 0001:0003DC0C       Controls.SetCaptureControl
 0001:0004E2F8       Controls.SetImeMode
 0001:0004302C       Controls.SetParentColor
 0003:00001CC4       Controls.ShowFlags
 0001:0004D588       Controls.ShowZone
 0003:00001D24       Controls.SizeCursors
 0001:0003E0C0       Controls.TBaseDragControlObject.Assign
 0001:0003E09C       Controls.TBaseDragControlObject.Create
 0001:0003E0EC       Controls.TBaseDragControlObject.EndDrag
 0001:0003E110       Controls.TBaseDragControlObject.Finished
 0001:000433DC       Controls.TControl.ActionChange
 0001:000437CC       Controls.TControl.AdjustSize
 0001:00043600       Controls.TControl.AssignTo
 0001:00041584       Controls.TControl.BeginAutoDrag
 0001:000415A0       Controls.TControl.BeginDrag
 0001:000410C8       Controls.TControl.BringToFront
 0001:00041FE8       Controls.TControl.CalcCursorPos
 0001:00042150       Controls.TControl.CalcDockSizes
 0001:00041EE8       Controls.TControl.CanAutoSize
 0001:00041EEC       Controls.TControl.CanResize
 0001:00040A40       Controls.TControl.ChangeScale
 0001:00042B60       Controls.TControl.CheckNewSize
 0001:00042954       Controls.TControl.Click
 0001:00043A0C       Controls.TControl.ClientToParent
 0001:000408C8       Controls.TControl.ClientToScreen
 0001:00043134       Controls.TControl.CMBiDiModeChanged
 0001:0004301C       Controls.TControl.CMColorChanged
 0001:00043264       Controls.TControl.CMDesignHitTest
 0001:00042FFC       Controls.TControl.CMEnabledChanged
 0001:0004337C       Controls.TControl.CMFloat
 0001:0004300C       Controls.TControl.CMFontChanged
 0001:00043858       Controls.TControl.CMHintShow
 0001:000431E4       Controls.TControl.CMHitTest
 0001:00043B1C       Controls.TControl.CMMouseActivate
 0001:000431EC       Controls.TControl.CMMouseEnter
 0001:00043228       Controls.TControl.CMMouseLeave
 0001:000430C4       Controls.TControl.CMMouseWheel
 0001:000430A0       Controls.TControl.CMParentBiDiModeChanged
 0001:00043064       Controls.TControl.CMParentColorChanged
 0001:00043190       Controls.TControl.CMParentFontChanged
 0001:00043154       Controls.TControl.CMParentShowHintChanged
 0001:000431C0       Controls.TControl.CMSysFontChanged
 0001:00042FD4       Controls.TControl.CMVisibleChanged
 0001:00041FB8       Controls.TControl.ConstrainedResize
 0001:0003FCA0       Controls.TControl.Create
 0001:0004326C       Controls.TControl.CreateFloatingDockSite
 0001:000429C0       Controls.TControl.DblClick
 0001:00041A28       Controls.TControl.DefaultDockImage
 0001:000424C8       Controls.TControl.DefaultHandler
 0001:000427C4       Controls.TControl.DefineProperties
 0001:00042014       Controls.TControl.DesignWndProc
 0001:0003FD98       Controls.TControl.Destroy
 0001:000434DC       Controls.TControl.DoActionChange
 0001:00041F1C       Controls.TControl.DoCanAutoSize
 0001:00041F88       Controls.TControl.DoCanResize
 0001:00040598       Controls.TControl.Dock
 0001:00041824       Controls.TControl.DockTrackNoTarget
 0001:00042048       Controls.TControl.DoConstrainedResize
 0001:00041ED8       Controls.TControl.DoConstraintsChange
 0001:000439CC       Controls.TControl.DoContextPopup
 0001:000406C8       Controls.TControl.DoDock
 0001:00041B74       Controls.TControl.DoDragMsg
 0001:0004183C       Controls.TControl.DoEndDock
 0001:00041724       Controls.TControl.DoEndDrag
 0001:00043B40       Controls.TControl.DoMarginChange
 0001:00041888       Controls.TControl.DoMouseActivate
 0001:00042A18       Controls.TControl.DoMouseDown
 0001:00042D90       Controls.TControl.DoMouseUp
 0001:000418BC       Controls.TControl.DoMouseWheel
 0001:00041990       Controls.TControl.DoMouseWheelDown
 0001:000419DC       Controls.TControl.DoMouseWheelUp
 0001:00041868       Controls.TControl.DoStartDock
 0001:00041704       Controls.TControl.DoStartDrag
 0001:0004168C       Controls.TControl.DragCanceled
 0001:000416D8       Controls.TControl.DragDrop
 0001:00041690       Controls.TControl.Dragging
 0001:0004169C       Controls.TControl.DragOver
 0001:00041B54       Controls.TControl.DrawDragDockImage
 0001:000437EC       Controls.TControl.DrawTextBiDiModeFlags
 0001:0004382C       Controls.TControl.DrawTextBiDiModeFlagsReadingOnly
 0001:00041B64       Controls.TControl.EraseDragDockImage
 0001:00040EE8       Controls.TControl.FontChanged
 0001:0003FF20       Controls.TControl.GetAction
 0001:00043500       Controls.TControl.GetActionLinkClass
 0001:00043B54       Controls.TControl.GetAlignWithMargins
 0001:00040758       Controls.TControl.GetBoundsRect
 0001:000407F8       Controls.TControl.GetClientHeight
 0001:00040838       Controls.TControl.GetClientOrigin
 0001:0004079C       Controls.TControl.GetClientRect
 0001:000407B4       Controls.TControl.GetClientWidth
 0001:00041534       Controls.TControl.GetControlsAlignment
 0001:00041188       Controls.TControl.GetDeviceContext
 0001:000436E8       Controls.TControl.GetDockEdge
 0001:0003FE60       Controls.TControl.GetDragImages
 0001:0003FE64       Controls.TControl.GetEnabled
 0001:00043798       Controls.TControl.GetFloating
 0001:000437C4       Controls.TControl.GetFloatingDockSiteClass
 0001:00041090       Controls.TControl.GetMouseCapture
 0001:0003FE6C       Controls.TControl.GetPalette
 0001:0003FE78       Controls.TControl.GetParentComponent
 0001:00042B58       Controls.TControl.GetPopupMenu
 0001:00040E38       Controls.TControl.GetText
 0001:00040DB8       Controls.TControl.GetTextBuf
 0001:00040DA8       Controls.TControl.GetTextLen
 0001:00040DC4       Controls.TControl.GetUndockHeight
 0001:00040DD8       Controls.TControl.GetUndockWidth
 0001:0003FE70       Controls.TControl.HasParent
 0001:00043848       Controls.TControl.InitiateAction
 0001:00041348       Controls.TControl.Invalidate
 0001:000412BC       Controls.TControl.InvalidateControl
 0001:0004004C       Controls.TControl.IsAnchorsStored
 0001:00040F5C       Controls.TControl.IsBiDiModeStored
 0001:00043508       Controls.TControl.IsCaptionStored
 0001:00041024       Controls.TControl.IsColorStored
 0001:00043528       Controls.TControl.IsEnabledStored
 0001:00040F3C       Controls.TControl.IsFontStored
 0001:00043568       Controls.TControl.IsHelpContextStored
 0001:00043548       Controls.TControl.IsHintStored
 0001:000435A8       Controls.TControl.IsOnClickStored
 0001:00040F50       Controls.TControl.IsShowHintStored
 0001:00043588       Controls.TControl.IsVisibleStored
 0001:000435C8       Controls.TControl.Loaded
 0001:00041C64       Controls.TControl.ManualDock
 0001:00041E44       Controls.TControl.ManualFloat
 0001:0004135C       Controls.TControl.MouseActivate
 0001:000429E0       Controls.TControl.MouseDown
 0001:00042CAC       Controls.TControl.MouseMove
 0001:00042D58       Controls.TControl.MouseUp
 0001:000413A4       Controls.TControl.MouseWheelHandler
 0001:00040164       Controls.TControl.Notification
 0001:0003FEA4       Controls.TControl.PaletteChanged
 0001:0004211C       Controls.TControl.Perform
 0001:00041750       Controls.TControl.PositionDockRect
 0001:00043C30       Controls.TControl.ReadExplicitHeight
 0001:00043C48       Controls.TControl.ReadExplicitLeft
 0001:00043C18       Controls.TControl.ReadExplicitTop
 0001:00043BF0       Controls.TControl.ReadExplicitWidth
 0001:00042550       Controls.TControl.ReadIsControl
 0001:000400D0       Controls.TControl.ReadState
 0001:00041438       Controls.TControl.Repaint
 0001:000400A0       Controls.TControl.RequestAlign
 0001:000400B0       Controls.TControl.Resize
 0001:000408F4       Controls.TControl.ScaleConstraints
 0001:00040978       Controls.TControl.ScreenToClient
 0001:000409A4       Controls.TControl.SendCancelMode
 0001:000409D4       Controls.TControl.SendDockNotification
[...]
  6069 0001:00008141  6080 0001:00008190  6082 0001:0000819A  6085 0001:000081A6
  6088 0001:000081AE  6091 0001:000081CB  6094 0001:000081E3  6097 0001:000081E7
  6099 0001:000081F1  6100 0001:000081F9  6103 0001:000081FA  6104 0001:0000820A
  6106 0001:0000821D  6109 0001:00008232  6185 0001:0000824C  6186 0001:0000824E
  6188 0001:00008250  6189 0001:00008253  6190 0001:00008256  6191 0001:00008258
  6199 0001:0000825C  6200 0001:0000825E  6202 0001:00008260  6203 0001:00008263
  6204 0001:00008265  6205 0001:00008268  6207 0001:0000826A  6208 0001:0000826D
  6213 0001:00008270  6214 0001:00008274  6217 0001:0000828B  6222 0001:00008290
  6223 0001:00008296  6224 0001:0000829D  6225 0001:000082A0  6226 0001:000082AF
  6231 0001:000082B4  6233 0001:000082BD  6235 0001:000082CD  6236 0001:000082E0
  6238 0001:000082EE  6239 0001:00008301  6240 0001:00008312  6247 0001:00008380
  6248 0001:00008389  6249 0001:00008398  6250 0001:000083A9  6251 0001:000083AC
  6253 0001:000083AD  6254 0001:000083AF  6256 0001:000083B1  6258 0001:000083B6
  6259 0001:000083B9  6260 0001:000083BA  6261 0001:000083BD  6265 0001:000083C0
  6266 0001:000083C3  6269 0001:000083C4  6270 0001:000083C7  6271 0001:000083D5
  6272 0001:000083D6  6273 0001:000083E2  6275 0001:000083E3  6276 0001:000083E4
  6254 0001:000083E5  6278 0001:000083ED  6279 0001:000083F6  6281 0001:000083F8
  6283 0001:000083FD  6284 0001:00008400  6285 0001:00008401  6286 0001:00008404
  6290 0001:00008407  6291 0001:0000840A  6292 0001:0000840B  6293 0001:0000840E
  6296 0001:0000840F  6297 0001:00008412  6298 0001:00008417  6300 0001:0000841C
  6301 0001:0000841E  6303 0001:0000841F  6304 0001:00008420  6279 0001:00008421
  6305 0001:00008429  6311 0001:00008474  6312 0001:00008476  6313 0001:00008478
  6320 0001:0000847C  6322 0001:00008486  6324 0001:0000848B  6329 0001:00008492
  6335 0001:00008497  6337 0001:000084B8  6343 0001:000084C0  6345 0001:000084CD
  6347 0001:000084D2  6351 0001:000084D6  6354 0001:000084E3  6355 0001:000084E6
  6358 0001:000084EB  6359 0001:000084EE  6360 0001:000084EF  6367 0001:00008501
  6369 0001:00008507  6373 0001:0000851C  6374 0001:0000851F  6375 0001:00008520
  6376 0001:00008523  6378 0001:00008524  6379 0001:00008530  6380 0001:00008533
  6381 0001:00008534  6382 0001:00008540  6383 0001:00008543  6385 0001:00008544
  6388 0001:00008547  6348 0001:00008548  6391 0001:00008553  6392 0001:00008555
  6405 0001:00008588  6407 0001:000085AE  6408 0001:000085C5  6409 0001:000085D7
  6410 0001:000085EC  6411 0001:00008601  6412 0001:00008616  6414 0001:00008629
  6416 0001:0000863C  6419 0001:00008646  6424 0001:0000864C  6426 0001:00008651
  6428 0001:00008664  6434 0001:00008671  6435 0001:00008677  6437 0001:0000868C
  6442 0001:000086A1  6445 0001:000086B4  6446 0001:000086B9  6448 0001:000086CE
  6449 0001:000086E1  6451 0001:000086ED  6453 0001:000086F3  6454 0001:000086F8
  6456 0001:0000870D  6457 0001:00008720  6458 0001:0000872C  6459 0001:0000873F
  6462 0001:00008750  6463 0001:0000875B  6465 0001:0000876B  6466 0001:0000877E
  6480 0001:0000878A  6482 0001:0000879D  6483 0001:000087B0  6484 0001:000087BF
  6485 0001:000087C9  6487 0001:000087CE  6504 0001:000087DA  6506 0001:000087E0
  6507 0001:000087F3  6510 0001:000087FF  6511 0001:00008812  6516 0001:00008820
  6518 0001:00008826  6519 0001:00008839  6522 0001:00008845  6523 0001:00008858
  6526 0001:00008864  6528 0001:0000886A  6529 0001:0000887D  6530 0001:00008889
  6531 0001:0000889C  6537 0001:000088AF  6540 0001:000088C2  6543 0001:000088E2
  6546 0001:000088ED  6547 0001:000088F0  6548 0001:000088F1  6549 0001:000088F4
  6551 0001:000088F5  6554 0001:000088F8  6561 0001:0000890D  6562 0001:0000891D
  6564 0001:0000892E  6576 0001:00008D28  6578 0001:00008D46  6579 0001:00008D4A
  6581 0001:00008D63  6582 0001:00008D7A  6584 0001:00008D8F  6586 0001:00008D9C
  6589 0001:00008DA4  6591 0001:00008DAA  6592 0001:00008DBD  6593 0001:00008DC9
  6594 0001:00008DDC  6596 0001:00008DED  6598 0001:00008E00  6599 0001:00008E0F
  6600 0001:00008E18  6602 0001:00008E1A  6604 0001:00008E1E  6608 0001:00008E29
  6609 0001:00008E3F  6610 0001:00008E4C  6611 0001:00008E61  6634 0001:00008E74
  6636 0001:00008E7A  6637 0001:00008E8D  6640 0001:00008E99  6641 0001:00008EAC
  6646 0001:00008EBA  6647 0001:00008EBD  6648 0001:00008EBE  6649 0001:00008EC1
  6650 0001:00008EC2  6654 0001:00008ED5  6657 0001:00008EE0  6658 0001:00008EE3
  6659 0001:00008EE4  6660 0001:00008EE7  6662 0001:00008EE8  6664 0001:00008EEB
  6665 0001:00008F00  6673 0001:000090A4  6674 0001:000090B5  6675 0001:000090BE
  6677 0001:000090C4  6680 0001:000090E5  6685 0001:00009101  6693 0001:00009114
  6697 0001:0000912C  6700 0001:0000913D  6701 0001:0000913F  6703 0001:0000914D
  6704 0001:0000915F  6707 0001:00009163  6708 0001:00009165  6711 0001:0000916C
  6713 0001:00009175  6714 0001:0000917E  6716 0001:00009183  6717 0001:00009188
  6720 0001:00009196  6721 0001:000091A4  6725 0001:000091AE  6729 0001:000091D1
  6731 0001:000091E6  6733 0001:000091EE  6735 0001:000091F5  6737 0001:00009204
  6738 0001:00009209  6740 0001:00009211  6747 0001:00009225  6749 0001:00009228
  6751 0001:00009230  6755 0001:00009235  6760 0001:00009247  6762 0001:00009254
  6767 0001:00009260  6769 0001:00009269  6770 0001:00009276  6774 0001:00009294
  6776 0001:000092A2  6781 0001:000092A6  6783 0001:000092B2  6785 0001:000092B4
  6791 0001:000092B8  6793 0001:000092C1  6794 0001:000092CA  6796 0001:000092CF
  6799 0001:000092D7  6802 0001:000092E8  6803 0001:000092ED  6806 0001:000092FB
  6807 0001:00009302  6810 0001:0000930A  6812 0001:00009311  6814 0001:00009323
  6816 0001:0000932B  6818 0001:00009330  6821 0001:0000933F  6823 0001:00009346
  6826 0001:0000934D  6829 0001:00009364  6834 0001:00009371  6836 0001:00009378
  6844 0001:00009384  6846 0001:00009392  6847 0001:0000939B  6849 0001:000093A0
  6852 0001:000093AD  6855 0001:000093BF  6858 0001:000093C7  6861 0001:000093DA
  6862 0001:000093E5  6865 0001:000093EB  6866 0001:000093F0  6870 0001:000093FE
  6872 0001:00009406  6873 0001:0000940F  6875 0001:00009418  6878 0001:0000942A
  6881 0001:00009437  6882 0001:0000943D  6883 0001:00009442  6885 0001:00009445
  6887 0001:00009451  6891 0001:0000945B  6897 0001:00009462  6898 0001:00009467
  6901 0001:00009475  6909 0001:0000948F  6911 0001:00009498  6914 0001:000094AD
  6917 0001:000094BA  6922 0001:000094C2  6924 0001:000094C7  6928 0001:000094D0
  6929 0001:000094D7  6931 0001:000094E0  6932 0001:000094E4  6933 0001:000094EF
  6938 0001:000094F8  6940 0001:000094FB  6943 0001:00009502  6946 0001:00009507
  6950 0001:0000950E  6958 0001:00009510  6960 0001:00009521  6965 0001:00009530
  6967 0001:00009538  6969 0001:00009546  6972 0001:00009556  6976 0001:00009562
  6981 0001:00009569  6982 0001:0000957D  6985 0001:00009582  6962 0001:0000958B
  6987 0001:00009593  6998 0001:0000959C  7002 0001:000095AB  7003 0001:000095B0
  7005 0001:000095BE  7008 0001:000095C9  7009 0001:000095D2  7011 0001:000095D6
  7013 0001:000095DD  7016 0001:000095E5  7019 0001:000095ED  7023 0001:000095FC
  7025 0001:00009609  7028 0001:00009619  7032 0001:00009624  7038 0001:0000962B
  7039 0001:0000963D  7042 0001:00009642  7009 0001:0000964B  7045 0001:0000964F
  7006 0001:00009652  7048 0001:0000965E  7051 0001:00009666  7053 0001:00009676
  7056 0001:00009688  7060 0001:00009693  7062 0001:00009698  7049 0001:0000969B
  7066 0001:000096B0  7068 0001:000096BD  7091 0001:000096C4  7093 0001:000096C7
  7094 0001:000096D1  7104 0001:000096D4  7105 0001:000096F2  7106 0001:00009710
  7107 0001:0000972E  7108 0001:0000974C  7110 0001:0000976A  7111 0001:00009788
  7112 0001:000097A6  7113 0001:000097C4  7114 0001:000097E2  7116 0001:00009800
  7117 0001:0000981E  7118 0001:0000983C  7119 0001:0000985A  7120 0001:00009878
  7122 0001:00009896  7123 0001:000098B4  7124 0001:000098D2  7125 0001:000098F0
  7126 0001:0000990E  7128 0001:0000992C  7129 0001:0000994A  7130 0001:00009968
  7131 0001:00009986  7132 0001:000099A4  7134 0001:000099C2  7135 0001:000099E0
  7136 0001:000099FE  7137 0001:00009A1C  7138 0001:00009A3A  7140 0001:00009A58
  7141 0001:00009A76  7142 0001:00009A94  7143 0001:00009AB2  7144 0001:00009AD0
  7146 0001:00009AEE  7147 0001:00009B0C  7148 0001:00009B2A  7149 0001:00009B48
  7150 0001:00009B66  7152 0001:00009B84  7153 0001:00009B89  7165 0001:00009B8C
  7167 0001:00009BC1  7169 0001:00009BD9  7171 0001:00009BE1  7173 0001:00009BE9
  7175 0001:00009C00  7178 0001:00009C10  7179 0001:00009C1A  7181 0001:00009C27
  7182 0001:00009C3A  7185 0001:00009C45  7186 0001:00009C58  7188 0001:00009C5E
  7192 0001:00009CBA  7193 0001:00009CCD  7196 0001:00009CD9  7198 0001:00009CE6
  7199 0001:00009CF9  7202 0001:00009D07  7204 0001:00009D0D  7205 0001:00009D20
  7208 0001:00009D2C  7209 0001:00009D3F  7211 0001:00009D4B  7213 0001:00009D51
  7214 0001:00009D64  7215 0001:00009D70  7216 0001:00009D83  7219 0001:00009D94
  7221 0001:00009D9A  7222 0001:00009DAD  7223 0001:00009DB9  7224 0001:00009DCC
  7230 0001:00009DDF  7233 0001:00009DF2  7236 0001:00009E00  7239 0001:00009E0B
  7240 0001:00009E0E  7241 0001:00009E0F  7242 0001:00009E12  7244 0001:00009E13
  7247 0001:00009E16  7254 0001:00009E2B  7255 0001:00009E3B  7258 0001:00009E4C
  7259 0001:00009E5C  7309 0001:0000A0C4  7311 0001:0000A0CD  7313 0001:0000A0D2
  7314 0001:0000A0D7  7317 0001:0000A0DF  7319 0001:0000A0E7  7320 0001:0000A0E9
  7325 0001:0000A0EE  7338 0001:0000A125  7340 0001:0000A133  7342 0001:0000A139
  7345 0001:0000A13F  7346 0001:0000A145  7347 0001:0000A14C  7348 0001:0000A151
  7350 0001:0000A15B  7352 0001:0000A163  7353 0001:0000A16E  7355 0001:0000A176
  7357 0001:0000A17B  7360 0001:0000A180  7361 0001:0000A187  7314 0001:0000A189
  7365 0001:0000A191  7368 0001:0000A197  7369 0001:0000A19F  7371 0001:0000A1A3
  7375 0001:0000A1B1  7377 0001:0000A1BF  7378 0001:0000A1CC  7387 0001:0000A1D3
  7389 0001:0000A1E0  7390 0001:0000A1E2  7392 0001:0000A1E6  7393 0001:0000A1EC
  7394 0001:0000A1F0  7395 0001:0000A1F2  7399 0001:0000A1F7  7400 0001:0000A1FF
  7401 0001:0000A203  7402 0001:0000A205  7404 0001:0000A20A  7406 0001:0000A20F
  7410 0001:0000A21C  7413 0001:0000A21F  7419 0001:0000A22B  7420 0001:0000A232
  7422 0001:0000A244  7416 0001:0000A24B  7427 0001:0000A25D  7428 0001:0000A266
  7430 0001:0000A27E  7431 0001:0000A288  7438 0001:0000A28C  7443 0001:0000A292
  7445 0001:0000A29A  7449 0001:0000A29F  7450 0001:0000A2A4  7452 0001:0000A2AB
  7454 0001:0000A2D0  7455 0001:0000A2D7  7529 0001:0000A2DC  7534 0001:0000A2E2
  7536 0001:0000A2EA  7540 0001:0000A2EF  7541 0001:0000A2F4  7543 0001:0000A2FB
  7545 0001:0000A320  7546 0001:0000A327  7637 0001:0000A32C  7639 0001:0000A32E
  7641 0001:0000A338  7642 0001:0000A33A  7655 0001:0000A33D  7661 0001:0000A342
  7663 0001:0000A345  7665 0001:0000A34E  7667 0001:0000A356  7668 0001:0000A358
  7672 0001:0000A35B  7675 0001:0000A35E  7676 0001:0000A363  7678 0001:0000A369
  7680 0001:0000A36E  7681 0001:0000A370  7683 0001:0000A373  7676 0001:0000A374
  7686 0001:0000A377  7687 0001:0000A37C  7689 0001:0000A380  7694 0001:0000A384
  7695 0001:0000A389  7697 0001:0000A38F  7699 0001:0000A395  7700 0001:0000A397
  7702 0001:0000A39A  7695 0001:0000A39D  7705 0001:0000A3A0  7706 0001:0000A3A6
  7708 0001:0000A3AA  7710 0001:0000A3AC  7762 0001:0000A3B0  7764 0001:0000A3BD
  7765 0001:0000A3BF  7768 0001:0000A3C8  7769 0001:0000A3CB  7773 0001:0000A3D0
  7774 0001:0000A3D5  7775 0001:0000A3DC  7777 0001:0000A3F2  7778 0001:0000A3F4
  7781 0001:0000A3F6  7783 0001:0000A3FB  7799 0001:0000A406  7800 0001:0000A409
  7802 0001:0000A41F  7803 0001:0000A421  7806 0001:0000A423  7807 0001:0000A428
  7808 0001:0000A43E  7810 0001:0000A440  7825 0001:0000A44C  7827 0001:0000A457
  7829 0001:0000A463  7832 0001:0000A46A  7833 0001:0000A475  7835 0001:0000A485
  7840 0001:0000A497  7843 0001:0000A4A3  7850 0001:0000A4B5  7853 0001:0000A4C3
  7855 0001:0000A4C9  7858 0001:0000A4D3  7860 0001:0000A4F4  7867 0001:0000A4FE
  7870 0001:0000A509  7872 0001:0000A50B  7874 0001:0000A516  7907 0001:0000A51C
  7908 0001:0000A53A  7909 0001:0000A541  7917 0001:0000A548  7920 0001:0000A54D
  7929 0001:0000A561  7918 0001:0000A562  7931 0001:0000A56A  7932 0001:0000A572
  7934 0001:0000A57D  7937 0001:0000A57F  7945 0001:0000A588  7949 0001:0000A598
  7837 0001:0000A5A1  7951 0001:0000A5AD  7954 0001:0000A5B4  7957 0001:0000A5D9
  7958 0001:0000A5EB  7960 0001:0000A5FD  7962 0001:0000A605  7965 0001:0000A60C
  7968 0001:0000A617  7969 0001:0000A620  7971 0001:0000A628  7973 0001:0000A62F
  7976 0001:0000A63B  7978 0001:0000A648  7981 0001:0000A650  7985 0001:0000A65E
  7991 0001:0000A67F  7993 0001:0000A68B  7996 0001:0000A695  7998 0001:0000A6A8
  8001 0001:0000A6C6  8003 0001:0000A6CF  8006 0001:0000A6D8  8010 0001:0000A6E1
  8011 0001:0000A6F4  8022 0001:0000A6FC  8026 0001:0000A70A  7969 0001:0000A713
  8029 0001:0000A71B  7966 0001:0000A71E  8032 0001:0000A72A  8035 0001:0000A737
  8038 0001:0000A742  8044 0001:0000A762  8046 0001:0000A76E  8049 0001:0000A774
  8051 0001:0000A786  8054 0001:0000A7A4  8056 0001:0000A7AD  8059 0001:0000A7B9
  8063 0001:0000A7C2  8064 0001:0000A7CF  8068 0001:0000A7D5  8036 0001:0000A7D8
  8071 0001:0000A7E4  8074 0001:0000A7F1  8075 0001:0000A7F8  8077 0001:0000A800
  8079 0001:0000A815  8081 0001:0000A835  8083 0001:0000A847  8084 0001:0000A851
  8085 0001:0000A85A  8087 0001:0000A862  8089 0001:0000A869  8093 0001:0000A876
  8096 0001:0000A884  8099 0001:0000A88D  8101 0001:0000A896  8102 0001:0000A8A6
  8105 0001:0000A8AD  8107 0001:0000A8B6  8108 0001:0000A8B9  8109 0001:0000A8BA
  8110 0001:0000A8BD  8111 0001:0000A8BE  8112 0001:0000A8CB  8113 0001:0000A8CE
  8114 0001:0000A8CF  8115 0001:0000A8D2  8116 0001:0000A8D3  8117 0001:0000A8D6
  8118 0001:0000A8D7  8119 0001:0000A8E4  8120 0001:0000A8F4  8124 0001:0000A8FD
  8125 0001:0000A900  8126 0001:0000A901  8127 0001:0000A904  8130 0001:0000A905
  8134 0001:0000A913  8139 0001:0000A925  8144 0001:0000A937  8163 0001:0000A949
  8170 0001:0000A952  8171 0001:0000A955  8172 0001:0000A956  8173 0001:0000A959
  8174 0001:0000A95A  8175 0001:0000A95D  8176 0001:0000A95E  8178 0001:0000A966
  8089 0001:0000A96A  8179 0001:0000A973  8180 0001:0000A97F  8079 0001:0000A990
  8182 0001:0000A99C  8185 0001:0000A9A5  8187 0001:0000A9AE  8188 0001:0000A9B1
  8189 0001:0000A9B2  8190 0001:0000A9B5  8191 0001:0000A9B6  8192 0001:0000A9B9
  8193 0001:0000A9BA  8194 0001:0000A9BD  8197 0001:0000A9BE  8199 0001:0000A9CE
  8201 0001:0000A9E2  8203 0001:0000A9E6  8204 0001:0000A9E9  8205 0001:0000A9EA
  8206 0001:0000A9ED  8208 0001:0000A9EE  8211 0001:0000A9F6  8213 0001:0000AA00
  8199 0001:0000AA04  8217 0001:0000AA07  8219 0001:0000AA17  8229 0001:0000AA2E
  8230 0001:0000AA3E  8235 0001:0000AA4F  8539 0001:0000AC28  8541 0001:0000AC33
  8545 0001:0000AC38  8547 0001:0000AC3B  8549 0001:0000AC48  8542 0001:0000AC4A
  8552 0001:0000AC4E  8554 0001:0000AC58  8555 0001:0000AC5D  8556 0001:0000AC62
  8557 0001:0000AC69  8558 0001:0000AC6E  8552 0001:0000AC71  8560 0001:0000AC74
  8561 0001:0000AC76  8563 0001:0000AC79  8565 0001:0000AC83  8566 0001:0000AC85
  8567 0001:0000AC87  8568 0001:0000AC8A  8563 0001:0000AC8D  8570 0001:0000AC90
  8574 0001:0000AC98  8576 0001:0000AC9B  8578 0001:0000ACA8  8571 0001:0000ACAA
  8581 0001:0000ACB2  8582 0001:0000ACBC  8583 0001:0000ACC6  8594 0001:0000ACCC
  8596 0001:0000ACD6  8608 0001:0000ACD8  8614 0001:0000ACE1  8615 0001:0000ACF1
  8617 0001:0000AD01  8621 0001:0000AD03  8631 0001:0000AD0C  8632 0001:0000AD1C
  8635 0001:0000AD2C  8638 0001:0000AD2E  8645 0001:0000AD42  8646 0001:0000AD52
  8648 0001:0000AD62  8652 0001:0000AD64  8653 0001:0000AD66  8661 0001:0000B100
  8681 0001:0000B106  8682 0001:0000B108  8689 0001:0000B10F  8691 0001:0000B114
  8699 0001:0000B11A  8700 0001:0000B120  8702 0001:0000B126  8703 0001:0000B142
  8702 0001:0000B14B  8706 0001:0000B14E  8707 0001:0000B153  8709 0001:0000B15A
  8713 0001:0000B179  8714 0001:0000B180  8716 0001:0000B185  8719 0001:0000B192
  8720 0001:0000B197  8722 0001:0000B19C  8724 0001:0000B1A7  8726 0001:0000B1B2
  8730 0001:0000B1D7  8731 0001:0000B1DF  8732 0001:0000B1E4  8733 0001:0000B1EC
  8735 0001:0000B1F1  8738 0001:0000B1FF  8742 0001:0000B21C  8746 0001:0000B237
  8753 0001:0000B23E  8754 0001:0000B242  8682 0001:0000B246  8770 0001:0000B24F
  8771 0001:0000B259  8773 0001:0000B263  8775 0001:0000B26D  8776 0001:0000B26F
  8777 0001:0000B271  8778 0001:0000B274  8773 0001:0000B277  8780 0001:0000B27A
  8781 0001:0000B284  8786 0001:0000B28E  8788 0001:0000B2A8  8790 0001:0000B2B4
  8792 0001:0000B2B6  8797 0001:0000B2D5  8790 0001:0000B2D6  8799 0001:0000B2DE
  8801 0001:0000B2E3  8811 0001:0000B2E8  8812 0001:0000B2EB  8816 0001:0000B2F4
  8882 0001:0000B30F  8883 0001:0000B319  8884 0001:0000B323  8890 0001:0000B32D
  8893 0001:0000B337  8894 0001:0000B341  8901 0001:0000B34B  8966 0001:0000B352
  8968 0001:0000B35C  8970 0001:0000B366  8978 0001:0000B36D  8981 0001:0000B370
  8983 0001:0000B373  9008 0001:0000B37C  9010 0001:0000B385  9011 0001:0000B397
  9020 0001:0000B39E  9023 0001:0000B3A8  9030 0001:0000B3AF  9033 0001:0000B3B4
  9035 0001:0000B3B7  9039 0001:0000B3C0  9042 0001:0000B3C5  9045 0001:0000B3CE
  9087 0001:0000B3DE  9089 0001:0000B3E7  9090 0001:0000B3F9  9097 0001:0000B400
  9101 0001:0000B405  9126 0001:0000B408  9129 0001:0000B426

Line numbers for FastMM4(..\Sourse\FastMM4.pas) segment .itext

  9103 0002:000000AC  9110 0002:000000B8  9114 0002:000000BD  9119 0002:000000C6
  9124 0002:000000CB

Line numbers for uFileFunction(..\Sourse\uFileFunction.pas) segment .text

    16 0001:0009528C    17 0001:000952B8    18 0001:000952BA    19 0001:000952D2
    20 0001:000952DD    25 0001:0009530C    26 0001:00095335    27 0001:00095338
    28 0001:00095357    29 0001:00095362    53 0001:000953A0    54 0001:000953D2
    55 0001:000953D9    56 0001:000953EF    57 0001:000953F7    58 0001:00095401
    59 0001:0009540F    60 0001:0009541C    61 0001:00095432    66 0001:000954BE
    68 0001:000954D1    69 0001:00095542

Line numbers for uUPLoader(uUPLoader.pas) segment .text

    50 0001:000AB754    51 0001:000AB75B    52 0001:000AB76C    55 0001:000AB770
    56 0001:000AB773    57 0001:000AB77D    58 0001:000AB788    64 0001:000AB78C
    65 0001:000AB790    66 0001:000AB796    67 0001:000AB7A1    68 0001:000AB7AF
    69 0001:000AB7B8    70 0001:000AB7C5    71 0001:000AB7CF    72 0001:000AB7E5
    73 0001:000AB7F9    71 0001:000AB815    74 0001:000AB818    76 0001:000AB81F
    79 0001:000AB824    80 0001:000AB837    81 0001:000AB84C    86 0001:000AB86C
    87 0001:000AB876    89 0001:000AB88C    90 0001:000AB893    91 0001:000AB8AA
    92 0001:000AB8BA    93 0001:000AB8CA    96 0001:000AB8E3   100 0001:000AB8EF
   101 0001:000AB8F8   102 0001:000AB905   105 0001:000AB925   111 0001:000AB97C
   112 0001:000AB999   113 0001:000AB99F   114 0001:000AB9D1   116 0001:000ABA17
   120 0001:000ABA5C   122 0001:000ABA5F   124 0001:000ABA6D   128 0001:000ABA74
   129 0001:000ABA81   136 0001:000ABA84   137 0001:000ABAA9   138 0001:000ABAB6
   139 0001:000ABAFB   140 0001:000ABB15   141 0001:000ABB34   142 0001:000ABB43
   144 0001:000ABB4A   147 0001:000ABB8C   148 0001:000ABB96   150 0001:000ABB98
   151 0001:000ABBA3   152 0001:000ABBAC   153 0001:000ABBB5   154 0001:000ABBC2
   155 0001:000ABBD5   156 0001:000ABBEA   158 0001:000ABC02   160 0001:000ABCEE

Line numbers for UPLoader(D:\MyProjects\DBMeneger\UPLoader\UPLoader.dpr) segment .itext

    12 0002:00000DF4    13 0002:00000E04    14 0002:00000E10    15 0002:00000E1E
    16 0002:00000E36    17 0002:00000E42

Bound resource files

d:\isoft\codegear\lib\Controls.res
d:\isoft\codegear\lib\Buttons.res
d:\isoft\codegear\lib\ExtDlgs.res
uUPLoader.dfm
UPLoader.res
UPLoader.drf


Program entry point at 0002:00000DF4
